Component: ARM Compiler 5.05 update 2 (build 169) Tool: armlink [4d0f33]

==============================================================================

Section Cross References

    main.o(.text) refers to stm32f4xx_hal_rcc.o(.text) for HAL_RCC_OscConfig
    main.o(.text) refers to rt_cmsis.o(i.osKernelInitialize) for osKernelInitialize
    main.o(.text) refers to stm32f4xx_hal.o(.text) for HAL_Init
    main.o(.text) refers to gpio.o(.text) for enableClockGPIO
    main.o(.text) refers to threads.o(.text) for startTempThread
    main.o(.text) refers to printfb.o(i.__0printf$bare) for __2printf
    main.o(.text) refers to rt_cmsis.o(i.osKernelStart) for osKernelStart
    main.o(.text) refers to rt_time.o(.data) for os_time
    main.o(.text) refers to main.o(.data) for readingADC
    main.o(.text) refers to main.o(.bss) for handleSPI
    supporting_functions.o(.text) refers to printfb.o(i.__0printf$bare) for __2printf
    adc.o(.text) refers to stm32f4xx_hal_dma.o(.text) for HAL_DMA_Init
    adc.o(.text) refers to stm32f4xx_hal_cortex.o(.text) for HAL_NVIC_SetPriority
    adc.o(.text) refers to stm32f4xx_hal_adc.o(.text) for HAL_ADC_MspInit
    gpio.o(.text) refers to stm32f4xx_hal_gpio.o(.text) for HAL_GPIO_Init
    gpio.o(.text) refers to stm32f4xx_hal_tim.o(.text) for HAL_TIM_Base_Init
    gpio.o(.text) refers to gpio.o(.constdata) for segments
    gpio.o(.text) refers to memseta.o(.text) for __aeabi_memclr4
    gpio.o(.text) refers to dflti.o(.text) for __aeabi_i2d
    gpio.o(.text) refers to pow.o(i.__hardfp_pow) for __hardfp_pow
    gpio.o(.text) refers to ddiv.o(.text) for __aeabi_ddiv
    gpio.o(.text) refers to dfixi.o(.text) for __aeabi_d2iz
    gpio.o(.text) refers to gpio.o(.data) for currentTemp
    gpio.o(.text) refers to gpio.o(.bss) for pastTemperatures
    threads.o(.text) refers to rt_cmsis.o(i.osThreadCreate) for osThreadCreate
    threads.o(.text) refers to rt_cmsis.o(i.osDelay) for osDelay
    threads.o(.text) refers to stm32f4xx_hal_gpio.o(.text) for HAL_GPIO_TogglePin
    threads.o(.text) refers to main.o(.text) for getReadingADCLocation
    threads.o(.text) refers to adc.o(.text) for initADC
    threads.o(.text) refers to gpio.o(.text) for filter
    threads.o(.text) refers to accelerometer.o(.text) for initAccelerometer
    threads.o(.text) refers to f2d.o(.text) for __aeabi_f2d
    threads.o(.text) refers to dmul.o(.text) for __aeabi_dmul
    threads.o(.text) refers to dadd.o(.text) for __aeabi_dadd
    threads.o(.text) refers to dfixi.o(.text) for __aeabi_d2iz
    threads.o(.text) refers to threads.o(.constdata) for os_thread_def_Thread_LED
    threads.o(.text) refers to threads.o(.data) for tid_Thread_LED
    threads.o(.text) refers to threads.o(.bss) for LED_configuration
    threads.o(.constdata) refers to threads.o(.text) for keypadThread
    interrupts.o(.text) refers to main.o(.text) for getReadingADC
    interrupts.o(.text) refers to f2d.o(.text) for __aeabi_f2d
    interrupts.o(.text) refers to dmul.o(.text) for __aeabi_dmul
    interrupts.o(.text) refers to d2f.o(.text) for __aeabi_d2f
    interrupts.o(.text) refers to ddiv.o(.text) for __aeabi_ddiv
    interrupts.o(.text) refers to dadd.o(.text) for __aeabi_dsub
    interrupts.o(.text) refers to gpio.o(.text) for setRawTemp
    interrupts.o(.text) refers to stm32f4xx_hal_dma.o(.text) for HAL_DMA_IRQHandler
    interrupts.o(.text) refers to stm32f4xx_hal_adc.o(.text) for HAL_ADC_IRQHandler
    interrupts.o(.text) refers to threads.o(.text) for setAccelerometerValuesReady
    interrupts.o(.text) refers to stm32f4xx_hal_gpio.o(.text) for HAL_GPIO_EXTI_IRQHandler
    accelerometer.o(.text) refers to stm32f4xx_hal_cortex.o(.text) for HAL_NVIC_EnableIRQ
    accelerometer.o(.text) refers to lis3dsh.o(.text) for HAL_SPI_MspInit
    accelerometer.o(.text) refers to stm32f4xx_hal_tim.o(.text) for HAL_TIM_PWM_ConfigChannel
    accelerometer.o(.text) refers to f2d.o(.text) for __aeabi_f2d
    accelerometer.o(.text) refers to pow.o(i.__hardfp_pow) for __hardfp_pow
    accelerometer.o(.text) refers to d2f.o(.text) for __aeabi_d2f
    accelerometer.o(.text) refers to sqrt.o(i.__hardfp_sqrt) for __hardfp_sqrt
    accelerometer.o(.text) refers to atan.o(i.__hardfp_atan) for __hardfp_atan
    accelerometer.o(.text) refers to dmul.o(.text) for __aeabi_dmul
    accelerometer.o(.text) refers to ddiv.o(.text) for __aeabi_ddiv
    accelerometer.o(.text) refers to dadd.o(.text) for __aeabi_dadd
    accelerometer.o(.text) refers to accelerometer.o(.bss) for pastPitch
    accelerometer.o(.text) refers to accelerometer.o(.data) for pastPitchIndex
    accelerometer.o(.text) refers to accelerometer.o(.constdata) for coeffsArrayAccel
    accelerometer.o(.text) refers to fabs.o(i.__hardfp_fabs) for __hardfp_fabs
    accelerometer.o(.text) refers to main.o(.text) for getInitTIM
    lis3dsh.o(.text) refers to stm32f4xx_hal_gpio.o(.text) for HAL_GPIO_WritePin
    lis3dsh.o(.text) refers to stm32f4xx_hal_spi.o(.text) for HAL_SPI_DeInit
[...]
    .bss                                     0x200003d8   Section       88  lis3dsh.o(.bss)
    .bss                                     0x20000430   Section     6640  rtx_conf_cm.o(.bss)
    .bss                                     0x20001e20   Section       52  rt_task.o(.bss)
    .bss                                     0x20001e54   Section       48  rt_list.o(.bss)
    STACK                                    0x20001e88   Section     1024  startup_stm32f407xx.o(STACK)

    Global Symbols

    Symbol Name                              Value     Ov Type        Size  Object(Section)

    BuildAttributes$$THM_ISAv4$E$P$D$K$B$S$7EM$VFPi3$EXTD16$VFPS$VFMA$PE$A:L22UL41UL21$X:L11$S22US41US21$IEEE1$IW$USESV6$~STKCKD$USESV7$~SHL$OTIME$ROPI$IEEEX$EBA8$MICROLIB$REQ8$PRES8$EABIv2 0x00000000   Number         0  anon$$obj.o ABSOLUTE
    __ARM_use_no_argv                        0x00000000   Number         0  main.o ABSOLUTE
    __cpp_initialize__aeabi_                  - Undefined Weak Reference
    __cxa_finalize                            - Undefined Weak Reference
    __decompress                              - Undefined Weak Reference
    _clock_init                               - Undefined Weak Reference
    _microlib_exit                            - Undefined Weak Reference
    __Vectors_Size                           0x00000188   Number         0  startup_stm32f407xx.o ABSOLUTE
    __RL_RTX_VER                             0x00000482   Number         0  rt_system.o ABSOLUTE
    __Vectors                                0x08000000   Data           4  startup_stm32f407xx.o(RESET)
    __Vectors_End                            0x08000188   Data           0  startup_stm32f407xx.o(RESET)
    __main                                   0x08000189   Thumb Code     0  entry.o(.ARM.Collect$$$$00000000)
    _main_stk                                0x08000189   Thumb Code     0  entry2.o(.ARM.Collect$$$$00000001)
    _main_scatterload                        0x0800018d   Thumb Code     0  entry5.o(.ARM.Collect$$$$00000004)
    __main_after_scatterload                 0x08000191   Thumb Code     0  entry5.o(.ARM.Collect$$$$00000004)
    __rt_final_cpp                           0x08000191   Thumb Code     0  entry10a.o(.ARM.Collect$$$$0000000D)
    __rt_final_exit                          0x08000191   Thumb Code     0  entry11a.o(.ARM.Collect$$$$0000000F)
    _main_clock                              0x08000191   Thumb Code     0  entry7b.o(.ARM.Collect$$$$00000008)
    _main_cpp_init                           0x08000191   Thumb Code     0  entry8b.o(.ARM.Collect$$$$0000000A)
    _main_init                               0x08000191   Thumb Code    18  rtx_conf_cm.o(.ARM.Collect$$$$000000FF)
    rt_set_PSP                               0x080001ad   Thumb Code     6  hal_cm4.o(.emb_text)
    rt_get_PSP                               0x080001b3   Thumb Code     6  hal_cm4.o(.emb_text)
    os_set_env                               0x080001b9   Thumb Code    24  hal_cm4.o(.emb_text)
    _alloc_box                               0x080001d5   Thumb Code    28  hal_cm4.o(.emb_text)
    _free_box                                0x080001f5   Thumb Code    28  hal_cm4.o(.emb_text)
    SVC_Handler                              0x08000215   Thumb Code   168  hal_cm4.o(.emb_text)
    PendSV_Handler                           0x080002cd   Thumb Code    96  hal_cm4.o(.emb_text)
    SysTick_Handler                          0x08000331   Thumb Code     8  hal_cm4.o(.emb_text)
    OS_Tick_Handler                          0x08000339   Thumb Code    12  hal_cm4.o(.emb_text)
    HAL_GetTick                              0x08000345   Thumb Code     6  main.o(.text)
    SystemClock_Config                       0x0800034b   Thumb Code   142  main.o(.text)
    getReadingADC                            0x080003d9   Thumb Code     6  main.o(.text)
    getReadingADCLocation                    0x080003df   Thumb Code     4  main.o(.text)
    getHandleSPI                             0x080003e3   Thumb Code     4  main.o(.text)
    getHandleADC                             0x080003e7   Thumb Code     4  main.o(.text)
    getHandleDMA                             0x080003eb   Thumb Code     4  main.o(.text)
    getHandleADCChannel                      0x080003ef   Thumb Code     4  main.o(.text)
    getHandleTIM                             0x080003f3   Thumb Code     4  main.o(.text)
    getInitTIM                               0x080003f7   Thumb Code     4  main.o(.text)
    getKeypadGPIO                            0x080003fb   Thumb Code     4  main.o(.text)
    getRollGoal                              0x080003ff   Thumb Code     8  main.o(.text)
    getPitchGoal                             0x08000407   Thumb Code     8  main.o(.text)
    getMode                                  0x0800040f   Thumb Code     6  main.o(.text)
    getIsDisplayingTargetAngle               0x08000415   Thumb Code     6  main.o(.text)
    getTempTargetRollAngle                   0x0800041b   Thumb Code     6  main.o(.text)
    getTempTargetPitchAngle                  0x08000421   Thumb Code     6  main.o(.text)
    getCurrentTargetRollAngle                0x08000427   Thumb Code     6  main.o(.text)
    getCurrentTargetPitchAngle               0x0800042d   Thumb Code     6  main.o(.text)
    setIsDisplayingTargetAngle               0x08000433   Thumb Code     6  main.o(.text)
    setTempTargetRollAngle                   0x08000439   Thumb Code     6  main.o(.text)
    setTempTargetPitchAngle                  0x0800043f   Thumb Code     6  main.o(.text)
    setCurrentTargetRollAngle                0x08000445   Thumb Code     6  main.o(.text)
    setCurrentTargetPitchAngle               0x0800044b   Thumb Code     6  main.o(.text)
    main                                     0x08000451   Thumb Code   104  main.o(.text)
    initDMA                                  0x08000525   Thumb Code   114  adc.o(.text)
    initADC                                  0x08000597   Thumb Code   206  adc.o(.text)
    enableClockGPIO                          0x08000671   Thumb Code   156  gpio.o(.text)
    initLED                                  0x0800070d   Thumb Code   244  gpio.o(.text)
    initKeypadGPIO_1                         0x08000801   Thumb Code    74  gpio.o(.text)
    initKeypadGPIO_2                         0x0800084b   Thumb Code    72  gpio.o(.text)
    initDisplayGPIO                          0x08000893   Thumb Code    52  gpio.o(.text)
    setSegmentSelectLines                    0x080008c7   Thumb Code    52  gpio.o(.text)
    SegmentEncoder                           0x080008fb   Thumb Code   308  gpio.o(.text)
    setDigitSelectLines                      0x08000a2f   Thumb Code   148  gpio.o(.text)
    resetDigitSelectLines                    0x08000ac3   Thumb Code    44  gpio.o(.text)
    updateDigit                              0x08000aef   Thumb Code   120  gpio.o(.text)
    setCurrentTemp                           0x08000b67   Thumb Code     8  gpio.o(.text)
    getRawTemp                               0x08000b6f   Thumb Code     8  gpio.o(.text)
    filter                                   0x08000b77   Thumb Code   162  gpio.o(.text)
    setRawTemp                               0x08000c19   Thumb Code     8  gpio.o(.text)
    getCurrentTemp                           0x08000c21   Thumb Code     8  gpio.o(.text)
    display                                  0x08000c29   Thumb Code     2  gpio.o(.text)
    getRowSelected                           0x08000c2b   Thumb Code    62  gpio.o(.text)
    getColumnSelected                        0x08000c69   Thumb Code    70  gpio.o(.text)
    powerOfTen                               0x08000caf   Thumb Code    28  gpio.o(.text)
    deleteLastNumber                         0x08000ccb   Thumb Code    48  gpio.o(.text)
    start_Thread_LED                         0x08000d29   Thumb Code    30  threads.o(.text)
    Thread_LED                               0x08000d47   Thumb Code    22  threads.o(.text)
    initializeLED_IO                         0x08000d5d   Thumb Code    62  threads.o(.text)
    startTempThread                          0x08000d9b   Thumb Code    24  threads.o(.text)
    tempThread                               0x08000db3   Thumb Code    48  threads.o(.text)
    startAccelThread                         0x08000de3   Thumb Code    24  threads.o(.text)
    accelThread                              0x08000dfb   Thumb Code    70  threads.o(.text)
    setAccelerometerValuesReady              0x08000e41   Thumb Code     8  threads.o(.text)
    startDisplayThread                       0x08000e49   Thumb Code    24  threads.o(.text)
    displayThread                            0x08000e61   Thumb Code   338  threads.o(.text)
    startKeypadThread                        0x08000fb3   Thumb Code    24  threads.o(.text)
    keypadThread                             0x08000fcb   Thumb Code   534  threads.o(.text)
    HAL_ADC_ConvCpltCallback                 0x080011e1   Thumb Code   216  interrupts.o(.text)
    DMA2_Stream4_IRQHandler                  0x080012b9   Thumb Code    14  interrupts.o(.text)
    ADC_IRQHandler                           0x080012c7   Thumb Code    14  interrupts.o(.text)
    EXTI0_IRQHandler                         0x080012d5   Thumb Code    14  interrupts.o(.text)
    initAccelerometer                        0x0800130d   Thumb Code    94  accelerometer.o(.text)
    setBrightnessPitch                       0x0800136b   Thumb Code    48  accelerometer.o(.text)
    setBrightnessRoll                        0x0800139b   Thumb Code    48  accelerometer.o(.text)
    pitch                                    0x080013cb   Thumb Code   252  accelerometer.o(.text)
    filterPitch                              0x080014c7   Thumb Code   152  accelerometer.o(.text)
    roll                                     0x0800155f   Thumb Code   252  accelerometer.o(.text)
    filterRoll                               0x0800165b   Thumb Code   152  accelerometer.o(.text)
    calibrateZ                               0x080016f3   Thumb Code   168  accelerometer.o(.text)
    calibrateY                               0x0800179b   Thumb Code   266  accelerometer.o(.text)
    calibrateX                               0x080018a5   Thumb Code   168  accelerometer.o(.text)
    ledBrightness                            0x0800194d   Thumb Code   554  accelerometer.o(.text)
    SPI_ReceiveData                          0x08001bb1   Thumb Code    10  lis3dsh.o(.text)
    LIS3DSH_TIMEOUT_UserCallback             0x08001bbb   Thumb Code     4  lis3dsh.o(.text)
    SPI_SendData                             0x08001bbf   Thumb Code     6  lis3dsh.o(.text)
    LIS3DSH_Write                            0x08001c31   Thumb Code    62  lis3dsh.o(.text)
    LIS3DSH_Init                             0x08001c6f   Thumb Code   170  lis3dsh.o(.text)
    LIS3DSH_Read                             0x08001d19   Thumb Code    70  lis3dsh.o(.text)
    LIS3DSH_DataReadyInterruptConfig         0x08001d5f   Thumb Code    42  lis3dsh.o(.text)
    LIS3DSH_LowpowerCmd                      0x08001d89   Thumb Code    40  lis3dsh.o(.text)
    LIS3DSH_DataRateCmd                      0x08001db1   Thumb Code    44  lis3dsh.o(.text)
    LIS3DSH_FullScaleCmd                     0x08001ddd   Thumb Code    44  lis3dsh.o(.text)
    LIS3DSH_ReadACC                          0x08001e09   Thumb Code   628  lis3dsh.o(.text)
    HAL_SPI_MspInit                          0x0800207d   Thumb Code   218  lis3dsh.o(.text)
    os_idle_demon                            0x08002171   Thumb Code     4  rtx_conf_cm.o(.text)
    os_error                                 0x08002175   Thumb Code    34  rtx_conf_cm.o(.text)
    HAL_MspInit                              0x08002199   Thumb Code    10  stm32f4xx_hal.o(.text)
    HAL_InitTick                             0x080021a3   Thumb Code    36  stm32f4xx_hal.o(.text)
    HAL_Init                                 0x080021c7   Thumb Code    54  stm32f4xx_hal.o(.text)
    HAL_MspDeInit                            0x080021fd   Thumb Code    10  stm32f4xx_hal.o(.text)
    HAL_DeInit                               0x08002207   Thumb Code    64  stm32f4xx_hal.o(.text)
    HAL_IncTick                              0x08002247   Thumb Code    12  stm32f4xx_hal.o(.text)
    HAL_Delay                                0x08002259   Thumb Code    26  stm32f4xx_hal.o(.text)
    HAL_SuspendTick                          0x08002273   Thumb Code    18  stm32f4xx_hal.o(.text)
    HAL_ResumeTick                           0x08002285   Thumb Code    18  stm32f4xx_hal.o(.text)
    HAL_GetHalVersion                        0x08002297   Thumb Code     4  stm32f4xx_hal.o(.text)
    HAL_GetREVID                             0x0800229b   Thumb Code     8  stm32f4xx_hal.o(.text)
    HAL_GetDEVID                             0x080022a3   Thumb Code    10  stm32f4xx_hal.o(.text)
    HAL_DBGMCU_EnableDBGSleepMode            0x080022ad   Thumb Code    14  stm32f4xx_hal.o(.text)
    HAL_DBGMCU_DisableDBGSleepMode           0x080022bb   Thumb Code    14  stm32f4xx_hal.o(.text)
    HAL_DBGMCU_EnableDBGStopMode             0x080022c9   Thumb Code    14  stm32f4xx_hal.o(.text)
    HAL_DBGMCU_DisableDBGStopMode            0x080022d7   Thumb Code    14  stm32f4xx_hal.o(.text)
    HAL_DBGMCU_EnableDBGStandbyMode          0x080022e5   Thumb Code    14  stm32f4xx_hal.o(.text)
    HAL_DBGMCU_DisableDBGStandbyMode         0x080022f3   Thumb Code    14  stm32f4xx_hal.o(.text)
    HAL_EnableCompensationCell               0x08002301   Thumb Code    22  stm32f4xx_hal.o(.text)
    HAL_DisableCompensationCell              0x08002317   Thumb Code    24  stm32f4xx_hal.o(.text)
    HAL_ADC_MspInit                          0x080024b3   Thumb Code     2  stm32f4xx_hal_adc.o(.text)
    HAL_ADC_Init                             0x080024b5   Thumb Code    74  stm32f4xx_hal_adc.o(.text)
    HAL_ADC_MspDeInit                        0x080024ff   Thumb Code     2  stm32f4xx_hal_adc.o(.text)
    HAL_ADC_DeInit                           0x08002501   Thumb Code    34  stm32f4xx_hal_adc.o(.text)
    HAL_ADC_Start                            0x08002523   Thumb Code   182  stm32f4xx_hal_adc.o(.text)
    HAL_ADC_Stop                             0x080025d9   Thumb Code    24  stm32f4xx_hal_adc.o(.text)
    HAL_ADC_PollForConversion                0x080025f1   Thumb Code   130  stm32f4xx_hal_adc.o(.text)
    HAL_ADC_PollForEvent                     0x08002673   Thumb Code   104  stm32f4xx_hal_adc.o(.text)
    HAL_ADC_Start_IT                         0x080026db   Thumb Code   232  stm32f4xx_hal_adc.o(.text)
    HAL_ADC_Stop_IT                          0x080027c3   Thumb Code    48  stm32f4xx_hal_adc.o(.text)
    HAL_ADC_ErrorCallback                    0x080027f3   Thumb Code     2  stm32f4xx_hal_adc.o(.text)
    HAL_ADC_LevelOutOfWindowCallback         0x080027f5   Thumb Code     2  stm32f4xx_hal_adc.o(.text)
    HAL_ADC_IRQHandler                       0x080027f9   Thumb Code   348  stm32f4xx_hal_adc.o(.text)
    HAL_ADC_ConvHalfCpltCallback             0x08002971   Thumb Code     2  stm32f4xx_hal_adc.o(.text)
    HAL_ADC_Start_DMA                        0x080029a5   Thumb Code   186  stm32f4xx_hal_adc.o(.text)
    HAL_ADC_Stop_DMA                         0x08002a5f   Thumb Code    56  stm32f4xx_hal_adc.o(.text)
    HAL_ADC_GetValue                         0x08002a97   Thumb Code     8  stm32f4xx_hal_adc.o(.text)
    HAL_ADC_ConfigChannel                    0x08002a9f   Thumb Code   416  stm32f4xx_hal_adc.o(.text)
    HAL_ADC_AnalogWDGConfig                  0x08002c3f   Thumb Code   132  stm32f4xx_hal_adc.o(.text)
    HAL_ADC_GetState                         0x08002cc3   Thumb Code     8  stm32f4xx_hal_adc.o(.text)
    HAL_ADC_GetError                         0x08002ccb   Thumb Code     6  stm32f4xx_hal_adc.o(.text)
    HAL_ADCEx_InjectedStart                  0x08002ce5   Thumb Code   230  stm32f4xx_hal_adc_ex.o(.text)
    HAL_ADCEx_InjectedStart_IT               0x08002dcb   Thumb Code   258  stm32f4xx_hal_adc_ex.o(.text)
    HAL_ADCEx_InjectedStop                   0x08002ecd   Thumb Code    24  stm32f4xx_hal_adc_ex.o(.text)
    HAL_ADCEx_InjectedPollForConversion      0x08002ee5   Thumb Code    90  stm32f4xx_hal_adc_ex.o(.text)
    HAL_ADCEx_InjectedStop_IT                0x08002f3f   Thumb Code    48  stm32f4xx_hal_adc_ex.o(.text)
    HAL_ADCEx_InjectedGetValue               0x08002f6f   Thumb Code    70  stm32f4xx_hal_adc_ex.o(.text)
    HAL_ADCEx_MultiModeStart_DMA             0x08003003   Thumb Code   206  stm32f4xx_hal_adc_ex.o(.text)
    HAL_ADCEx_MultiModeStop_DMA              0x080030d1   Thumb Code   116  stm32f4xx_hal_adc_ex.o(.text)
    HAL_ADCEx_MultiModeGetValue              0x08003145   Thumb Code     8  stm32f4xx_hal_adc_ex.o(.text)
    HAL_ADCEx_InjectedConvCpltCallback       0x0800314d   Thumb Code     2  stm32f4xx_hal_adc_ex.o(.text)
    HAL_ADCEx_InjectedConfigChannel          0x0800314f   Thumb Code   552  stm32f4xx_hal_adc_ex.o(.text)
    HAL_ADCEx_MultiModeConfigChannel         0x08003377   Thumb Code   130  stm32f4xx_hal_adc_ex.o(.text)
    HAL_NVIC_SetPriorityGrouping             0x08003425   Thumb Code    36  stm32f4xx_hal_cortex.o(.text)
    HAL_NVIC_SetPriority                     0x08003449   Thumb Code   124  stm32f4xx_hal_cortex.o(.text)
    HAL_NVIC_EnableIRQ                       0x080034c5   Thumb Code    32  stm32f4xx_hal_cortex.o(.text)
    HAL_NVIC_DisableIRQ                      0x080034e5   Thumb Code    30  stm32f4xx_hal_cortex.o(.text)
    HAL_NVIC_SystemReset                     0x08003503   Thumb Code    64  stm32f4xx_hal_cortex.o(.text)
    HAL_SYSTICK_Config                       0x08003543   Thumb Code    52  stm32f4xx_hal_cortex.o(.text)
    HAL_MPU_ConfigRegion                     0x08003577   Thumb Code    90  stm32f4xx_hal_cortex.o(.text)
    HAL_NVIC_GetPriorityGrouping             0x080035d1   Thumb Code     8  stm32f4xx_hal_cortex.o(.text)
    HAL_NVIC_GetPriority                     0x080035d9   Thumb Code   138  stm32f4xx_hal_cortex.o(.text)
    HAL_NVIC_SetPendingIRQ                   0x08003663   Thumb Code    32  stm32f4xx_hal_cortex.o(.text)
    HAL_NVIC_GetPendingIRQ                   0x08003683   Thumb Code    46  stm32f4xx_hal_cortex.o(.text)
    HAL_NVIC_ClearPendingIRQ                 0x080036b1   Thumb Code    30  stm32f4xx_hal_cortex.o(.text)
    HAL_NVIC_GetActive                       0x080036cf   Thumb Code    46  stm32f4xx_hal_cortex.o(.text)
    HAL_SYSTICK_CLKSourceConfig              0x080036fd   Thumb Code    40  stm32f4xx_hal_cortex.o(.text)
    HAL_SYSTICK_Callback                     0x08003725   Thumb Code    10  stm32f4xx_hal_cortex.o(.text)
    HAL_SYSTICK_IRQHandler                   0x0800372f   Thumb Code     8  stm32f4xx_hal_cortex.o(.text)
    HAL_DMA_Init                             0x08003787   Thumb Code   128  stm32f4xx_hal_dma.o(.text)
    HAL_DMA_DeInit                           0x08003807   Thumb Code   100  stm32f4xx_hal_dma.o(.text)
    HAL_DMA_Start                            0x08003897   Thumb Code    82  stm32f4xx_hal_dma.o(.text)
    HAL_DMA_Start_IT                         0x080038e9   Thumb Code   106  stm32f4xx_hal_dma.o(.text)
    HAL_DMA_Abort                            0x08003953   Thumb Code    94  stm32f4xx_hal_dma.o(.text)
    HAL_DMA_PollForTransfer                  0x080039b1   Thumb Code   412  stm32f4xx_hal_dma.o(.text)
    HAL_DMA_IRQHandler                       0x08003b4d   Thumb Code   530  stm32f4xx_hal_dma.o(.text)
    HAL_DMA_GetState                         0x08003d5f   Thumb Code     8  stm32f4xx_hal_dma.o(.text)
    HAL_DMA_GetError                         0x08003d67   Thumb Code     6  stm32f4xx_hal_dma.o(.text)
    HAL_GPIO_Init                            0x08003d71   Thumb Code   476  stm32f4xx_hal_gpio.o(.text)
    HAL_GPIO_DeInit                          0x08003f4d   Thumb Code   326  stm32f4xx_hal_gpio.o(.text)
    HAL_GPIO_ReadPin                         0x08004093   Thumb Code    16  stm32f4xx_hal_gpio.o(.text)
    HAL_GPIO_WritePin                        0x080040a3   Thumb Code    12  stm32f4xx_hal_gpio.o(.text)
    HAL_GPIO_TogglePin                       0x080040af   Thumb Code     8  stm32f4xx_hal_gpio.o(.text)
    HAL_GPIO_LockPin                         0x080040b7   Thumb Code    46  stm32f4xx_hal_gpio.o(.text)
    HAL_GPIO_EXTI_Callback                   0x080040e5   Thumb Code    10  stm32f4xx_hal_gpio.o(.text)
    HAL_GPIO_EXTI_IRQHandler                 0x080040ef   Thumb Code    28  stm32f4xx_hal_gpio.o(.text)
    HAL_RCC_OscConfig                        0x0800413f   Thumb Code  1032  stm32f4xx_hal_rcc.o(.text)
    HAL_RCC_ClockConfig                      0x08004547   Thumb Code   680  stm32f4xx_hal_rcc.o(.text)
    HAL_RCC_MCOConfig                        0x080047ef   Thumb Code   178  stm32f4xx_hal_rcc.o(.text)
    HAL_RCC_EnableCSS                        0x080048a1   Thumb Code     8  stm32f4xx_hal_rcc.o(.text)
    HAL_RCC_DisableCSS                       0x080048a9   Thumb Code     8  stm32f4xx_hal_rcc.o(.text)
    HAL_RCC_GetSysClockFreq                  0x080048b1   Thumb Code   198  stm32f4xx_hal_rcc.o(.text)
    HAL_RCC_GetHCLKFreq                      0x08004977   Thumb Code    42  stm32f4xx_hal_rcc.o(.text)
    HAL_RCC_GetPCLK1Freq                     0x080049a1   Thumb Code    36  stm32f4xx_hal_rcc.o(.text)
    HAL_RCC_GetPCLK2Freq                     0x080049c5   Thumb Code    36  stm32f4xx_hal_rcc.o(.text)
    HAL_RCC_GetOscConfig                     0x080049e9   Thumb Code   296  stm32f4xx_hal_rcc.o(.text)
    HAL_RCC_GetClockConfig                   0x08004b11   Thumb Code    58  stm32f4xx_hal_rcc.o(.text)
    HAL_RCC_CSSCallback                      0x08004b4b   Thumb Code    10  stm32f4xx_hal_rcc.o(.text)
    HAL_RCC_NMI_IRQHandler                   0x08004b55   Thumb Code    30  stm32f4xx_hal_rcc.o(.text)
    HAL_SPI_Init                             0x08004b8b   Thumb Code   136  stm32f4xx_hal_spi.o(.text)
    HAL_SPI_MspDeInit                        0x08004c13   Thumb Code     2  stm32f4xx_hal_spi.o(.text)
    HAL_SPI_DeInit                           0x08004c15   Thumb Code    48  stm32f4xx_hal_spi.o(.text)
    HAL_SPI_Transmit                         0x08004d59   Thumb Code   450  stm32f4xx_hal_spi.o(.text)
    HAL_SPI_TransmitReceive                  0x08004f1b   Thumb Code   850  stm32f4xx_hal_spi.o(.text)
    HAL_SPI_Receive                          0x0800526d   Thumb Code   572  stm32f4xx_hal_spi.o(.text)
    HAL_SPI_ErrorCallback                    0x080054a9   Thumb Code     2  stm32f4xx_hal_spi.o(.text)
    HAL_SPI_TxCpltCallback                   0x080054ab   Thumb Code     2  stm32f4xx_hal_spi.o(.text)
    HAL_SPI_TxRxCpltCallback                 0x080054ad   Thumb Code     2  stm32f4xx_hal_spi.o(.text)
    HAL_SPI_Transmit_IT                      0x0800559d   Thumb Code   198  stm32f4xx_hal_spi.o(.text)
    HAL_SPI_RxCpltCallback                   0x08005663   Thumb Code     2  stm32f4xx_hal_spi.o(.text)
    HAL_SPI_TransmitReceive_IT               0x0800578b   Thumb Code   192  stm32f4xx_hal_spi.o(.text)
    HAL_SPI_Receive_IT                       0x0800589d   Thumb Code   222  stm32f4xx_hal_spi.o(.text)
    HAL_SPI_TxHalfCpltCallback               0x08005a2b   Thumb Code     2  stm32f4xx_hal_spi.o(.text)
    HAL_SPI_Transmit_DMA                     0x08005a3b   Thumb Code   218  stm32f4xx_hal_spi.o(.text)
    HAL_SPI_RxHalfCpltCallback               0x08005c8d   Thumb Code     2  stm32f4xx_hal_spi.o(.text)
    HAL_SPI_TxRxHalfCpltCallback             0x08005cd5   Thumb Code     2  stm32f4xx_hal_spi.o(.text)
    HAL_SPI_TransmitReceive_DMA              0x08005ce5   Thumb Code   324  stm32f4xx_hal_spi.o(.text)
    HAL_SPI_Receive_DMA                      0x08005e29   Thumb Code   288  stm32f4xx_hal_spi.o(.text)
    HAL_SPI_DMAPause                         0x08005f49   Thumb Code    62  stm32f4xx_hal_spi.o(.text)
    HAL_SPI_DMAResume                        0x08005f87   Thumb Code    62  stm32f4xx_hal_spi.o(.text)
    HAL_SPI_DMAStop                          0x08005fc5   Thumb Code    58  stm32f4xx_hal_spi.o(.text)
    HAL_SPI_IRQHandler                       0x08005fff   Thumb Code   262  stm32f4xx_hal_spi.o(.text)
    HAL_SPI_GetState                         0x08006105   Thumb Code     8  stm32f4xx_hal_spi.o(.text)
    HAL_SPI_GetError                         0x0800610d   Thumb Code     6  stm32f4xx_hal_spi.o(.text)
    TIM_Base_SetConfig                       0x08006121   Thumb Code   184  stm32f4xx_hal_tim.o(.text)
    HAL_TIM_Base_MspInit                     0x080061d9   Thumb Code     2  stm32f4xx_hal_tim.o(.text)
    HAL_TIM_Base_Init                        0x080061db   Thumb Code    52  stm32f4xx_hal_tim.o(.text)
    HAL_TIM_Base_MspDeInit                   0x0800620f   Thumb Code     2  stm32f4xx_hal_tim.o(.text)
    HAL_TIM_Base_DeInit                      0x08006211   Thumb Code    70  stm32f4xx_hal_tim.o(.text)
    HAL_TIM_Base_Start                       0x08006257   Thumb Code    30  stm32f4xx_hal_tim.o(.text)
    HAL_TIM_Base_Stop                        0x08006275   Thumb Code    56  stm32f4xx_hal_tim.o(.text)
    HAL_TIM_Base_Start_IT                    0x080062ad   Thumb Code    30  stm32f4xx_hal_tim.o(.text)
    HAL_TIM_Base_Stop_IT                     0x080062cb   Thumb Code    56  stm32f4xx_hal_tim.o(.text)
    HAL_TIM_ErrorCallback                    0x08006303   Thumb Code     2  stm32f4xx_hal_tim.o(.text)
    TIM_DMAError                             0x08006305   Thumb Code    20  stm32f4xx_hal_tim.o(.text)
    HAL_TIM_PeriodElapsedCallback            0x08006319   Thumb Code     2  stm32f4xx_hal_tim.o(.text)
    HAL_TIM_Base_Start_DMA                   0x0800632f   Thumb Code    98  stm32f4xx_hal_tim.o(.text)
    HAL_TIM_Base_Stop_DMA                    0x08006391   Thumb Code    62  stm32f4xx_hal_tim.o(.text)
    HAL_TIM_OC_MspInit                       0x080063cf   Thumb Code     2  stm32f4xx_hal_tim.o(.text)
    HAL_TIM_OC_Init                          0x080063d1   Thumb Code    52  stm32f4xx_hal_tim.o(.text)
    HAL_TIM_OC_MspDeInit                     0x08006405   Thumb Code     2  stm32f4xx_hal_tim.o(.text)
    HAL_TIM_OC_DeInit                        0x08006407   Thumb Code    70  stm32f4xx_hal_tim.o(.text)
    TIM_CCxChannelCmd                        0x0800644d   Thumb Code    28  stm32f4xx_hal_tim.o(.text)
    HAL_TIM_OC_Start                         0x08006469   Thumb Code    68  stm32f4xx_hal_tim.o(.text)
    HAL_TIM_OC_Stop                          0x080064ad   Thumb Code   170  stm32f4xx_hal_tim.o(.text)
    HAL_TIM_OC_Start_IT                      0x08006557   Thumb Code   144  stm32f4xx_hal_tim.o(.text)
    HAL_TIM_OC_Stop_IT                       0x080065e7   Thumb Code   196  stm32f4xx_hal_tim.o(.text)
    HAL_TIM_PWM_PulseFinishedCallback        0x080066ab   Thumb Code     2  stm32f4xx_hal_tim.o(.text)
    TIM_DMADelayPulseCplt                    0x080066ad   Thumb Code    70  stm32f4xx_hal_tim.o(.text)
    HAL_TIM_OC_Start_DMA                     0x080066f3   Thumb Code   312  stm32f4xx_hal_tim.o(.text)
    HAL_TIM_OC_Stop_DMA                      0x0800682b   Thumb Code   202  stm32f4xx_hal_tim.o(.text)
    HAL_TIM_PWM_MspInit                      0x080068f5   Thumb Code     2  stm32f4xx_hal_tim.o(.text)
    HAL_TIM_PWM_Init                         0x080068f7   Thumb Code    52  stm32f4xx_hal_tim.o(.text)
    HAL_TIM_PWM_MspDeInit                    0x0800692b   Thumb Code     2  stm32f4xx_hal_tim.o(.text)
    HAL_TIM_PWM_DeInit                       0x0800692d   Thumb Code    70  stm32f4xx_hal_tim.o(.text)
    HAL_TIM_PWM_Start                        0x08006973   Thumb Code    78  stm32f4xx_hal_tim.o(.text)
    HAL_TIM_PWM_Stop                         0x080069c1   Thumb Code   126  stm32f4xx_hal_tim.o(.text)
    HAL_TIM_PWM_Start_IT                     0x08006a3f   Thumb Code   144  stm32f4xx_hal_tim.o(.text)
    HAL_TIM_PWM_Stop_IT                      0x08006acf   Thumb Code   196  stm32f4xx_hal_tim.o(.text)
    HAL_TIM_PWM_Start_DMA                    0x08006b93   Thumb Code   312  stm32f4xx_hal_tim.o(.text)
    HAL_TIM_PWM_Stop_DMA                     0x08006ccb   Thumb Code   202  stm32f4xx_hal_tim.o(.text)
    HAL_TIM_IC_MspInit                       0x08006d95   Thumb Code     2  stm32f4xx_hal_tim.o(.text)
    HAL_TIM_IC_Init                          0x08006d97   Thumb Code    62  stm32f4xx_hal_tim.o(.text)
    HAL_TIM_IC_MspDeInit                     0x08006dd5   Thumb Code     2  stm32f4xx_hal_tim.o(.text)
    HAL_TIM_IC_DeInit                        0x08006dd7   Thumb Code    70  stm32f4xx_hal_tim.o(.text)
    HAL_TIM_IC_Start                         0x08006e1d   Thumb Code    32  stm32f4xx_hal_tim.o(.text)
    HAL_TIM_IC_Stop                          0x08006e3d   Thumb Code    58  stm32f4xx_hal_tim.o(.text)
    HAL_TIM_IC_Start_IT                      0x08006e77   Thumb Code   108  stm32f4xx_hal_tim.o(.text)
    HAL_TIM_IC_Stop_IT                       0x08006ee3   Thumb Code   134  stm32f4xx_hal_tim.o(.text)
    HAL_TIM_IC_CaptureCallback               0x08006f69   Thumb Code     2  stm32f4xx_hal_tim.o(.text)
    TIM_DMACaptureCplt                       0x08006f6b   Thumb Code    70  stm32f4xx_hal_tim.o(.text)
    HAL_TIM_IC_Start_DMA                     0x08006fb1   Thumb Code   276  stm32f4xx_hal_tim.o(.text)
    HAL_TIM_IC_Stop_DMA                      0x080070c5   Thumb Code   140  stm32f4xx_hal_tim.o(.text)
    HAL_TIM_OnePulse_MspInit                 0x08007151   Thumb Code     2  stm32f4xx_hal_tim.o(.text)
    HAL_TIM_OnePulse_Init                    0x08007153   Thumb Code    76  stm32f4xx_hal_tim.o(.text)
    HAL_TIM_OnePulse_MspDeInit               0x0800719f   Thumb Code     2  stm32f4xx_hal_tim.o(.text)
    HAL_TIM_OnePulse_DeInit                  0x080071a1   Thumb Code    70  stm32f4xx_hal_tim.o(.text)
    HAL_TIM_OnePulse_Start                   0x080071e7   Thumb Code    66  stm32f4xx_hal_tim.o(.text)
    HAL_TIM_OnePulse_Stop                    0x08007229   Thumb Code   130  stm32f4xx_hal_tim.o(.text)
    HAL_TIM_OnePulse_Start_IT                0x080072ab   Thumb Code    90  stm32f4xx_hal_tim.o(.text)
    HAL_TIM_OnePulse_Stop_IT                 0x08007305   Thumb Code   154  stm32f4xx_hal_tim.o(.text)
    HAL_TIM_Encoder_MspInit                  0x0800739f   Thumb Code     2  stm32f4xx_hal_tim.o(.text)
    HAL_TIM_Encoder_Init                     0x080073a1   Thumb Code   180  stm32f4xx_hal_tim.o(.text)
    HAL_TIM_Encoder_MspDeInit                0x08007455   Thumb Code     2  stm32f4xx_hal_tim.o(.text)
    HAL_TIM_Encoder_DeInit                   0x08007457   Thumb Code    70  stm32f4xx_hal_tim.o(.text)
    HAL_TIM_Encoder_Start                    0x0800749d   Thumb Code    78  stm32f4xx_hal_tim.o(.text)
    HAL_TIM_Encoder_Stop                     0x080074eb   Thumb Code   104  stm32f4xx_hal_tim.o(.text)
    HAL_TIM_Encoder_Start_IT                 0x08007553   Thumb Code   126  stm32f4xx_hal_tim.o(.text)
    HAL_TIM_Encoder_Stop_IT                  0x080075d1   Thumb Code   160  stm32f4xx_hal_tim.o(.text)
    HAL_TIM_Encoder_Start_DMA                0x08007671   Thumb Code   328  stm32f4xx_hal_tim.o(.text)
    HAL_TIM_Encoder_Stop_DMA                 0x080077b9   Thumb Code   152  stm32f4xx_hal_tim.o(.text)
    HAL_TIM_TriggerCallback                  0x08007851   Thumb Code     2  stm32f4xx_hal_tim.o(.text)
    HAL_TIM_OC_DelayElapsedCallback          0x08007853   Thumb Code     2  stm32f4xx_hal_tim.o(.text)
    HAL_TIM_IRQHandler                       0x08007855   Thumb Code   406  stm32f4xx_hal_tim.o(.text)
    TIM_OC2_SetConfig                        0x08007abd   Thumb Code   112  stm32f4xx_hal_tim.o(.text)
    HAL_TIM_OC_ConfigChannel                 0x08007b93   Thumb Code   116  stm32f4xx_hal_tim.o(.text)
    TIM_TI1_SetConfig                        0x08007cc1   Thumb Code   122  stm32f4xx_hal_tim.o(.text)
    HAL_TIM_IC_ConfigChannel                 0x08007d3b   Thumb Code   224  stm32f4xx_hal_tim.o(.text)
    HAL_TIM_PWM_ConfigChannel                0x08007e1b   Thumb Code   294  stm32f4xx_hal_tim.o(.text)
    HAL_TIM_OnePulse_ConfigChannel           0x08007f41   Thumb Code   286  stm32f4xx_hal_tim.o(.text)
    HAL_TIM_DMABurst_WriteStart              0x08008073   Thumb Code   366  stm32f4xx_hal_tim.o(.text)
    HAL_TIM_DMABurst_WriteStop               0x080081e1   Thumb Code   128  stm32f4xx_hal_tim.o(.text)
    HAL_TIM_DMABurst_ReadStart               0x08008261   Thumb Code   366  stm32f4xx_hal_tim.o(.text)
    HAL_TIM_DMABurst_ReadStop                0x080083cf   Thumb Code   128  stm32f4xx_hal_tim.o(.text)
    HAL_TIM_GenerateEvent                    0x0800844f   Thumb Code    54  stm32f4xx_hal_tim.o(.text)
    HAL_TIM_ConfigOCrefClear                 0x0800849d   Thumb Code   252  stm32f4xx_hal_tim.o(.text)
    HAL_TIM_ConfigClockSource                0x08008603   Thumb Code   306  stm32f4xx_hal_tim.o(.text)
    HAL_TIM_ConfigTI1Input                   0x08008735   Thumb Code    24  stm32f4xx_hal_tim.o(.text)
    HAL_TIM_SlaveConfigSynchronization       0x080087f1   Thumb Code    86  stm32f4xx_hal_tim.o(.text)
    HAL_TIM_SlaveConfigSynchronization_IT    0x08008847   Thumb Code    86  stm32f4xx_hal_tim.o(.text)
    HAL_TIM_ReadCapturedValue                0x0800889d   Thumb Code    84  stm32f4xx_hal_tim.o(.text)
    HAL_TIM_Base_GetState                    0x080088f1   Thumb Code     8  stm32f4xx_hal_tim.o(.text)
    HAL_TIM_OC_GetState                      0x080088f9   Thumb Code     8  stm32f4xx_hal_tim.o(.text)
    HAL_TIM_PWM_GetState                     0x08008901   Thumb Code     8  stm32f4xx_hal_tim.o(.text)
    HAL_TIM_IC_GetState                      0x08008909   Thumb Code     8  stm32f4xx_hal_tim.o(.text)
    HAL_TIM_OnePulse_GetState                0x08008911   Thumb Code     8  stm32f4xx_hal_tim.o(.text)
    HAL_TIM_Encoder_GetState                 0x08008919   Thumb Code     8  stm32f4xx_hal_tim.o(.text)
    HAL_TIMEx_HallSensor_MspInit             0x08008921   Thumb Code     2  stm32f4xx_hal_tim_ex.o(.text)
    HAL_TIMEx_HallSensor_Init                0x08008923   Thumb Code   196  stm32f4xx_hal_tim_ex.o(.text)
    HAL_TIMEx_HallSensor_MspDeInit           0x080089e7   Thumb Code     2  stm32f4xx_hal_tim_ex.o(.text)
    HAL_TIMEx_HallSensor_DeInit              0x080089e9   Thumb Code    70  stm32f4xx_hal_tim_ex.o(.text)
    HAL_TIMEx_HallSensor_Start               0x08008a2f   Thumb Code    30  stm32f4xx_hal_tim_ex.o(.text)
    HAL_TIMEx_HallSensor_Stop                0x08008a4d   Thumb Code    56  stm32f4xx_hal_tim_ex.o(.text)
    HAL_TIMEx_HallSensor_Start_IT            0x08008a85   Thumb Code    42  stm32f4xx_hal_tim_ex.o(.text)
    HAL_TIMEx_HallSensor_Stop_IT             0x08008aaf   Thumb Code    68  stm32f4xx_hal_tim_ex.o(.text)
    HAL_TIMEx_HallSensor_Start_DMA           0x08008af3   Thumb Code   106  stm32f4xx_hal_tim_ex.o(.text)
    HAL_TIMEx_HallSensor_Stop_DMA            0x08008b5d   Thumb Code    68  stm32f4xx_hal_tim_ex.o(.text)
    HAL_TIMEx_OCN_Start                      0x08008bbd   Thumb Code    44  stm32f4xx_hal_tim_ex.o(.text)
    HAL_TIMEx_OCN_Stop                       0x08008be9   Thumb Code    96  stm32f4xx_hal_tim_ex.o(.text)
    HAL_TIMEx_OCN_Start_IT                   0x08008c49   Thumb Code   132  stm32f4xx_hal_tim_ex.o(.text)
    HAL_TIMEx_OCN_Stop_IT                    0x08008ccd   Thumb Code   196  stm32f4xx_hal_tim_ex.o(.text)
    HAL_TIMEx_OCN_Start_DMA                  0x08008d91   Thumb Code   272  stm32f4xx_hal_tim_ex.o(.text)
    HAL_TIMEx_OCN_Stop_DMA                   0x08008ea1   Thumb Code   192  stm32f4xx_hal_tim_ex.o(.text)
    HAL_TIMEx_PWMN_Start                     0x08008f61   Thumb Code    44  stm32f4xx_hal_tim_ex.o(.text)
    HAL_TIMEx_PWMN_Stop                      0x08008f8d   Thumb Code    96  stm32f4xx_hal_tim_ex.o(.text)
    HAL_TIMEx_PWMN_Start_IT                  0x08008fed   Thumb Code   132  stm32f4xx_hal_tim_ex.o(.text)
    HAL_TIMEx_PWMN_Stop_IT                   0x08009071   Thumb Code   196  stm32f4xx_hal_tim_ex.o(.text)
    HAL_TIMEx_PWMN_Start_DMA                 0x08009135   Thumb Code   272  stm32f4xx_hal_tim_ex.o(.text)
    HAL_TIMEx_PWMN_Stop_DMA                  0x08009245   Thumb Code   178  stm32f4xx_hal_tim_ex.o(.text)
    HAL_TIMEx_OnePulseN_Start                0x080092f7   Thumb Code    32  stm32f4xx_hal_tim_ex.o(.text)
    HAL_TIMEx_OnePulseN_Stop                 0x08009317   Thumb Code    96  stm32f4xx_hal_tim_ex.o(.text)
    HAL_TIMEx_OnePulseN_Start_IT             0x08009377   Thumb Code    56  stm32f4xx_hal_tim_ex.o(.text)
    HAL_TIMEx_OnePulseN_Stop_IT              0x080093af   Thumb Code   120  stm32f4xx_hal_tim_ex.o(.text)
    HAL_TIMEx_ConfigCommutationEvent         0x08009427   Thumb Code   110  stm32f4xx_hal_tim_ex.o(.text)
    HAL_TIMEx_ConfigCommutationEvent_IT      0x08009495   Thumb Code   122  stm32f4xx_hal_tim_ex.o(.text)
    HAL_TIMEx_CommutationCallback            0x0800950f   Thumb Code     2  stm32f4xx_hal_tim_ex.o(.text)
    TIMEx_DMACommutationCplt                 0x08009511   Thumb Code    20  stm32f4xx_hal_tim_ex.o(.text)
    HAL_TIMEx_ConfigCommutationEvent_DMA     0x08009525   Thumb Code   146  stm32f4xx_hal_tim_ex.o(.text)
    HAL_TIMEx_MasterConfigSynchronization    0x080095b7   Thumb Code    98  stm32f4xx_hal_tim_ex.o(.text)
    HAL_TIMEx_ConfigBreakDeadTime            0x08009619   Thumb Code    80  stm32f4xx_hal_tim_ex.o(.text)
    HAL_TIMEx_RemapConfig                    0x08009669   Thumb Code    48  stm32f4xx_hal_tim_ex.o(.text)
    HAL_TIMEx_BreakCallback                  0x08009699   Thumb Code     2  stm32f4xx_hal_tim_ex.o(.text)
    HAL_TIMEx_HallSensor_GetState            0x0800969b   Thumb Code     8  stm32f4xx_hal_tim_ex.o(.text)
    Reset_Handler                            0x080096a9   Thumb Code     8  startup_stm32f407xx.o(.text)
    NMI_Handler                              0x080096b1   Thumb Code     2  startup_stm32f407xx.o(.text)
    HardFault_Handler                        0x080096b3   Thumb Code     2  startup_stm32f407xx.o(.text)
    MemManage_Handler                        0x080096b5   Thumb Code     2  startup_stm32f407xx.o(.text)
    BusFault_Handler                         0x080096b7   Thumb Code     2  startup_stm32f407xx.o(.text)
    UsageFault_Handler                       0x080096b9   Thumb Code     2  startup_stm32f407xx.o(.text)
    DebugMon_Handler                         0x080096bd   Thumb Code     2  startup_stm32f407xx.o(.text)
    CAN1_RX0_IRQHandler                      0x080096c3   Thumb Code     0  startup_stm32f407xx.o(.text)
    CAN1_RX1_IRQHandler                      0x080096c3   Thumb Code     0  startup_stm32f407xx.o(.text)
    CAN1_SCE_IRQHandler                      0x080096c3   Thumb Code     0  startup_stm32f407xx.o(.text)
    CAN1_TX_IRQHandler                       0x080096c3   Thumb Code     0  startup_stm32f407xx.o(.text)
    CAN2_RX0_IRQHandler                      0x080096c3   Thumb Code     0  startup_stm32f407xx.o(.text)
    CAN2_RX1_IRQHandler                      0x080096c3   Thumb Code     0  startup_stm32f407xx.o(.text)
    CAN2_SCE_IRQHandler                      0x080096c3   Thumb Code     0  startup_stm32f407xx.o(.text)
    CAN2_TX_IRQHandler                       0x080096c3   Thumb Code     0  startup_stm32f407xx.o(.text)
    DCMI_IRQHandler                          0x080096c3   Thumb Code     0  startup_stm32f407xx.o(.text)
    DMA1_Stream0_IRQHandler                  0x080096c3   Thumb Code     0  startup_stm32f407xx.o(.text)
    DMA1_Stream1_IRQHandler                  0x080096c3   Thumb Code     0  startup_stm32f407xx.o(.text)
    DMA1_Stream2_IRQHandler                  0x080096c3   Thumb Code     0  startup_stm32f407xx.o(.text)
    DMA1_Stream3_IRQHandler                  0x080096c3   Thumb Code     0  startup_stm32f407xx.o(.text)
    DMA1_Stream4_IRQHandler                  0x080096c3   Thumb Code     0  startup_stm32f407xx.o(.text)
    DMA1_Stream5_IRQHandler                  0x080096c3   Thumb Code     0  startup_stm32f407xx.o(.text)
    DMA1_Stream6_IRQHandler                  0x080096c3   Thumb Code     0  startup_stm32f407xx.o(.text)
    DMA1_Stream7_IRQHandler                  0x080096c3   Thumb Code     0  startup_stm32f407xx.o(.text)
    DMA2_Stream0_IRQHandler                  0x080096c3   Thumb Code     0  startup_stm32f407xx.o(.text)
    DMA2_Stream1_IRQHandler                  0x080096c3   Thumb Code     0  startup_stm32f407xx.o(.text)
    DMA2_Stream2_IRQHandler                  0x080096c3   Thumb Code     0  startup_stm32f407xx.o(.text)
    DMA2_Stream3_IRQHandler                  0x080096c3   Thumb Code     0  startup_stm32f407xx.o(.text)
    DMA2_Stream5_IRQHandler                  0x080096c3   Thumb Code     0  startup_stm32f407xx.o(.text)
    DMA2_Stream6_IRQHandler                  0x080096c3   Thumb Code     0  startup_stm32f407xx.o(.text)
    DMA2_Stream7_IRQHandler                  0x080096c3   Thumb Code     0  startup_stm32f407xx.o(.text)
    ETH_IRQHandler                           0x080096c3   Thumb Code     0  startup_stm32f407xx.o(.text)
    ETH_WKUP_IRQHandler                      0x080096c3   Thumb Code     0  startup_stm32f407xx.o(.text)
    EXTI15_10_IRQHandler                     0x080096c3   Thumb Code     0  startup_stm32f407xx.o(.text)
    EXTI1_IRQHandler                         0x080096c3   Thumb Code     0  startup_stm32f407xx.o(.text)
    EXTI2_IRQHandler                         0x080096c3   Thumb Code     0  startup_stm32f407xx.o(.text)
    EXTI3_IRQHandler                         0x080096c3   Thumb Code     0  startup_stm32f407xx.o(.text)
    EXTI4_IRQHandler                         0x080096c3   Thumb Code     0  startup_stm32f407xx.o(.text)
    EXTI9_5_IRQHandler                       0x080096c3   Thumb Code     0  startup_stm32f407xx.o(.text)
    FLASH_IRQHandler                         0x080096c3   Thumb Code     0  startup_stm32f407xx.o(.text)
    FMC_IRQHandler                           0x080096c3   Thumb Code     0  startup_stm32f407xx.o(.text)
    FPU_IRQHandler                           0x080096c3   Thumb Code     0  startup_stm32f407xx.o(.text)
    HASH_RNG_IRQHandler                      0x080096c3   Thumb Code     0  startup_stm32f407xx.o(.text)
    I2C1_ER_IRQHandler                       0x080096c3   Thumb Code     0  startup_stm32f407xx.o(.text)
    I2C1_EV_IRQHandler                       0x080096c3   Thumb Code     0  startup_stm32f407xx.o(.text)
    I2C2_ER_IRQHandler                       0x080096c3   Thumb Code     0  startup_stm32f407xx.o(.text)
    I2C2_EV_IRQHandler                       0x080096c3   Thumb Code     0  startup_stm32f407xx.o(.text)
    I2C3_ER_IRQHandler                       0x080096c3   Thumb Code     0  startup_stm32f407xx.o(.text)
    I2C3_EV_IRQHandler                       0x080096c3   Thumb Code     0  startup_stm32f407xx.o(.text)
    OTG_FS_IRQHandler                        0x080096c3   Thumb Code     0  startup_stm32f407xx.o(.text)
    OTG_FS_WKUP_IRQHandler                   0x080096c3   Thumb Code     0  startup_stm32f407xx.o(.text)
    OTG_HS_EP1_IN_IRQHandler                 0x080096c3   Thumb Code     0  startup_stm32f407xx.o(.text)
    OTG_HS_EP1_OUT_IRQHandler                0x080096c3   Thumb Code     0  startup_stm32f407xx.o(.text)
    OTG_HS_IRQHandler                        0x080096c3   Thumb Code     0  startup_stm32f407xx.o(.text)
    OTG_HS_WKUP_IRQHandler                   0x080096c3   Thumb Code     0  startup_stm32f407xx.o(.text)
    PVD_IRQHandler                           0x080096c3   Thumb Code     0  startup_stm32f407xx.o(.text)
    RCC_IRQHandler                           0x080096c3   Thumb Code     0  startup_stm32f407xx.o(.text)
    RTC_Alarm_IRQHandler                     0x080096c3   Thumb Code     0  startup_stm32f407xx.o(.text)
    RTC_WKUP_IRQHandler                      0x080096c3   Thumb Code     0  startup_stm32f407xx.o(.text)
    SDIO_IRQHandler                          0x080096c3   Thumb Code     0  startup_stm32f407xx.o(.text)
    SPI1_IRQHandler                          0x080096c3   Thumb Code     0  startup_stm32f407xx.o(.text)
    SPI2_IRQHandler                          0x080096c3   Thumb Code     0  startup_stm32f407xx.o(.text)
    SPI3_IRQHandler                          0x080096c3   Thumb Code     0  startup_stm32f407xx.o(.text)
    TAMP_STAMP_IRQHandler                    0x080096c3   Thumb Code     0  startup_stm32f407xx.o(.text)
    TIM1_BRK_TIM9_IRQHandler                 0x080096c3   Thumb Code     0  startup_stm32f407xx.o(.text)
    TIM1_CC_IRQHandler                       0x080096c3   Thumb Code     0  startup_stm32f407xx.o(.text)
    TIM1_TRG_COM_TIM11_IRQHandler            0x080096c3   Thumb Code     0  startup_stm32f407xx.o(.text)
    TIM1_UP_TIM10_IRQHandler                 0x080096c3   Thumb Code     0  startup_stm32f407xx.o(.text)
    TIM2_IRQHandler                          0x080096c3   Thumb Code     0  startup_stm32f407xx.o(.text)
    TIM3_IRQHandler                          0x080096c3   Thumb Code     0  startup_stm32f407xx.o(.text)
    TIM4_IRQHandler                          0x080096c3   Thumb Code     0  startup_stm32f407xx.o(.text)
    TIM5_IRQHandler                          0x080096c3   Thumb Code     0  startup_stm32f407xx.o(.text)
    TIM6_DAC_IRQHandler                      0x080096c3   Thumb Code     0  startup_stm32f407xx.o(.text)
    TIM7_IRQHandler                          0x080096c3   Thumb Code     0  startup_stm32f407xx.o(.text)
    TIM8_BRK_TIM12_IRQHandler                0x080096c3   Thumb Code     0  startup_stm32f407xx.o(.text)
    TIM8_CC_IRQHandler                       0x080096c3   Thumb Code     0  startup_stm32f407xx.o(.text)
    TIM8_TRG_COM_TIM14_IRQHandler            0x080096c3   Thumb Code     0  startup_stm32f407xx.o(.text)
    TIM8_UP_TIM13_IRQHandler                 0x080096c3   Thumb Code     0  startup_stm32f407xx.o(.text)
    UART4_IRQHandler                         0x080096c3   Thumb Code     0  startup_stm32f407xx.o(.text)
    UART5_IRQHandler                         0x080096c3   Thumb Code     0  startup_stm32f407xx.o(.text)
    USART1_IRQHandler                        0x080096c3   Thumb Code     0  startup_stm32f407xx.o(.text)
    USART2_IRQHandler                        0x080096c3   Thumb Code     0  startup_stm32f407xx.o(.text)
    USART3_IRQHandler                        0x080096c3   Thumb Code     0  startup_stm32f407xx.o(.text)
    USART6_IRQHandler                        0x080096c3   Thumb Code     0  startup_stm32f407xx.o(.text)
    WWDG_IRQHandler                          0x080096c3   Thumb Code     0  startup_stm32f407xx.o(.text)
    SystemInit                               0x080096cd   Thumb Code    82  system_stm32f4xx.o(.text)
    SystemCoreClockUpdate                    0x0800971f   Thumb Code   174  system_stm32f4xx.o(.text)
    __aeabi_memset                           0x080097ed   Thumb Code    14  memseta.o(.text)
    __aeabi_memset4                          0x080097ed   Thumb Code     0  memseta.o(.text)
    __aeabi_memset8                          0x080097ed   Thumb Code     0  memseta.o(.text)
    __aeabi_memclr                           0x080097fb   Thumb Code     4  memseta.o(.text)
    __aeabi_memclr4                          0x080097fb   Thumb Code     0  memseta.o(.text)
    __aeabi_memclr8                          0x080097fb   Thumb Code     0  memseta.o(.text)
    _memset$wrapper                          0x080097ff   Thumb Code    18  memseta.o(.text)
    __aeabi_dadd                             0x08009811   Thumb Code   322  dadd.o(.text)
    __aeabi_dsub                             0x08009953   Thumb Code     6  dadd.o(.text)
    __aeabi_drsub                            0x08009959   Thumb Code     6  dadd.o(.text)
    __aeabi_dmul                             0x0800995f   Thumb Code   228  dmul.o(.text)
    __aeabi_ddiv                             0x08009a43   Thumb Code   222  ddiv.o(.text)
    __aeabi_i2d                              0x08009b21   Thumb Code    34  dflti.o(.text)
    __aeabi_d2iz                             0x08009b43   Thumb Code    62  dfixi.o(.text)
    __aeabi_f2d                              0x08009b81   Thumb Code    38  f2d.o(.text)
    __aeabi_d2f                              0x08009ba7   Thumb Code    56  d2f.o(.text)
    __aeabi_llsl                             0x08009bdf   Thumb Code    30  llshl.o(.text)
    _ll_shift_l                              0x08009bdf   Thumb Code     0  llshl.o(.text)
    __aeabi_llsr                             0x08009bfd   Thumb Code    32  llushr.o(.text)
    _ll_ushift_r                             0x08009bfd   Thumb Code     0  llushr.o(.text)
    __aeabi_lasr                             0x08009c1d   Thumb Code    36  llsshr.o(.text)
    _ll_sshift_r                             0x08009c1d   Thumb Code     0  llsshr.o(.text)
    __I$use$fp                               0x08009c41   Thumb Code     0  iusefp.o(.text)
    _float_round                             0x08009c41   Thumb Code    18  fepilogue.o(.text)
    _float_epilogue                          0x08009c53   Thumb Code    92  fepilogue.o(.text)
    _double_round                            0x08009caf   Thumb Code    30  depilogue.o(.text)
    _double_epilogue                         0x08009ccd   Thumb Code   156  depilogue.o(.text)
    __ARM_scalbn                             0x08009d69   Thumb Code    46  dscalb.o(.text)
    scalbn                                   0x08009d69   Thumb Code     0  dscalb.o(.text)
    _dsqrt                                   0x08009d97   Thumb Code   162  dsqrt.o(.text)
    __aeabi_cdrcmple                         0x08009e39   Thumb Code    48  cdrcmple.o(.text)
    __scatterload                            0x08009e69   Thumb Code    28  init.o(.text)
    __scatterload_rt2                        0x08009e69   Thumb Code     0  init.o(.text)
    SVC_Count                                0x08009e8c   Data           4  svc_table.o(SVC_TABLE)
    __I$use$semihosting$fputc                0x08009e8d   Thumb Code     0  iusesemip.o(.text)
    __semihosting_library_function           0x08009e8d   Thumb Code     0  semi.o(.text)
    SVC_Table                                0x08009e90   Data           0  svc_table.o(SVC_TABLE)
    __0printf$bare                           0x08009e91   Thumb Code     8  printfb.o(i.__0printf$bare)
    __1printf$bare                           0x08009e91   Thumb Code     0  printfb.o(i.__0printf$bare)
    __2printf                                0x08009e91   Thumb Code     0  printfb.o(i.__0printf$bare)
    __ARM_fpclassify                         0x08009ea1   Thumb Code    48  fpclassify.o(i.__ARM_fpclassify)
    __hardfp_atan                            0x08009ed1   Thumb Code   622  atan.o(i.__hardfp_atan)
    __hardfp_fabs                            0x0800a1a9   Thumb Code    20  fabs.o(i.__hardfp_fabs)
    __hardfp_pow                             0x0800a1c1   Thumb Code  3044  pow.o(i.__hardfp_pow)
    __hardfp_sqrt                            0x0800adf9   Thumb Code   122  sqrt.o(i.__hardfp_sqrt)
    __kernel_poly                            0x0800ae73   Thumb Code   248  poly.o(i.__kernel_poly)
    __mathlib_dbl_divzero                    0x0800af71   Thumb Code    28  dunder.o(i.__mathlib_dbl_divzero)
    __mathlib_dbl_infnan                     0x0800afa1   Thumb Code    20  dunder.o(i.__mathlib_dbl_infnan)
    __mathlib_dbl_infnan2                    0x0800afb5   Thumb Code    20  dunder.o(i.__mathlib_dbl_infnan2)
    __mathlib_dbl_invalid                    0x0800afc9   Thumb Code    24  dunder.o(i.__mathlib_dbl_invalid)
    __mathlib_dbl_overflow                   0x0800afe9   Thumb Code    24  dunder.o(i.__mathlib_dbl_overflow)
    __mathlib_dbl_underflow                  0x0800b009   Thumb Code    24  dunder.o(i.__mathlib_dbl_underflow)
    __scatterload_copy                       0x0800b029   Thumb Code    14  handlers.o(i.__scatterload_copy)
    __scatterload_null                       0x0800b037   Thumb Code     2  handlers.o(i.__scatterload_null)
    __scatterload_zeroinit                   0x0800b039   Thumb Code    14  handlers.o(i.__scatterload_zeroinit)
    __set_errno                              0x0800b049   Thumb Code     6  errno.o(i.__set_errno)
    _init_box                                0x0800b055   Thumb Code    70  rt_membox.o(i._init_box)
    dbg_init                                 0x0800b0bd   Thumb Code    34  hal_cm.o(i.dbg_init)
    dbg_task_notify                          0x0800b0ed   Thumb Code    32  hal_cm.o(i.dbg_task_notify)
    dbg_task_switch                          0x0800b10d   Thumb Code    16  hal_cm.o(i.dbg_task_switch)
    fabs                                     0x0800b11d   Thumb Code    24  fabs.o(i.fabs)
    fputc                                    0x0800b135   Thumb Code    18  fputc.o(i.fputc)
    isrMessageGet                            0x0800b147   Thumb Code    42  rt_cmsis.o(i.isrMessageGet)
    isrMessagePut                            0x0800b171   Thumb Code    44  rt_cmsis.o(i.isrMessagePut)
    isr_mbx_receive                          0x0800b19d   Thumb Code    86  rt_mailbox.o(i.isr_mbx_receive)
    isr_mbx_send                             0x0800b1f3   Thumb Code    14  rt_mailbox.o(i.isr_mbx_send)
    osDelay                                  0x0800b201   Thumb Code    18  rt_cmsis.o(i.osDelay)
    osKernelInitialize                       0x0800b219   Thumb Code    30  rt_cmsis.o(i.osKernelInitialize)
    osKernelStart                            0x0800b23d   Thumb Code    98  rt_cmsis.o(i.osKernelStart)
    osMessageGet                             0x0800b2a9   Thumb Code    18  rt_cmsis.o(i.osMessageGet)
    osThreadCreate                           0x0800b2c1   Thumb Code    36  rt_cmsis.o(i.osThreadCreate)
    osThreadExit                             0x0800b2ed   Thumb Code    14  rt_cmsis.o(i.osThreadExit)
    osTimerCall                              0x0800b305   Thumb Code     8  rt_cmsis.o(i.osTimerCall)
    osTimerThread                            0x0800b311   Thumb Code    38  rt_cmsis.o(i.osTimerThread)
    os_tick_init                             0x0800b33d   Thumb Code    32  rt_system.o(i.os_tick_init)
    os_tick_irqack                           0x0800b365   Thumb Code     2  rt_system.o(i.os_tick_irqack)
    rt_alloc_box                             0x0800b367   Thumb Code    26  rt_membox.o(i.rt_alloc_box)
    rt_alloc_mem                             0x0800b381   Thumb Code    62  rt_memory.o(i.rt_alloc_mem)
    rt_block                                 0x0800b3c1   Thumb Code    48  rt_task.o(i.rt_block)
    rt_chk_robin                             0x0800b3f9   Thumb Code    60  rt_robin.o(i.rt_chk_robin)
    rt_dec_dly                               0x0800b441   Thumb Code   102  rt_list.o(i.rt_dec_dly)
    rt_dispatch                              0x0800b4b1   Thumb Code    60  rt_task.o(i.rt_dispatch)
    rt_dly_wait                              0x0800b4f5   Thumb Code     6  rt_time.o(i.rt_dly_wait)
    rt_evt_psh                               0x0800b4fd   Thumb Code    76  rt_event.o(i.rt_evt_psh)
    rt_free_box                              0x0800b54d   Thumb Code    44  rt_membox.o(i.rt_free_box)
    rt_free_mem                              0x0800b579   Thumb Code    40  rt_memory.o(i.rt_free_mem)
    rt_get_first                             0x0800b5a1   Thumb Code    40  rt_list.o(i.rt_get_first)
    rt_init_mem                              0x0800b619   Thumb Code    26  rt_memory.o(i.rt_init_mem)
    rt_init_robin                            0x0800b635   Thumb Code    14  rt_robin.o(i.rt_init_robin)
    rt_init_stack                            0x0800b64d   Thumb Code   118  hal_cm.o(i.rt_init_stack)
    rt_mbx_check                             0x0800b6cd   Thumb Code     8  rt_mailbox.o(i.rt_mbx_check)
    rt_mbx_init                              0x0800b6d5   Thumb Code    26  rt_mailbox.o(i.rt_mbx_init)
    rt_mbx_psh                               0x0800b6f1   Thumb Code   236  rt_mailbox.o(i.rt_mbx_psh)
    rt_mbx_wait                              0x0800b7e1   Thumb Code   174  rt_mailbox.o(i.rt_mbx_wait)
    rt_pop_req                               0x0800b8d9   Thumb Code   112  rt_system.o(i.rt_pop_req)
    rt_psh_req                               0x0800b955   Thumb Code    22  rt_system.o(i.rt_psh_req)
    rt_psq_enq                               0x0800b975   Thumb Code    88  rt_list.o(i.rt_psq_enq)
    rt_put_dly                               0x0800b9d1   Thumb Code    68  rt_list.o(i.rt_put_dly)
    rt_put_prio                              0x0800ba19   Thumb Code    54  rt_list.o(i.rt_put_prio)
    rt_put_rdy_first                         0x0800ba51   Thumb Code    14  rt_list.o(i.rt_put_rdy_first)
    rt_resort_prio                           0x0800ba65   Thumb Code    46  rt_list.o(i.rt_resort_prio)
    rt_ret_val                               0x0800baa9   Thumb Code    12  hal_cm.o(i.rt_ret_val)
    rt_ret_val2                              0x0800bab5   Thumb Code    16  hal_cm.o(i.rt_ret_val2)
    rt_rmv_dly                               0x0800bac5   Thumb Code    40  rt_list.o(i.rt_rmv_dly)
    rt_rmv_list                              0x0800baed   Thumb Code    44  rt_list.o(i.rt_rmv_list)
    rt_sem_psh                               0x0800bb1d   Thumb Code    48  rt_semaphore.o(i.rt_sem_psh)
    rt_stk_check                             0x0800bb51   Thumb Code    28  rt_system.o(i.rt_stk_check)
    rt_switch_req                            0x0800bb75   Thumb Code    30  rt_task.o(i.rt_switch_req)
    rt_sys_init                              0x0800bb9d   Thumb Code   138  rt_task.o(i.rt_sys_init)
    rt_sys_start                             0x0800bc69   Thumb Code   110  rt_task.o(i.rt_sys_start)
    rt_systick                               0x0800bce1   Thumb Code    50  rt_system.o(i.rt_systick)
    rt_tsk_create                            0x0800bd69   Thumb Code   118  rt_task.o(i.rt_tsk_create)
    rt_tsk_delete                            0x0800bdf1   Thumb Code   352  rt_task.o(i.rt_tsk_delete)
    rt_tsk_prio                              0x0800bf6d   Thumb Code   108  rt_task.o(i.rt_tsk_prio)
    rt_tsk_self                              0x0800bfe9   Thumb Code    12  rt_task.o(i.rt_tsk_self)
    sqrt                                     0x0800bff9   Thumb Code   110  sqrt.o(i.sqrt)
    svcDelay                                 0x0800c067   Thumb Code    18  rt_cmsis.o(i.svcDelay)
    svcKernelInitialize                      0x0800c079   Thumb Code    80  rt_cmsis.o(i.svcKernelInitialize)
    svcKernelStart                           0x0800c0e9   Thumb Code    62  rt_cmsis.o(i.svcKernelStart)
    svcMessageCreate                         0x0800c131   Thumb Code    36  rt_cmsis.o(i.svcMessageCreate)
    svcMessageGet                            0x0800c155   Thumb Code    58  rt_cmsis.o(i.svcMessageGet)
    svcThreadCreate                          0x0800c191   Thumb Code    96  rt_cmsis.o(i.svcThreadCreate)
    svcThreadGetId                           0x0800c1fd   Thumb Code    22  rt_cmsis.o(i.svcThreadGetId)
    svcThreadTerminate                       0x0800c219   Thumb Code    50  rt_cmsis.o(i.svcThreadTerminate)
    svcTimerCall                             0x0800c251   Thumb Code    24  rt_cmsis.o(i.svcTimerCall)
    sysTimerTick                             0x0800c269   Thumb Code    84  rt_cmsis.o(i.sysTimerTick)
    os_thread_def_keypadThread               0x0800c4e0   Data          16  threads.o(.constdata)
    os_thread_def_displayThread              0x0800c4f0   Data          16  threads.o(.constdata)
    os_thread_def_tempThread                 0x0800c500   Data          16  threads.o(.constdata)
    os_thread_def_accelThread                0x0800c510   Data          16  threads.o(.constdata)
    os_thread_def_Thread_LED                 0x0800c520   Data          16  threads.o(.constdata)
    os_maxtaskrun                            0x0800c670   Data           2  rtx_conf_cm.o(.constdata)
    os_stackinfo                             0x0800c674   Data           4  rtx_conf_cm.o(.constdata)
    os_rrobin                                0x0800c678   Data           4  rtx_conf_cm.o(.constdata)
    os_tickfreq                              0x0800c67c   Data           4  rtx_conf_cm.o(.constdata)
    os_tickus_i                              0x0800c680   Data           2  rtx_conf_cm.o(.constdata)
    os_tickus_f                              0x0800c682   Data           2  rtx_conf_cm.o(.constdata)
    os_trv                                   0x0800c684   Data           4  rtx_conf_cm.o(.constdata)
    os_flags                                 0x0800c688   Data           1  rtx_conf_cm.o(.constdata)
    CMSIS_RTOS_API_Version                   0x0800c68c   Data           4  rtx_conf_cm.o(.constdata)
    CMSIS_RTOS_RTX_Version                   0x0800c690   Data           4  rtx_conf_cm.o(.constdata)
    os_clockrate                             0x0800c694   Data           4  rtx_conf_cm.o(.constdata)
    os_timernum                              0x0800c698   Data           4  rtx_conf_cm.o(.constdata)
    mp_tcb_size                              0x0800c69c   Data           2  rtx_conf_cm.o(.constdata)
    mp_stk_size                              0x0800c6a0   Data           4  rtx_conf_cm.o(.constdata)
    os_stack_sz                              0x0800c6a4   Data           4  rtx_conf_cm.o(.constdata)
    os_fifo_size                             0x0800c6a8   Data           1  rtx_conf_cm.o(.constdata)
    os_thread_def_osTimerThread              0x0800c6ac   Data          16  rtx_conf_cm.o(.constdata)
    os_messageQ_def_osTimerMessageQ          0x0800c6bc   Data           8  rtx_conf_cm.o(.constdata)
    mp_tmr_size                              0x0800c6c4   Data           2  rtx_conf_cm.o(.constdata)
    os_thread_def_main                       0x0800c6c8   Data          16  rtx_conf_cm.o(.constdata)
    APBAHBPrescTable                         0x0800c6e0   Data          16  stm32f4xx_hal_rcc.o(.constdata)
    AHBPrescTable                            0x0800c6f0   Data          16  system_stm32f4xx.o(.constdata)
    __mathlib_zero                           0x0800c820   Data           8  qnan.o(.constdata)
    Region$$Table$$Base                      0x0800c828   Number         0  anon$$obj.o(Region$$Table)
    Region$$Table$$Limit                     0x0800c848   Number         0  anon$$obj.o(Region$$Table)
    readingADC                               0x20000000   Data           4  main.o(.data)
    rollGoal                                 0x20000004   Data           4  main.o(.data)
    pitchGoal                                0x20000008   Data           4  main.o(.data)
    mode                                     0x2000000c   Data           4  main.o(.data)
    isDisplayingTargetAngle                  0x20000010   Data           4  main.o(.data)
    tempTargetRollAngle                      0x20000014   Data           4  main.o(.data)
    tempTargetPitchAngle                     0x20000018   Data           4  main.o(.data)
    currentTargetRollAngle                   0x2000001c   Data           4  main.o(.data)
    currentTargetPitchAngle                  0x20000020   Data           4  main.o(.data)
    currentTemp                              0x20000024   Data           4  gpio.o(.data)
    rawTemp                                  0x20000028   Data           4  gpio.o(.data)
    pastTemperaturesIndex                    0x2000002c   Data           4  gpio.o(.data)
    accelerometerValuesReady                 0x20000030   Data           4  threads.o(.data)
    currentDigit                             0x20000034   Data           4  threads.o(.data)
    currentDisplayTemp                       0x20000038   Data           4  threads.o(.data)
    counterDisplayTempUpdate                 0x2000003c   Data           4  threads.o(.data)
    isBlinking                               0x20000040   Data           4  threads.o(.data)
    tid_Thread_LED                           0x20000044   Data           4  threads.o(.data)
    pastRollIndex                            0x20000048   Data           4  accelerometer.o(.data)
    pastPitchIndex                           0x2000004c   Data           4  accelerometer.o(.data)
    LIS3DSHTimeout                           0x20000050   Data           4  lis3dsh.o(.data)
    osThreadId_osTimerThread                 0x20000054   Data           4  rtx_conf_cm.o(.data)
    osMessageQId_osTimerMessageQ             0x20000058   Data           4  rtx_conf_cm.o(.data)
    os_tmr                                   0x2000005c   Data           4  rtx_conf_cm.o(.data)
    m_tmr                                    0x20000060   Data           4  rtx_conf_cm.o(.data)
    SystemCoreClock                          0x20000068   Data           4  system_stm32f4xx.o(.data)
    os_initialized                           0x2000006c   Data           1  rt_cmsis.o(.data)
    os_running                               0x2000006d   Data           1  rt_cmsis.o(.data)
    os_timer_head                            0x20000070   Data           4  rt_cmsis.o(.data)
    os_time                                  0x20000074   Data           4  rt_time.o(.data)
    os_tsk                                   0x20000078   Data           8  rt_task.o(.data)
    os_tick_irqn                             0x20000084   Data           4  rt_system.o(.data)
    dbg_msg                                  0x20000088   Data           1  hal_cm.o(.data)
    os_robin                                 0x2000008c   Data           8  rt_robin.o(.data)
    __stdout                                 0x20000094   Data           4  stdout.o(.data)
    keypadGPIO                               0x2000009c   Data          20  main.o(.bss)
    displayGPIO                              0x200000b0   Data          20  main.o(.bss)
    handleADC                                0x200000c4   Data          68  main.o(.bss)
    channelADC                               0x20000108   Data          16  main.o(.bss)
    handleDMA                                0x20000118   Data          88  main.o(.bss)
    handleSPI                                0x20000170   Data          88  main.o(.bss)
    handleTIM                                0x200001c8   Data          60  main.o(.bss)
    initTIM                                  0x20000204   Data          28  main.o(.bss)
    handleLED                                0x20000220   Data          20  main.o(.bss)
    pastTemperatures                         0x20000234   Data         200  gpio.o(.bss)
    LED_configuration                        0x200002fc   Data          20  threads.o(.bss)
    pastRoll                                 0x20000310   Data         100  accelerometer.o(.bss)
    pastPitch                                0x20000374   Data         100  accelerometer.o(.bss)
    SpiHandle                                0x200003d8   Data          88  lis3dsh.o(.bss)
    mp_tcb                                   0x20000430   Data         376  rtx_conf_cm.o(.bss)
    mp_stk                                   0x200005a8   Data        4816  rtx_conf_cm.o(.bss)
    os_stack_mem                             0x20001878   Data        1256  rtx_conf_cm.o(.bss)
    os_fifo                                  0x20001d60   Data         132  rtx_conf_cm.o(.bss)
    os_active_TCB                            0x20001de4   Data          28  rtx_conf_cm.o(.bss)
    os_messageQ_q_osTimerMessageQ            0x20001e00   Data          32  rtx_conf_cm.o(.bss)
    os_idle_TCB                              0x20001e20   Data          52  rt_task.o(.bss)
    os_rdy                                   0x20001e54   Data          24  rt_list.o(.bss)
    os_dly                                   0x20001e6c   Data          24  rt_list.o(.bss)
    __initial_sp                             0x20002288   Data           0  startup_stm32f407xx.o(STACK)



==============================================================================

Memory Map of the image

  Image Entry point : 0x08000189

  Load Region LR_IROM1 (Base: 0x08000000, Size: 0x0000c8e4, Max: 0x00100000, ABSOLUTE)

    Execution Region ER_IROM1 (Base: 0x08000000, Size: 0x0000c848, Max: 0x00100000, ABSOLUTE)

    Base Addr    Size         Type   Attr      Idx    E Section Name        Object

    0x08000000   0x00000188   Data   RO          780    RESET               startup_stm32f407xx.o
    0x08000188   0x00000000   Code   RO         2075  * .ARM.Collect$$$$00000000  mc_w.l(entry.o)
    0x08000188   0x00000004   Code   RO         2375    .ARM.Collect$$$$00000001  mc_w.l(entry2.o)
    0x0800018c   0x00000004   Code   RO         2378    .ARM.Collect$$$$00000004  mc_w.l(entry5.o)
    0x08000190   0x00000000   Code   RO         2380    .ARM.Collect$$$$00000008  mc_w.l(entry7b.o)
    0x08000190   0x00000000   Code   RO         2382    .ARM.Collect$$$$0000000A  mc_w.l(entry8b.o)
    0x08000190   0x00000000   Code   RO         2383    .ARM.Collect$$$$0000000D  mc_w.l(entry10a.o)
    0x08000190   0x00000000   Code   RO         2385    .ARM.Collect$$$$0000000F  mc_w.l(entry11a.o)
    0x08000190   0x00000018   Code   RO          355    .ARM.Collect$$$$000000FF  rtx_conf_cm.o
    0x080001a8   0x00000004   Code   RO         2376    .ARM.Collect$$$$00002712  mc_w.l(entry2.o)
    0x080001ac   0x00000198   Code   RO         2016    .emb_text           RTX_CM4.lib(hal_cm4.o)
    0x08000344   0x000001e0   Code   RO            4    .text               main.o
    0x08000524   0x0000014c   Code   RO          167    .text               adc.o
    0x08000670   0x000006b8   Code   RO          191    .text               gpio.o
    0x08000d28   0x000004b8   Code   RO          227    .text               threads.o
    0x080011e0   0x0000012c   Code   RO          269    .text               interrupts.o
    0x0800130c   0x000008a4   Code   RO          295    .text               accelerometer.o
    0x08001bb0   0x000005c0   Code   RO          327    .text               lis3dsh.o
    0x08002170   0x00000026   Code   RO          356    .text               rtx_conf_cm.o
    0x08002196   0x00000002   PAD
    0x08002198   0x000001b0   Code   RO          387    .text               stm32f4xx_hal.o
    0x08002348   0x0000099c   Code   RO          413    .text               stm32f4xx_hal_adc.o
    0x08002ce4   0x00000720   Code   RO          437    .text               stm32f4xx_hal_adc_ex.o
    0x08003404   0x00000354   Code   RO          461    .text               stm32f4xx_hal_cortex.o
    0x08003758   0x00000618   Code   RO          489    .text               stm32f4xx_hal_dma.o
    0x08003d70   0x000003cc   Code   RO          538    .text               stm32f4xx_hal_gpio.o
    0x0800413c   0x00000a4c   Code   RO          610    .text               stm32f4xx_hal_rcc.o
    0x08004b88   0x00001598   Code   RO          661    .text               stm32f4xx_hal_spi.o
    0x08006120   0x00002800   Code   RO          685    .text               stm32f4xx_hal_tim.o
    0x08008920   0x00000d88   Code   RO          709    .text               stm32f4xx_hal_tim_ex.o
    0x080096a8   0x00000024   Code   RO          781    .text               startup_stm32f407xx.o
    0x080096cc   0x00000120   Code   RO          788    .text               system_stm32f4xx.o
    0x080097ec   0x00000024   Code   RO         2080    .text               mc_w.l(memseta.o)
    0x08009810   0x0000014e   Code   RO         2342    .text               mf_w.l(dadd.o)
    0x0800995e   0x000000e4   Code   RO         2344    .text               mf_w.l(dmul.o)
    0x08009a42   0x000000de   Code   RO         2346    .text               mf_w.l(ddiv.o)
    0x08009b20   0x00000022   Code   RO         2348    .text               mf_w.l(dflti.o)
    0x08009b42   0x0000003e   Code   RO         2350    .text               mf_w.l(dfixi.o)
    0x08009b80   0x00000026   Code   RO         2352    .text               mf_w.l(f2d.o)
    0x08009ba6   0x00000038   Code   RO         2354    .text               mf_w.l(d2f.o)
    0x08009bde   0x0000001e   Code   RO         2392    .text               mc_w.l(llshl.o)
    0x08009bfc   0x00000020   Code   RO         2394    .text               mc_w.l(llushr.o)
    0x08009c1c   0x00000024   Code   RO         2396    .text               mc_w.l(llsshr.o)
    0x08009c40   0x00000000   Code   RO         2405    .text               mc_w.l(iusefp.o)
    0x08009c40   0x0000006e   Code   RO         2406    .text               mf_w.l(fepilogue.o)
    0x08009cae   0x000000ba   Code   RO         2408    .text               mf_w.l(depilogue.o)
    0x08009d68   0x0000002e   Code   RO         2412    .text               mf_w.l(dscalb.o)
    0x08009d96   0x000000a2   Code   RO         2414    .text               mf_w.l(dsqrt.o)
    0x08009e38   0x00000030   Code   RO         2420    .text               mf_w.l(cdrcmple.o)
    0x08009e68   0x00000024   Code   RO         2422    .text               mc_w.l(init.o)
    0x08009e8c   0x00000000   Code   RO         2424    .text               mc_w.l(semi.o)
    0x08009e8c   0x00000000   Code   RO         2425    .text               mc_w.l(iusesemip.o)
    0x08009e8c   0x00000004   Code   RO         2026    SVC_TABLE           RTX_CM4.lib(svc_table.o)
    0x08009e90   0x00000010   Code   RO         2083    i.__0printf$bare    mc_w.l(printfb.o)
    0x08009ea0   0x00000030   Code   RO         2370    i.__ARM_fpclassify  m_wm.l(fpclassify.o)
    0x08009ed0   0x000002d8   Code   RO         2029    i.__hardfp_atan     m_wm.l(atan.o)
    0x0800a1a8   0x00000014   Code   RO         2043    i.__hardfp_fabs     m_wm.l(fabs.o)
    0x0800a1bc   0x00000004   PAD
    0x0800a1c0   0x00000c38   Code   RO         2049    i.__hardfp_pow      m_wm.l(pow.o)
    0x0800adf8   0x0000007a   Code   RO         2063    i.__hardfp_sqrt     m_wm.l(sqrt.o)
    0x0800ae72   0x000000f8   Code   RO         2372    i.__kernel_poly     m_wm.l(poly.o)
    0x0800af6a   0x00000006   PAD
    0x0800af70   0x00000030   Code   RO         2356    i.__mathlib_dbl_divzero  m_wm.l(dunder.o)
    0x0800afa0   0x00000014   Code   RO         2357    i.__mathlib_dbl_infnan  m_wm.l(dunder.o)
    0x0800afb4   0x00000014   Code   RO         2358    i.__mathlib_dbl_infnan2  m_wm.l(dunder.o)
    0x0800afc8   0x00000020   Code   RO         2359    i.__mathlib_dbl_invalid  m_wm.l(dunder.o)
    0x0800afe8   0x00000020   Code   RO         2360    i.__mathlib_dbl_overflow  m_wm.l(dunder.o)
    0x0800b008   0x00000020   Code   RO         2362    i.__mathlib_dbl_underflow  m_wm.l(dunder.o)
    0x0800b028   0x0000000e   Code   RO         2428    i.__scatterload_copy  mc_w.l(handlers.o)
    0x0800b036   0x00000002   Code   RO         2429    i.__scatterload_null  mc_w.l(handlers.o)
    0x0800b038   0x0000000e   Code   RO         2430    i.__scatterload_zeroinit  mc_w.l(handlers.o)
    0x0800b046   0x00000002   PAD
    0x0800b048   0x0000000c   Code   RO         2400    i.__set_errno       mc_w.l(errno.o)
    0x0800b054   0x00000046   Code   RO         1889    i._init_box         RTX_CM4.lib(rt_membox.o)
    0x0800b09a   0x00000022   Code   RO         2090    i._printf_core      mc_w.l(printfb.o)
    0x0800b0bc   0x00000030   Code   RO         1942    i.dbg_init          RTX_CM4.lib(hal_cm.o)
    0x0800b0ec   0x00000020   Code   RO         1943    i.dbg_task_notify   RTX_CM4.lib(hal_cm.o)
    0x0800b10c   0x00000010   Code   RO         1944    i.dbg_task_switch   RTX_CM4.lib(hal_cm.o)
    0x0800b11c   0x00000018   Code   RO         2045    i.fabs              m_wm.l(fabs.o)
    0x0800b134   0x00000012   Code   RO         2387    i.fputc             mc_w.l(fputc.o)
    0x0800b146   0x0000002a   Code   RO          819    i.isrMessageGet     RTX_CM4.lib(rt_cmsis.o)
    0x0800b170   0x0000002c   Code   RO          820    i.isrMessagePut     RTX_CM4.lib(rt_cmsis.o)
    0x0800b19c   0x00000056   Code   RO         1768    i.isr_mbx_receive   RTX_CM4.lib(rt_mailbox.o)
    0x0800b1f2   0x0000000e   Code   RO         1769    i.isr_mbx_send      RTX_CM4.lib(rt_mailbox.o)
    0x0800b200   0x00000018   Code   RO          823    i.osDelay           RTX_CM4.lib(rt_cmsis.o)
    0x0800b218   0x00000024   Code   RO          824    i.osKernelInitialize  RTX_CM4.lib(rt_cmsis.o)
    0x0800b23c   0x0000006c   Code   RO          826    i.osKernelStart     RTX_CM4.lib(rt_cmsis.o)
    0x0800b2a8   0x00000018   Code   RO          835    i.osMessageGet      RTX_CM4.lib(rt_cmsis.o)
    0x0800b2c0   0x0000002c   Code   RO          852    i.osThreadCreate    RTX_CM4.lib(rt_cmsis.o)
    0x0800b2ec   0x00000018   Code   RO          853    i.osThreadExit      RTX_CM4.lib(rt_cmsis.o)
    0x0800b304   0x0000000c   Code   RO          859    i.osTimerCall       RTX_CM4.lib(rt_cmsis.o)
    0x0800b310   0x0000002c   Code   RO          864    i.osTimerThread     RTX_CM4.lib(rt_cmsis.o)
    0x0800b33c   0x00000028   Code   RO         1556    i.os_tick_init      RTX_CM4.lib(rt_system.o)
    0x0800b364   0x00000002   Code   RO         1557    i.os_tick_irqack    RTX_CM4.lib(rt_system.o)
    0x0800b366   0x0000001a   Code   RO         1890    i.rt_alloc_box      RTX_CM4.lib(rt_membox.o)
    0x0800b380   0x0000003e   Code   RO         1918    i.rt_alloc_mem      RTX_CM4.lib(rt_memory.o)
    0x0800b3be   0x00000002   PAD
    0x0800b3c0   0x00000038   Code   RO         1471    i.rt_block          RTX_CM4.lib(rt_task.o)
    0x0800b3f8   0x00000048   Code   RO         1995    i.rt_chk_robin      RTX_CM4.lib(rt_robin.o)
    0x0800b440   0x00000070   Code   RO         1692    i.rt_dec_dly        RTX_CM4.lib(rt_list.o)
    0x0800b4b0   0x00000044   Code   RO         1472    i.rt_dispatch       RTX_CM4.lib(rt_task.o)
    0x0800b4f4   0x00000006   Code   RO         1438    i.rt_dly_wait       RTX_CM4.lib(rt_time.o)
    0x0800b4fa   0x00000002   PAD
    0x0800b4fc   0x00000050   Code   RO         1649    i.rt_evt_psh        RTX_CM4.lib(rt_event.o)
    0x0800b54c   0x0000002c   Code   RO         1891    i.rt_free_box       RTX_CM4.lib(rt_membox.o)
    0x0800b578   0x00000028   Code   RO         1919    i.rt_free_mem       RTX_CM4.lib(rt_memory.o)
    0x0800b5a0   0x00000028   Code   RO         1693    i.rt_get_first      RTX_CM4.lib(rt_list.o)
    0x0800b5c8   0x00000008   Code   RO          869    i.rt_id2obj         RTX_CM4.lib(rt_cmsis.o)
    0x0800b5d0   0x00000048   Code   RO         1473    i.rt_init_context   RTX_CM4.lib(rt_task.o)
    0x0800b618   0x0000001a   Code   RO         1920    i.rt_init_mem       RTX_CM4.lib(rt_memory.o)
    0x0800b632   0x00000002   PAD
    0x0800b634   0x00000018   Code   RO         1996    i.rt_init_robin     RTX_CM4.lib(rt_robin.o)
    0x0800b64c   0x00000080   Code   RO         1945    i.rt_init_stack     RTX_CM4.lib(hal_cm.o)
    0x0800b6cc   0x00000008   Code   RO         1770    i.rt_mbx_check      RTX_CM4.lib(rt_mailbox.o)
    0x0800b6d4   0x0000001a   Code   RO         1771    i.rt_mbx_init       RTX_CM4.lib(rt_mailbox.o)
    0x0800b6ee   0x00000002   PAD
    0x0800b6f0   0x000000f0   Code   RO         1772    i.rt_mbx_psh        RTX_CM4.lib(rt_mailbox.o)
    0x0800b7e0   0x000000b4   Code   RO         1774    i.rt_mbx_wait       RTX_CM4.lib(rt_mailbox.o)
    0x0800b894   0x00000044   Code   RO          870    i.rt_ms2tick        RTX_CM4.lib(rt_cmsis.o)
    0x0800b8d8   0x0000007c   Code   RO         1560    i.rt_pop_req        RTX_CM4.lib(rt_system.o)
    0x0800b954   0x00000020   Code   RO         1561    i.rt_psh_req        RTX_CM4.lib(rt_system.o)
    0x0800b974   0x0000005c   Code   RO         1695    i.rt_psq_enq        RTX_CM4.lib(rt_list.o)
    0x0800b9d0   0x00000048   Code   RO         1696    i.rt_put_dly        RTX_CM4.lib(rt_list.o)
    0x0800ba18   0x00000036   Code   RO         1697    i.rt_put_prio       RTX_CM4.lib(rt_list.o)
    0x0800ba4e   0x00000002   PAD
    0x0800ba50   0x00000014   Code   RO         1698    i.rt_put_rdy_first  RTX_CM4.lib(rt_list.o)
    0x0800ba64   0x00000034   Code   RO         1699    i.rt_resort_prio    RTX_CM4.lib(rt_list.o)
    0x0800ba98   0x00000010   Code   RO         1946    i.rt_ret_regs       RTX_CM4.lib(hal_cm.o)
    0x0800baa8   0x0000000c   Code   RO         1947    i.rt_ret_val        RTX_CM4.lib(hal_cm.o)
    0x0800bab4   0x00000010   Code   RO         1948    i.rt_ret_val2       RTX_CM4.lib(hal_cm.o)
    0x0800bac4   0x00000028   Code   RO         1700    i.rt_rmv_dly        RTX_CM4.lib(rt_list.o)
    0x0800baec   0x00000030   Code   RO         1701    i.rt_rmv_list       RTX_CM4.lib(rt_list.o)
    0x0800bb1c   0x00000034   Code   RO         1819    i.rt_sem_psh        RTX_CM4.lib(rt_semaphore.o)
    0x0800bb50   0x00000024   Code   RO         1563    i.rt_stk_check      RTX_CM4.lib(rt_system.o)
    0x0800bb74   0x00000028   Code   RO         1474    i.rt_switch_req     RTX_CM4.lib(rt_task.o)
    0x0800bb9c   0x000000cc   Code   RO         1475    i.rt_sys_init       RTX_CM4.lib(rt_task.o)
    0x0800bc68   0x00000078   Code   RO         1476    i.rt_sys_start      RTX_CM4.lib(rt_task.o)
    0x0800bce0   0x00000040   Code   RO         1565    i.rt_systick        RTX_CM4.lib(rt_system.o)
    0x0800bd20   0x00000012   Code   RO          871    i.rt_tid2ptcb       RTX_CM4.lib(rt_cmsis.o)
    0x0800bd32   0x00000002   PAD
    0x0800bd34   0x00000034   Code   RO          872    i.rt_timer_insert   RTX_CM4.lib(rt_cmsis.o)
    0x0800bd68   0x00000088   Code   RO         1477    i.rt_tsk_create     RTX_CM4.lib(rt_task.o)
    0x0800bdf0   0x0000017c   Code   RO         1478    i.rt_tsk_delete     RTX_CM4.lib(rt_task.o)
    0x0800bf6c   0x0000007c   Code   RO         1480    i.rt_tsk_prio       RTX_CM4.lib(rt_task.o)
    0x0800bfe8   0x00000010   Code   RO         1481    i.rt_tsk_self       RTX_CM4.lib(rt_task.o)
    0x0800bff8   0x0000006e   Code   RO         2065    i.sqrt              m_wm.l(sqrt.o)
    0x0800c066   0x00000012   Code   RO          874    i.svcDelay          RTX_CM4.lib(rt_cmsis.o)
    0x0800c078   0x00000070   Code   RO          875    i.svcKernelInitialize  RTX_CM4.lib(rt_cmsis.o)
    0x0800c0e8   0x00000048   Code   RO          877    i.svcKernelStart    RTX_CM4.lib(rt_cmsis.o)
    0x0800c130   0x00000024   Code   RO          880    i.svcMessageCreate  RTX_CM4.lib(rt_cmsis.o)
    0x0800c154   0x0000003a   Code   RO          881    i.svcMessageGet     RTX_CM4.lib(rt_cmsis.o)
    0x0800c18e   0x00000002   PAD
    0x0800c190   0x0000006c   Code   RO          895    i.svcThreadCreate   RTX_CM4.lib(rt_cmsis.o)
    0x0800c1fc   0x0000001c   Code   RO          896    i.svcThreadGetId    RTX_CM4.lib(rt_cmsis.o)
    0x0800c218   0x00000038   Code   RO          899    i.svcThreadTerminate  RTX_CM4.lib(rt_cmsis.o)
    0x0800c250   0x00000018   Code   RO          901    i.svcTimerCall      RTX_CM4.lib(rt_cmsis.o)
    0x0800c268   0x0000005c   Code   RO          910    i.sysTimerTick      RTX_CM4.lib(rt_cmsis.o)
    0x0800c2c4   0x000000dc   Data   RO          193    .constdata          gpio.o
    0x0800c3a0   0x00000190   Data   RO          229    .constdata          threads.o
    0x0800c530   0x00000140   Data   RO          297    .constdata          accelerometer.o
    0x0800c670   0x00000068   Data   RO          358    .constdata          rtx_conf_cm.o
    0x0800c6d8   0x00000008   Data   RO          490    .constdata          stm32f4xx_hal_dma.o
    0x0800c6e0   0x00000010   Data   RO          611    .constdata          stm32f4xx_hal_rcc.o
    0x0800c6f0   0x00000010   Data   RO          789    .constdata          system_stm32f4xx.o
    0x0800c700   0x00000098   Data   RO         2032    .constdata          m_wm.l(atan.o)
    0x0800c798   0x00000088   Data   RO         2052    .constdata          m_wm.l(pow.o)
    0x0800c820   0x00000008   Data   RO         2374    .constdata          m_wm.l(qnan.o)
    0x0800c828   0x00000020   Data   RO         2426    Region$$Table       anon$$obj.o


    Execution Region RW_IRAM1 (Base: 0x20000000, Size: 0x00002288, Max: 0x00020000, ABSOLUTE)

    Base Addr    Size         Type   Attr      Idx    E Section Name        Object

    0x20000000   0x00000024   Data   RW            7    .data               main.o
    0x20000024   0x0000000c   Data   RW          194    .data               gpio.o
    0x20000030   0x00000018   Data   RW          230    .data               threads.o
    0x20000048   0x00000008   Data   RW          298    .data               accelerometer.o
    0x20000050   0x00000004   Data   RW          329    .data               lis3dsh.o
    0x20000054   0x00000010   Data   RW          359    .data               rtx_conf_cm.o
    0x20000064   0x00000004   Data   RW          388    .data               stm32f4xx_hal.o
    0x20000068   0x00000004   Data   RW          790    .data               system_stm32f4xx.o
    0x2000006c   0x00000008   Data   RW          913    .data               RTX_CM4.lib(rt_cmsis.o)
    0x20000074   0x00000004   Data   RW         1442    .data               RTX_CM4.lib(rt_time.o)
    0x20000078   0x00000008   Data   RW         1483    .data               RTX_CM4.lib(rt_task.o)
    0x20000080   0x00000008   Data   RW         1568    .data               RTX_CM4.lib(rt_system.o)
    0x20000088   0x00000001   Data   RW         1949    .data               RTX_CM4.lib(hal_cm.o)
    0x20000089   0x00000003   PAD
    0x2000008c   0x00000008   Data   RW         1997    .data               RTX_CM4.lib(rt_robin.o)
    0x20000094   0x00000004   Data   RW         2389    .data               mc_w.l(stdout.o)
    0x20000098   0x00000004   Data   RW         2401    .data               mc_w.l(errno.o)
    0x2000009c   0x00000198   Zero   RW            5    .bss                main.o
    0x20000234   0x000000c8   Zero   RW          192    .bss                gpio.o
    0x200002fc   0x00000014   Zero   RW          228    .bss                threads.o
    0x20000310   0x000000c8   Zero   RW          296    .bss                accelerometer.o
    0x200003d8   0x00000058   Zero   RW          328    .bss                lis3dsh.o
    0x20000430   0x000019f0   Zero   RW          357    .bss                rtx_conf_cm.o
    0x20001e20   0x00000034   Zero   RW         1482    .bss                RTX_CM4.lib(rt_task.o)
    0x20001e54   0x00000030   Zero   RW         1702    .bss                RTX_CM4.lib(rt_list.o)
    0x20001e84   0x00000004   PAD
    0x20001e88   0x00000400   Zero   RW          778    STACK               startup_stm32f407xx.o


==============================================================================

Image component sizes


      Code (inc. data)   RO Data    RW Data    ZI Data      Debug   Object Name

      2212        154        320          8        200      13280   accelerometer.o
       332         12          0          0          0       1802   adc.o
      1720         86        220         12        200       6452   gpio.o
       300         42          0          0          0       1815   interrupts.o
      1472        120          0          4         88      12765   lis3dsh.o
       480        108          0         36        408     401966   main.o
        62          6        104         16       6640       7726   rtx_conf_cm.o
        36          8        392          0       1024        896   startup_stm32f407xx.o
       432         26          0          4          0       5158   stm32f4xx_hal.o
      2460         70          0          0          0       7715   stm32f4xx_hal_adc.o
      1824         40          0          0          0       5834   stm32f4xx_hal_adc_ex.o
       852         22          0          0          0      35667   stm32f4xx_hal_cortex.o
      1560         16          8          0          0       5156   stm32f4xx_hal_dma.o
       972         50          0          0          0       3975   stm32f4xx_hal_gpio.o
      2636         66         16          0          0       5910   stm32f4xx_hal_rcc.o
      5528         54          0          0          0      13424   stm32f4xx_hal_spi.o
     10240        152          0          0          0      31166   stm32f4xx_hal_tim.o
      3464         26          0          0          0      11966   stm32f4xx_hal_tim_ex.o
       288         32         16          4          0       1775   system_stm32f4xx.o
      1208         90        400         24         20       5286   threads.o

    ----------------------------------------------------------------------
     38080       1180       1508        108       8580     579734   Object Totals
         0          0         32          0          0          0   (incl. Generated)
         2          0          0          0          0          0   (incl. Padding)

    ----------------------------------------------------------------------

      Code (inc. data)   RO Data    RW Data    ZI Data      Debug   Library Member Name

       268         24          0          1          0       4524   hal_cm.o
       408         34          0          0          0        824   hal_cm4.o
      1152        144          0          8          0      35658   rt_cmsis.o
        80          4          0          0          0        709   rt_event.o
       530         34          0          0         48       8685   rt_list.o
       554         10          0          0          0       4237   rt_mailbox.o
       140          0          0          0          0       2069   rt_membox.o
       128          0          0          0          0       2451   rt_memory.o
        96         22          0          8          0       1254   rt_robin.o
        52          4          0          0          0        621   rt_semaphore.o
       298         52          0          8          0       6511   rt_system.o
      1216        174          0          8         52      10129   rt_task.o
         6          0          0          4          0        700   rt_time.o
         4          4          0          0          0        208   svc_table.o
       728        106        152          0          0        228   atan.o
       184         44          0          0          0        744   dunder.o
        44          0          0          0          0        248   fabs.o
        48          0          0          0          0        124   fpclassify.o
       248          0          0          0          0        152   poly.o
      3128        302        136          0          0        356   pow.o
         0          0          8          0          0          0   qnan.o
       232          0          0          0          0        296   sqrt.o
         0          0          0          0          0          0   entry.o
         0          0          0          0          0          0   entry10a.o
         0          0          0          0          0          0   entry11a.o
         8          4          0          0          0          0   entry2.o
         4          0          0          0          0          0   entry5.o
         0          0          0          0          0          0   entry7b.o
         0          0          0          0          0          0   entry8b.o
        12          6          0          4          0         68   errno.o
        18          0          0          0          0         80   fputc.o
        30          0          0          0          0          0   handlers.o
        36          8          0          0          0         68   init.o
         0          0          0          0          0          0   iusefp.o
         0          0          0          0          0          0   iusesemip.o
        30          0          0          0          0         68   llshl.o
        36          0          0          0          0         68   llsshr.o
        32          0          0          0          0         68   llushr.o
        36          0          0          0          0        108   memseta.o
        50          8          0          0          0        152   printfb.o
         0          0          0          0          0          0   semi.o
         0          0          0          4          0          0   stdout.o
        48          0          0          0          0         68   cdrcmple.o
        56          0          0          0          0         88   d2f.o
       334          0          0          0          0        148   dadd.o
       222          0          0          0          0        100   ddiv.o
       186          0          0          0          0        176   depilogue.o
        62          0          0          0          0         80   dfixi.o
        34          0          0          0          0         76   dflti.o
       228          0          0          0          0         96   dmul.o
        46          0          0          0          0         80   dscalb.o
       162          0          0          0          0        100   dsqrt.o
        38          0          0          0          0         68   f2d.o
       110          0          0          0          0        168   fepilogue.o

    ----------------------------------------------------------------------
     11388        984        296         48        104      82656   Library Totals
        26          0          0          3          4          0   (incl. Padding)

    ----------------------------------------------------------------------

      Code (inc. data)   RO Data    RW Data    ZI Data      Debug   Library Name

      4932        506          0         37        100      78580   RTX_CM4.lib
      4612        452        296          0          0       2148   m_wm.l
       292         26          0          8          0        680   mc_w.l
      1526          0          0          0          0       1248   mf_w.l

    ----------------------------------------------------------------------
     11388        984        296         48        104      82656   Library Totals

    ----------------------------------------------------------------------

==============================================================================


      Code (inc. data)   RO Data    RW Data    ZI Data      Debug   

     49468       2164       1804        156       8684     648058   Grand Totals
     49468       2164       1804        156       8684     648058   ELF Image Totals
     49468       2164       1804        156          0          0   ROM Totals

==============================================================================

    Total RO  Size (Code + RO Data)                51272 (  50.07kB)
    Total RW  Size (RW Data + ZI Data)              8840 (   8.63kB)
    Total ROM Size (Code + RO Data + RW Data)      51428 (  50.22kB)

==============================================================================

