Component: ARM Compiler 5.06 update 4 (build 422) Tool: armlink [4d35d2]

==============================================================================

Section Cross References

    main.o(.text) refers to stm32f4xx_hal_rcc.o(.text) for HAL_RCC_OscConfig
    main.o(.text) refers to rt_cmsis.o(i.osKernelInitialize) for osKernelInitialize
    main.o(.text) refers to stm32f4xx_hal.o(.text) for HAL_Init
    main.o(.text) refers to gpio.o(.text) for enableClockGPIO
    main.o(.text) refers to threads.o(.text) for startTempThread
    main.o(.text) refers to printfb.o(i.__0printf$bare) for __2printf
    main.o(.text) refers to rt_cmsis.o(i.osKernelStart) for osKernelStart
    main.o(.text) refers to rt_time.o(.data) for os_time
    main.o(.text) refers to main.o(.data) for readingADC
    main.o(.text) refers to main.o(.bss) for handleSPI
    supporting_functions.o(.text) refers to printfb.o(i.__0printf$bare) for __2printf
    adc.o(.text) refers to stm32f4xx_hal_dma.o(.text) for HAL_DMA_Init
    adc.o(.text) refers to stm32f4xx_hal_cortex.o(.text) for HAL_NVIC_SetPriority
    adc.o(.text) refers to stm32f4xx_hal_adc.o(.text) for HAL_ADC_MspInit
    gpio.o(.text) refers to stm32f4xx_hal_gpio.o(.text) for HAL_GPIO_Init
    gpio.o(.text) refers to stm32f4xx_hal_tim.o(.text) for HAL_TIM_Base_Init
    gpio.o(.text) refers to gpio.o(.data) for currentDisplayTemp
    gpio.o(.text) refers to memseta.o(.text) for __aeabi_memclr4
    gpio.o(.text) refers to dflti.o(.text) for __aeabi_i2d
    gpio.o(.text) refers to pow.o(i.__hardfp_pow) for __hardfp_pow
    gpio.o(.text) refers to ddiv.o(.text) for __aeabi_ddiv
    gpio.o(.text) refers to dfixi.o(.text) for __aeabi_d2iz
    gpio.o(.text) refers to gpio.o(.constdata) for segments
    gpio.o(.text) refers to gpio.o(.bss) for pastTemperatures
    threads.o(.text) refers to rt_cmsis.o(i.osThreadCreate) for osThreadCreate
    threads.o(.text) refers to rt_cmsis.o(i.osDelay) for osDelay
    threads.o(.text) refers to stm32f4xx_hal_gpio.o(.text) for HAL_GPIO_TogglePin
    threads.o(.text) refers to main.o(.text) for getReadingADCLocation
    threads.o(.text) refers to adc.o(.text) for initADC
    threads.o(.text) refers to gpio.o(.text) for filter
    threads.o(.text) refers to f2d.o(.text) for __aeabi_f2d
    threads.o(.text) refers to dmul.o(.text) for __aeabi_dmul
    threads.o(.text) refers to dfixi.o(.text) for __aeabi_d2iz
    threads.o(.text) refers to accelerometer.o(.text) for initAccelerometer
    threads.o(.text) refers to dflti.o(.text) for __aeabi_i2d
    threads.o(.text) refers to dadd.o(.text) for __aeabi_dsub
    threads.o(.text) refers to threads.o(.constdata) for os_thread_def_Thread_LED
    threads.o(.text) refers to threads.o(.data) for tid_Thread_LED
    threads.o(.text) refers to threads.o(.bss) for LED_configuration
    threads.o(.constdata) refers to threads.o(.text) for keypadThread
    interrupts.o(.text) refers to main.o(.text) for getReadingADC
    interrupts.o(.text) refers to f2d.o(.text) for __aeabi_f2d
    interrupts.o(.text) refers to dmul.o(.text) for __aeabi_dmul
    interrupts.o(.text) refers to d2f.o(.text) for __aeabi_d2f
    interrupts.o(.text) refers to ddiv.o(.text) for __aeabi_ddiv
    interrupts.o(.text) refers to dadd.o(.text) for __aeabi_dsub
    interrupts.o(.text) refers to gpio.o(.text) for setRawTemp
    interrupts.o(.text) refers to stm32f4xx_hal_dma.o(.text) for HAL_DMA_IRQHandler
    interrupts.o(.text) refers to stm32f4xx_hal_adc.o(.text) for HAL_ADC_IRQHandler
    interrupts.o(.text) refers to stm32f4xx_hal_gpio.o(.text) for HAL_GPIO_EXTI_IRQHandler
    accelerometer.o(.text) refers to stm32f4xx_hal_cortex.o(.text) for HAL_NVIC_EnableIRQ
    accelerometer.o(.text) refers to lis3dsh.o(.text) for HAL_SPI_MspInit
    accelerometer.o(.text) refers to stm32f4xx_hal_tim.o(.text) for HAL_TIM_PWM_ConfigChannel
    accelerometer.o(.text) refers to f2d.o(.text) for __aeabi_f2d
    accelerometer.o(.text) refers to pow.o(i.__hardfp_pow) for __hardfp_pow
    accelerometer.o(.text) refers to d2f.o(.text) for __aeabi_d2f
    accelerometer.o(.text) refers to sqrt.o(i.__hardfp_sqrt) for __hardfp_sqrt
    accelerometer.o(.text) refers to atan.o(i.__hardfp_atan) for __hardfp_atan
    accelerometer.o(.text) refers to dmul.o(.text) for __aeabi_dmul
    accelerometer.o(.text) refers to ddiv.o(.text) for __aeabi_ddiv
    accelerometer.o(.text) refers to dadd.o(.text) for __aeabi_dadd
    accelerometer.o(.text) refers to accelerometer.o(.bss) for pastPitch
    accelerometer.o(.text) refers to accelerometer.o(.data) for pastPitchIndex
    accelerometer.o(.text) refers to accelerometer.o(.constdata) for coeffsArrayAccel
    accelerometer.o(.text) refers to fabs.o(i.__hardfp_fabs) for __hardfp_fabs
    accelerometer.o(.text) refers to main.o(.text) for getInitTIM
    lis3dsh.o(.text) refers to stm32f4xx_hal_gpio.o(.text) for HAL_GPIO_WritePin
    lis3dsh.o(.text) refers to stm32f4xx_hal_spi.o(.text) for HAL_SPI_DeInit
[...]
    i.rt_rmv_dly                             0x0800b9cc   Section        0  rt_list.o(i.rt_rmv_dly)
    i.rt_rmv_list                            0x0800b9f4   Section        0  rt_list.o(i.rt_rmv_list)
    i.rt_sem_psh                             0x0800ba24   Section        0  rt_semaphore.o(i.rt_sem_psh)
    i.rt_stk_check                           0x0800ba58   Section        0  rt_system.o(i.rt_stk_check)
    i.rt_switch_req                          0x0800ba7c   Section        0  rt_task.o(i.rt_switch_req)
    i.rt_sys_init                            0x0800baa4   Section        0  rt_task.o(i.rt_sys_init)
    i.rt_sys_start                           0x0800bb70   Section        0  rt_task.o(i.rt_sys_start)
    i.rt_systick                             0x0800bbe8   Section        0  rt_system.o(i.rt_systick)
    i.rt_tid2ptcb                            0x0800bc28   Section        0  rt_cmsis.o(i.rt_tid2ptcb)
    rt_tid2ptcb                              0x0800bc29   Thumb Code    18  rt_cmsis.o(i.rt_tid2ptcb)
    i.rt_timer_insert                        0x0800bc3c   Section        0  rt_cmsis.o(i.rt_timer_insert)
    rt_timer_insert                          0x0800bc3d   Thumb Code    48  rt_cmsis.o(i.rt_timer_insert)
    i.rt_tsk_create                          0x0800bc70   Section        0  rt_task.o(i.rt_tsk_create)
    i.rt_tsk_delete                          0x0800bcf8   Section        0  rt_task.o(i.rt_tsk_delete)
    i.rt_tsk_prio                            0x0800be74   Section        0  rt_task.o(i.rt_tsk_prio)
    i.rt_tsk_self                            0x0800bef0   Section        0  rt_task.o(i.rt_tsk_self)
    i.sqrt                                   0x0800bf00   Section        0  sqrt.o(i.sqrt)
    i.svcDelay                               0x0800bf6e   Section        0  rt_cmsis.o(i.svcDelay)
    i.svcKernelInitialize                    0x0800bf80   Section        0  rt_cmsis.o(i.svcKernelInitialize)
    i.svcKernelStart                         0x0800bff0   Section        0  rt_cmsis.o(i.svcKernelStart)
    i.svcMessageCreate                       0x0800c038   Section        0  rt_cmsis.o(i.svcMessageCreate)
    i.svcMessageGet                          0x0800c05c   Section        0  rt_cmsis.o(i.svcMessageGet)
    i.svcThreadCreate                        0x0800c098   Section        0  rt_cmsis.o(i.svcThreadCreate)
    i.svcThreadGetId                         0x0800c104   Section        0  rt_cmsis.o(i.svcThreadGetId)
    i.svcThreadTerminate                     0x0800c120   Section        0  rt_cmsis.o(i.svcThreadTerminate)
    i.svcTimerCall                           0x0800c158   Section        0  rt_cmsis.o(i.svcTimerCall)
    i.sysTimerTick                           0x0800c170   Section        0  rt_cmsis.o(i.sysTimerTick)
    .constdata                               0x0800c1cc   Section      220  gpio.o(.constdata)
    segments                                 0x0800c1cc   Data          14  gpio.o(.constdata)
    coeffsArrayTemp                          0x0800c1dc   Data         204  gpio.o(.constdata)
    .constdata                               0x0800c2a8   Section      400  threads.o(.constdata)
    segments                                 0x0800c2a8   Data          14  threads.o(.constdata)
    coeffsArrayTemp                          0x0800c2b8   Data         204  threads.o(.constdata)
    coeffsArrayAccel                         0x0800c384   Data         100  threads.o(.constdata)
    .constdata                               0x0800c438   Section      320  accelerometer.o(.constdata)
    segments                                 0x0800c438   Data          14  accelerometer.o(.constdata)
    coeffsArrayTemp                          0x0800c448   Data         204  accelerometer.o(.constdata)
    coeffsArrayAccel                         0x0800c514   Data         100  accelerometer.o(.constdata)
    .constdata                               0x0800c578   Section      104  rtx_conf_cm.o(.constdata)
    __tagsym$$used                           0x0800c594   Number         0  rtx_conf_cm.o(.constdata)
    __tagsym$$used                           0x0800c598   Number         0  rtx_conf_cm.o(.constdata)
    __tagsym$$used                           0x0800c59c   Number         0  rtx_conf_cm.o(.constdata)
    __tagsym$$used                           0x0800c5a0   Number         0  rtx_conf_cm.o(.constdata)
    .constdata                               0x0800c5e0   Section        8  stm32f4xx_hal_dma.o(.constdata)
    flagBitshiftOffset                       0x0800c5e0   Data           8  stm32f4xx_hal_dma.o(.constdata)
    .constdata                               0x0800c5e8   Section       16  stm32f4xx_hal_rcc.o(.constdata)
    .constdata                               0x0800c5f8   Section       16  system_stm32f4xx.o(.constdata)
    .constdata                               0x0800c608   Section      152  atan.o(.constdata)
    atanhi                                   0x0800c608   Data          32  atan.o(.constdata)
    atanlo                                   0x0800c628   Data          32  atan.o(.constdata)
    aTodd                                    0x0800c648   Data          40  atan.o(.constdata)
    aTeven                                   0x0800c670   Data          48  atan.o(.constdata)
    .constdata                               0x0800c6a0   Section      136  pow.o(.constdata)
    bp                                       0x0800c6a0   Data          16  pow.o(.constdata)
    dp_h                                     0x0800c6b0   Data          16  pow.o(.constdata)
    dp_l                                     0x0800c6c0   Data          16  pow.o(.constdata)
    L                                        0x0800c6d0   Data          48  pow.o(.constdata)
    P                                        0x0800c700   Data          40  pow.o(.constdata)
    .constdata                               0x0800c728   Section        8  qnan.o(.constdata)
    .data                                    0x20000000   Section       36  main.o(.data)
    .data                                    0x20000024   Section       20  gpio.o(.data)
    .data                                    0x20000038   Section        4  threads.o(.data)
    .data                                    0x2000003c   Section        8  accelerometer.o(.data)
    .data                                    0x20000044   Section        4  lis3dsh.o(.data)
    .data                                    0x20000048   Section       16  rtx_conf_cm.o(.data)
    .data                                    0x20000058   Section        4  stm32f4xx_hal.o(.data)
    uwTick                                   0x20000058   Data           4  stm32f4xx_hal.o(.data)
    .data                                    0x2000005c   Section        4  system_stm32f4xx.o(.data)
    .data                                    0x20000060   Section        8  rt_cmsis.o(.data)
    .data                                    0x20000068   Section        4  rt_time.o(.data)
    .data                                    0x2000006c   Section        8  rt_task.o(.data)
    .data                                    0x20000074   Section        8  rt_system.o(.data)
    os_lock                                  0x20000074   Data           1  rt_system.o(.data)
    os_psh_flag                              0x20000075   Data           1  rt_system.o(.data)
    pend_flags                               0x20000076   Data           1  rt_system.o(.data)
    .data                                    0x2000007c   Section        1  hal_cm.o(.data)
    .data                                    0x20000080   Section        8  rt_robin.o(.data)
    .data                                    0x20000088   Section        4  stdout.o(.data)
    .data                                    0x2000008c   Section        4  errno.o(.data)
    _errno                                   0x2000008c   Data           4  errno.o(.data)
    .bss                                     0x20000090   Section      408  main.o(.bss)
    .bss                                     0x20000228   Section      200  gpio.o(.bss)
    .bss                                     0x200002f0   Section       20  threads.o(.bss)
    .bss                                     0x20000304   Section      200  accelerometer.o(.bss)
    .bss                                     0x200003cc   Section       88  lis3dsh.o(.bss)
    .bss                                     0x20000428   Section     6640  rtx_conf_cm.o(.bss)
    .bss                                     0x20001e18   Section       52  rt_task.o(.bss)
    .bss                                     0x20001e4c   Section       48  rt_list.o(.bss)
    STACK                                    0x20001e80   Section     1024  startup_stm32f407xx.o(STACK)

    Global Symbols

    Symbol Name                              Value     Ov Type        Size  Object(Section)

    BuildAttributes$$THM_ISAv4$E$P$D$K$B$S$7EM$VFPi3$EXTD16$VFPS$VFMA$PE$A:L22UL41UL21$X:L11$S22US41US21$IEEE1$IW$USESV6$~STKCKD$USESV7$~SHL$OTIME$ROPI$IEEEX$EBA8$MICROLIB$REQ8$PRES8$EABIv2 0x00000000   Number         0  anon$$obj.o ABSOLUTE
    __ARM_use_no_argv                        0x00000000   Number         0  main.o ABSOLUTE
    __cpp_initialize__aeabi_                  - Undefined Weak Reference
    __cxa_finalize                            - Undefined Weak Reference
    __decompress                              - Undefined Weak Reference
    _clock_init                               - Undefined Weak Reference
    _microlib_exit                            - Undefined Weak Reference
    __Vectors_Size                           0x00000188   Number         0  startup_stm32f407xx.o ABSOLUTE
    __RL_RTX_VER                             0x00000482   Number         0  rt_system.o ABSOLUTE
    __Vectors                                0x08000000   Data           4  startup_stm32f407xx.o(RESET)
    __Vectors_End                            0x08000188   Data           0  startup_stm32f407xx.o(RESET)
    __main                                   0x08000189   Thumb Code     0  entry.o(.ARM.Collect$$$$00000000)
    _main_stk                                0x08000189   Thumb Code     0  entry2.o(.ARM.Collect$$$$00000001)
    _main_scatterload                        0x0800018d   Thumb Code     0  entry5.o(.ARM.Collect$$$$00000004)
    __main_after_scatterload                 0x08000191   Thumb Code     0  entry5.o(.ARM.Collect$$$$00000004)
    __rt_final_cpp                           0x08000191   Thumb Code     0  entry10a.o(.ARM.Collect$$$$0000000D)
    __rt_final_exit                          0x08000191   Thumb Code     0  entry11a.o(.ARM.Collect$$$$0000000F)
    _main_clock                              0x08000191   Thumb Code     0  entry7b.o(.ARM.Collect$$$$00000008)
    _main_cpp_init                           0x08000191   Thumb Code     0  entry8b.o(.ARM.Collect$$$$0000000A)
    _main_init                               0x08000191   Thumb Code    18  rtx_conf_cm.o(.ARM.Collect$$$$000000FF)
    rt_set_PSP                               0x080001ad   Thumb Code     6  hal_cm4.o(.emb_text)
    rt_get_PSP                               0x080001b3   Thumb Code     6  hal_cm4.o(.emb_text)
    os_set_env                               0x080001b9   Thumb Code    24  hal_cm4.o(.emb_text)
    _alloc_box                               0x080001d5   Thumb Code    28  hal_cm4.o(.emb_text)
    _free_box                                0x080001f5   Thumb Code    28  hal_cm4.o(.emb_text)
    SVC_Handler                              0x08000215   Thumb Code   168  hal_cm4.o(.emb_text)
    PendSV_Handler                           0x080002cd   Thumb Code    96  hal_cm4.o(.emb_text)
    SysTick_Handler                          0x08000331   Thumb Code     8  hal_cm4.o(.emb_text)
    OS_Tick_Handler                          0x08000339   Thumb Code    12  hal_cm4.o(.emb_text)
    HAL_GetTick                              0x08000345   Thumb Code     6  main.o(.text)
    SystemClock_Config                       0x0800034b   Thumb Code   142  main.o(.text)
    getReadingADC                            0x080003d9   Thumb Code     6  main.o(.text)
    getReadingADCLocation                    0x080003df   Thumb Code     4  main.o(.text)
    getHandleSPI                             0x080003e3   Thumb Code     4  main.o(.text)
    getHandleADC                             0x080003e7   Thumb Code     4  main.o(.text)
    getHandleDMA                             0x080003eb   Thumb Code     4  main.o(.text)
    getHandleADCChannel                      0x080003ef   Thumb Code     4  main.o(.text)
    getHandleTIM                             0x080003f3   Thumb Code     4  main.o(.text)
    getInitTIM                               0x080003f7   Thumb Code     4  main.o(.text)
    getKeypadGPIO                            0x080003fb   Thumb Code     4  main.o(.text)
    getRollGoal                              0x080003ff   Thumb Code     8  main.o(.text)
    getPitchGoal                             0x08000407   Thumb Code     8  main.o(.text)
    getMode                                  0x0800040f   Thumb Code     6  main.o(.text)
    getIsDisplayingTargetAngle               0x08000415   Thumb Code     6  main.o(.text)
    getTempTargetRollAngle                   0x0800041b   Thumb Code     6  main.o(.text)
    getTempTargetPitchAngle                  0x08000421   Thumb Code     6  main.o(.text)
    getCurrentTargetRollAngle                0x08000427   Thumb Code     6  main.o(.text)
    getCurrentTargetPitchAngle               0x0800042d   Thumb Code     6  main.o(.text)
    setIsDisplayingTargetAngle               0x08000433   Thumb Code     6  main.o(.text)
    setTempTargetRollAngle                   0x08000439   Thumb Code     6  main.o(.text)
    setTempTargetPitchAngle                  0x0800043f   Thumb Code     6  main.o(.text)
    setCurrentTargetRollAngle                0x08000445   Thumb Code     6  main.o(.text)
    setCurrentTargetPitchAngle               0x0800044b   Thumb Code     6  main.o(.text)
    main                                     0x08000451   Thumb Code   112  main.o(.text)
    initDMA                                  0x0800052d   Thumb Code   114  adc.o(.text)
    initADC                                  0x0800059f   Thumb Code   206  adc.o(.text)
    enableClockGPIO                          0x08000679   Thumb Code   156  gpio.o(.text)
    initLED                                  0x08000715   Thumb Code   244  gpio.o(.text)
    initKeypadGPIO_1                         0x08000809   Thumb Code    74  gpio.o(.text)
    initKeypadGPIO_2                         0x08000853   Thumb Code    72  gpio.o(.text)
    initDisplayGPIO                          0x0800089b   Thumb Code    52  gpio.o(.text)
    getCurrentDisplayTemp                    0x080008cf   Thumb Code     6  gpio.o(.text)
    setCurrentDisplayTemp                    0x080008d5   Thumb Code     6  gpio.o(.text)
    setDigitSelectLines                      0x080008db   Thumb Code   118  gpio.o(.text)
    SegmentEncoder                           0x08000951   Thumb Code   338  gpio.o(.text)
    resetDigitSelectLines                    0x08000aa3   Thumb Code    44  gpio.o(.text)
    updateDigit                              0x08000acf   Thumb Code   120  gpio.o(.text)
    setSegmentSelectLines                    0x08000b47   Thumb Code    52  gpio.o(.text)
    setCurrentTemp                           0x08000b7b   Thumb Code     8  gpio.o(.text)
    getRawTemp                               0x08000b83   Thumb Code     8  gpio.o(.text)
    filter                                   0x08000b8b   Thumb Code   162  gpio.o(.text)
    setRawTemp                               0x08000c2d   Thumb Code     8  gpio.o(.text)
    getCurrentTemp                           0x08000c35   Thumb Code     8  gpio.o(.text)
    getCurrentDigit                          0x08000c3d   Thumb Code     6  gpio.o(.text)
    setCurrentDigit                          0x08000c43   Thumb Code     6  gpio.o(.text)
    display                                  0x08000c49   Thumb Code     2  gpio.o(.text)
    getRowSelected                           0x08000c4b   Thumb Code    62  gpio.o(.text)
    getColumnSelected                        0x08000c89   Thumb Code    70  gpio.o(.text)
    powerOfTen                               0x08000ccf   Thumb Code    28  gpio.o(.text)
    deleteLastNumber                         0x08000ceb   Thumb Code    48  gpio.o(.text)
    start_Thread_LED                         0x08000d49   Thumb Code    30  threads.o(.text)
    Thread_LED                               0x08000d67   Thumb Code    22  threads.o(.text)
    initializeLED_IO                         0x08000d7d   Thumb Code    62  threads.o(.text)
    startTempThread                          0x08000dbb   Thumb Code    24  threads.o(.text)
    tempThread                               0x08000dd3   Thumb Code    90  threads.o(.text)
    startAccelThread                         0x08000e2d   Thumb Code    24  threads.o(.text)
    accelThread                              0x08000e45   Thumb Code    42  threads.o(.text)
    startDisplayThread                       0x08000e6f   Thumb Code    24  threads.o(.text)
    displayThread                            0x08000e87   Thumb Code     8  threads.o(.text)
    startKeypadThread                        0x08000e8f   Thumb Code    24  threads.o(.text)
    keypadThread                             0x08000ea7   Thumb Code   498  threads.o(.text)
    HAL_ADC_ConvCpltCallback                 0x080010d5   Thumb Code   216  interrupts.o(.text)
    DMA2_Stream4_IRQHandler                  0x080011ad   Thumb Code    14  interrupts.o(.text)
    ADC_IRQHandler                           0x080011bb   Thumb Code    14  interrupts.o(.text)
    EXTI0_IRQHandler                         0x080011c9   Thumb Code    10  interrupts.o(.text)
    initAccelerometer                        0x080011fd   Thumb Code    94  accelerometer.o(.text)
    setBrightnessPitch                       0x0800125b   Thumb Code    48  accelerometer.o(.text)
    setBrightnessRoll                        0x0800128b   Thumb Code    48  accelerometer.o(.text)
    pitch                                    0x080012bb   Thumb Code   252  accelerometer.o(.text)
    filterPitch                              0x080013b7   Thumb Code   152  accelerometer.o(.text)
    roll                                     0x0800144f   Thumb Code   252  accelerometer.o(.text)
    filterRoll                               0x0800154b   Thumb Code   152  accelerometer.o(.text)
    calibrateZ                               0x080015e3   Thumb Code   168  accelerometer.o(.text)
    calibrateY                               0x0800168b   Thumb Code   266  accelerometer.o(.text)
    calibrateX                               0x08001795   Thumb Code   168  accelerometer.o(.text)
    ledBrightness                            0x0800183d   Thumb Code   554  accelerometer.o(.text)
    SPI_ReceiveData                          0x08001aa1   Thumb Code    10  lis3dsh.o(.text)
    LIS3DSH_TIMEOUT_UserCallback             0x08001aab   Thumb Code     4  lis3dsh.o(.text)
    SPI_SendData                             0x08001aaf   Thumb Code     6  lis3dsh.o(.text)
    LIS3DSH_Write                            0x08001b21   Thumb Code    62  lis3dsh.o(.text)
    LIS3DSH_Init                             0x08001b5f   Thumb Code   170  lis3dsh.o(.text)
    LIS3DSH_Read                             0x08001c09   Thumb Code    70  lis3dsh.o(.text)
    LIS3DSH_DataReadyInterruptConfig         0x08001c4f   Thumb Code    42  lis3dsh.o(.text)
    LIS3DSH_LowpowerCmd                      0x08001c79   Thumb Code    40  lis3dsh.o(.text)
    LIS3DSH_DataRateCmd                      0x08001ca1   Thumb Code    44  lis3dsh.o(.text)
    LIS3DSH_FullScaleCmd                     0x08001ccd   Thumb Code    44  lis3dsh.o(.text)
    LIS3DSH_ReadACC                          0x08001cf9   Thumb Code   628  lis3dsh.o(.text)
    HAL_SPI_MspInit                          0x08001f6d   Thumb Code   218  lis3dsh.o(.text)
    os_idle_demon                            0x08002061   Thumb Code     4  rtx_conf_cm.o(.text)
    os_error                                 0x08002065   Thumb Code    34  rtx_conf_cm.o(.text)
    HAL_MspInit                              0x08002089   Thumb Code    10  stm32f4xx_hal.o(.text)
    HAL_InitTick                             0x08002093   Thumb Code    36  stm32f4xx_hal.o(.text)
    HAL_Init                                 0x080020b7   Thumb Code    54  stm32f4xx_hal.o(.text)
    HAL_MspDeInit                            0x080020ed   Thumb Code    10  stm32f4xx_hal.o(.text)
    HAL_DeInit                               0x080020f7   Thumb Code    64  stm32f4xx_hal.o(.text)
    HAL_IncTick                              0x08002137   Thumb Code    12  stm32f4xx_hal.o(.text)
    HAL_Delay                                0x08002149   Thumb Code    26  stm32f4xx_hal.o(.text)
    HAL_SuspendTick                          0x08002163   Thumb Code    18  stm32f4xx_hal.o(.text)
    HAL_ResumeTick                           0x08002175   Thumb Code    18  stm32f4xx_hal.o(.text)
    HAL_GetHalVersion                        0x08002187   Thumb Code     4  stm32f4xx_hal.o(.text)
    HAL_GetREVID                             0x0800218b   Thumb Code     8  stm32f4xx_hal.o(.text)
    HAL_GetDEVID                             0x08002193   Thumb Code    10  stm32f4xx_hal.o(.text)
    HAL_DBGMCU_EnableDBGSleepMode            0x0800219d   Thumb Code    14  stm32f4xx_hal.o(.text)
    HAL_DBGMCU_DisableDBGSleepMode           0x080021ab   Thumb Code    14  stm32f4xx_hal.o(.text)
    HAL_DBGMCU_EnableDBGStopMode             0x080021b9   Thumb Code    14  stm32f4xx_hal.o(.text)
    HAL_DBGMCU_DisableDBGStopMode            0x080021c7   Thumb Code    14  stm32f4xx_hal.o(.text)
    HAL_DBGMCU_EnableDBGStandbyMode          0x080021d5   Thumb Code    14  stm32f4xx_hal.o(.text)
    HAL_DBGMCU_DisableDBGStandbyMode         0x080021e3   Thumb Code    14  stm32f4xx_hal.o(.text)
    HAL_EnableCompensationCell               0x080021f1   Thumb Code    22  stm32f4xx_hal.o(.text)
    HAL_DisableCompensationCell              0x08002207   Thumb Code    24  stm32f4xx_hal.o(.text)
    HAL_ADC_MspInit                          0x080023a3   Thumb Code     2  stm32f4xx_hal_adc.o(.text)
    HAL_ADC_Init                             0x080023a5   Thumb Code    74  stm32f4xx_hal_adc.o(.text)
    HAL_ADC_MspDeInit                        0x080023ef   Thumb Code     2  stm32f4xx_hal_adc.o(.text)
    HAL_ADC_DeInit                           0x080023f1   Thumb Code    34  stm32f4xx_hal_adc.o(.text)
    HAL_ADC_Start                            0x08002413   Thumb Code   182  stm32f4xx_hal_adc.o(.text)
    HAL_ADC_Stop                             0x080024c9   Thumb Code    24  stm32f4xx_hal_adc.o(.text)
    HAL_ADC_PollForConversion                0x080024e1   Thumb Code   130  stm32f4xx_hal_adc.o(.text)
    HAL_ADC_PollForEvent                     0x08002563   Thumb Code   104  stm32f4xx_hal_adc.o(.text)
    HAL_ADC_Start_IT                         0x080025cb   Thumb Code   232  stm32f4xx_hal_adc.o(.text)
    HAL_ADC_Stop_IT                          0x080026b3   Thumb Code    48  stm32f4xx_hal_adc.o(.text)
    HAL_ADC_ErrorCallback                    0x080026e3   Thumb Code     2  stm32f4xx_hal_adc.o(.text)
    HAL_ADC_LevelOutOfWindowCallback         0x080026e5   Thumb Code     2  stm32f4xx_hal_adc.o(.text)
    HAL_ADC_IRQHandler                       0x080026e9   Thumb Code   348  stm32f4xx_hal_adc.o(.text)
    HAL_ADC_ConvHalfCpltCallback             0x08002861   Thumb Code     2  stm32f4xx_hal_adc.o(.text)
    HAL_ADC_Start_DMA                        0x08002895   Thumb Code   186  stm32f4xx_hal_adc.o(.text)
    HAL_ADC_Stop_DMA                         0x0800294f   Thumb Code    56  stm32f4xx_hal_adc.o(.text)
    HAL_ADC_GetValue                         0x08002987   Thumb Code     8  stm32f4xx_hal_adc.o(.text)
    HAL_ADC_ConfigChannel                    0x0800298f   Thumb Code   416  stm32f4xx_hal_adc.o(.text)
    HAL_ADC_AnalogWDGConfig                  0x08002b2f   Thumb Code   132  stm32f4xx_hal_adc.o(.text)
    HAL_ADC_GetState                         0x08002bb3   Thumb Code     8  stm32f4xx_hal_adc.o(.text)
    HAL_ADC_GetError                         0x08002bbb   Thumb Code     6  stm32f4xx_hal_adc.o(.text)
    HAL_ADCEx_InjectedStart                  0x08002bd5   Thumb Code   230  stm32f4xx_hal_adc_ex.o(.text)
    HAL_ADCEx_InjectedStart_IT               0x08002cbb   Thumb Code   258  stm32f4xx_hal_adc_ex.o(.text)
    HAL_ADCEx_InjectedStop                   0x08002dbd   Thumb Code    24  stm32f4xx_hal_adc_ex.o(.text)
    HAL_ADCEx_InjectedPollForConversion      0x08002dd5   Thumb Code    90  stm32f4xx_hal_adc_ex.o(.text)
    HAL_ADCEx_InjectedStop_IT                0x08002e2f   Thumb Code    48  stm32f4xx_hal_adc_ex.o(.text)
    HAL_ADCEx_InjectedGetValue               0x08002e5f   Thumb Code    70  stm32f4xx_hal_adc_ex.o(.text)
    HAL_ADCEx_MultiModeStart_DMA             0x08002ef3   Thumb Code   206  stm32f4xx_hal_adc_ex.o(.text)
    HAL_ADCEx_MultiModeStop_DMA              0x08002fc1   Thumb Code   116  stm32f4xx_hal_adc_ex.o(.text)
    HAL_ADCEx_MultiModeGetValue              0x08003035   Thumb Code     8  stm32f4xx_hal_adc_ex.o(.text)
    HAL_ADCEx_InjectedConvCpltCallback       0x0800303d   Thumb Code     2  stm32f4xx_hal_adc_ex.o(.text)
    HAL_ADCEx_InjectedConfigChannel          0x0800303f   Thumb Code   552  stm32f4xx_hal_adc_ex.o(.text)
    HAL_ADCEx_MultiModeConfigChannel         0x08003267   Thumb Code   130  stm32f4xx_hal_adc_ex.o(.text)
    HAL_NVIC_SetPriorityGrouping             0x08003315   Thumb Code    36  stm32f4xx_hal_cortex.o(.text)
    HAL_NVIC_SetPriority                     0x08003339   Thumb Code   124  stm32f4xx_hal_cortex.o(.text)
    HAL_NVIC_EnableIRQ                       0x080033b5   Thumb Code    32  stm32f4xx_hal_cortex.o(.text)
    HAL_NVIC_DisableIRQ                      0x080033d5   Thumb Code    30  stm32f4xx_hal_cortex.o(.text)
    HAL_NVIC_SystemReset                     0x080033f3   Thumb Code    64  stm32f4xx_hal_cortex.o(.text)
    HAL_SYSTICK_Config                       0x08003433   Thumb Code    52  stm32f4xx_hal_cortex.o(.text)
    HAL_MPU_ConfigRegion                     0x08003467   Thumb Code    90  stm32f4xx_hal_cortex.o(.text)
    HAL_NVIC_GetPriorityGrouping             0x080034c1   Thumb Code     8  stm32f4xx_hal_cortex.o(.text)
    HAL_NVIC_GetPriority                     0x080034c9   Thumb Code   138  stm32f4xx_hal_cortex.o(.text)
    HAL_NVIC_SetPendingIRQ                   0x08003553   Thumb Code    32  stm32f4xx_hal_cortex.o(.text)
    HAL_NVIC_GetPendingIRQ                   0x08003573   Thumb Code    46  stm32f4xx_hal_cortex.o(.text)
    HAL_NVIC_ClearPendingIRQ                 0x080035a1   Thumb Code    30  stm32f4xx_hal_cortex.o(.text)
    HAL_NVIC_GetActive                       0x080035bf   Thumb Code    46  stm32f4xx_hal_cortex.o(.text)
    HAL_SYSTICK_CLKSourceConfig              0x080035ed   Thumb Code    40  stm32f4xx_hal_cortex.o(.text)
    HAL_SYSTICK_Callback                     0x08003615   Thumb Code    10  stm32f4xx_hal_cortex.o(.text)
    HAL_SYSTICK_IRQHandler                   0x0800361f   Thumb Code     8  stm32f4xx_hal_cortex.o(.text)
    HAL_DMA_Init                             0x08003677   Thumb Code   128  stm32f4xx_hal_dma.o(.text)
    HAL_DMA_DeInit                           0x080036f7   Thumb Code   100  stm32f4xx_hal_dma.o(.text)
    HAL_DMA_Start                            0x08003787   Thumb Code    82  stm32f4xx_hal_dma.o(.text)
    HAL_DMA_Start_IT                         0x080037d9   Thumb Code   106  stm32f4xx_hal_dma.o(.text)
    HAL_DMA_Abort                            0x08003843   Thumb Code    94  stm32f4xx_hal_dma.o(.text)
    HAL_DMA_PollForTransfer                  0x080038a1   Thumb Code   412  stm32f4xx_hal_dma.o(.text)
    HAL_DMA_IRQHandler                       0x08003a3d   Thumb Code   530  stm32f4xx_hal_dma.o(.text)
    HAL_DMA_GetState                         0x08003c4f   Thumb Code     8  stm32f4xx_hal_dma.o(.text)
    HAL_DMA_GetError                         0x08003c57   Thumb Code     6  stm32f4xx_hal_dma.o(.text)
    HAL_GPIO_Init                            0x08003c61   Thumb Code   476  stm32f4xx_hal_gpio.o(.text)
    HAL_GPIO_DeInit                          0x08003e3d   Thumb Code   326  stm32f4xx_hal_gpio.o(.text)
    HAL_GPIO_ReadPin                         0x08003f83   Thumb Code    16  stm32f4xx_hal_gpio.o(.text)
    HAL_GPIO_WritePin                        0x08003f93   Thumb Code    12  stm32f4xx_hal_gpio.o(.text)
    HAL_GPIO_TogglePin                       0x08003f9f   Thumb Code     8  stm32f4xx_hal_gpio.o(.text)
    HAL_GPIO_LockPin                         0x08003fa7   Thumb Code    46  stm32f4xx_hal_gpio.o(.text)
    HAL_GPIO_EXTI_Callback                   0x08003fd5   Thumb Code    10  stm32f4xx_hal_gpio.o(.text)
    HAL_GPIO_EXTI_IRQHandler                 0x08003fdf   Thumb Code    28  stm32f4xx_hal_gpio.o(.text)
    HAL_RCC_OscConfig                        0x0800402f   Thumb Code  1032  stm32f4xx_hal_rcc.o(.text)
    HAL_RCC_ClockConfig                      0x08004437   Thumb Code   680  stm32f4xx_hal_rcc.o(.text)
    HAL_RCC_MCOConfig                        0x080046df   Thumb Code   178  stm32f4xx_hal_rcc.o(.text)
    HAL_RCC_EnableCSS                        0x08004791   Thumb Code     8  stm32f4xx_hal_rcc.o(.text)
    HAL_RCC_DisableCSS                       0x08004799   Thumb Code     8  stm32f4xx_hal_rcc.o(.text)
    HAL_RCC_GetSysClockFreq                  0x080047a1   Thumb Code   198  stm32f4xx_hal_rcc.o(.text)
    HAL_RCC_GetHCLKFreq                      0x08004867   Thumb Code    42  stm32f4xx_hal_rcc.o(.text)
    HAL_RCC_GetPCLK1Freq                     0x08004891   Thumb Code    36  stm32f4xx_hal_rcc.o(.text)
    HAL_RCC_GetPCLK2Freq                     0x080048b5   Thumb Code    36  stm32f4xx_hal_rcc.o(.text)
    HAL_RCC_GetOscConfig                     0x080048d9   Thumb Code   296  stm32f4xx_hal_rcc.o(.text)
    HAL_RCC_GetClockConfig                   0x08004a01   Thumb Code    58  stm32f4xx_hal_rcc.o(.text)
    HAL_RCC_CSSCallback                      0x08004a3b   Thumb Code    10  stm32f4xx_hal_rcc.o(.text)
    HAL_RCC_NMI_IRQHandler                   0x08004a45   Thumb Code    30  stm32f4xx_hal_rcc.o(.text)
    HAL_SPI_Init                             0x08004a7b   Thumb Code   136  stm32f4xx_hal_spi.o(.text)
    HAL_SPI_MspDeInit                        0x08004b03   Thumb Code     2  stm32f4xx_hal_spi.o(.text)
    HAL_SPI_DeInit                           0x08004b05   Thumb Code    48  stm32f4xx_hal_spi.o(.text)
    HAL_SPI_Transmit                         0x08004c49   Thumb Code   450  stm32f4xx_hal_spi.o(.text)
    HAL_SPI_TransmitReceive                  0x08004e0b   Thumb Code   850  stm32f4xx_hal_spi.o(.text)
    HAL_SPI_Receive                          0x0800515d   Thumb Code   572  stm32f4xx_hal_spi.o(.text)
    HAL_SPI_ErrorCallback                    0x08005399   Thumb Code     2  stm32f4xx_hal_spi.o(.text)
    HAL_SPI_TxCpltCallback                   0x0800539b   Thumb Code     2  stm32f4xx_hal_spi.o(.text)
    HAL_SPI_TxRxCpltCallback                 0x0800539d   Thumb Code     2  stm32f4xx_hal_spi.o(.text)
    HAL_SPI_Transmit_IT                      0x0800548d   Thumb Code   198  stm32f4xx_hal_spi.o(.text)
    HAL_SPI_RxCpltCallback                   0x08005553   Thumb Code     2  stm32f4xx_hal_spi.o(.text)
    HAL_SPI_TransmitReceive_IT               0x0800567b   Thumb Code   192  stm32f4xx_hal_spi.o(.text)
    HAL_SPI_Receive_IT                       0x0800578d   Thumb Code   222  stm32f4xx_hal_spi.o(.text)
    HAL_SPI_TxHalfCpltCallback               0x0800591b   Thumb Code     2  stm32f4xx_hal_spi.o(.text)
    HAL_SPI_Transmit_DMA                     0x0800592b   Thumb Code   218  stm32f4xx_hal_spi.o(.text)
    HAL_SPI_RxHalfCpltCallback               0x08005b7d   Thumb Code     2  stm32f4xx_hal_spi.o(.text)
    HAL_SPI_TxRxHalfCpltCallback             0x08005bc5   Thumb Code     2  stm32f4xx_hal_spi.o(.text)
    HAL_SPI_TransmitReceive_DMA              0x08005bd5   Thumb Code   324  stm32f4xx_hal_spi.o(.text)
    HAL_SPI_Receive_DMA                      0x08005d19   Thumb Code   288  stm32f4xx_hal_spi.o(.text)
    HAL_SPI_DMAPause                         0x08005e39   Thumb Code    62  stm32f4xx_hal_spi.o(.text)
    HAL_SPI_DMAResume                        0x08005e77   Thumb Code    62  stm32f4xx_hal_spi.o(.text)
    HAL_SPI_DMAStop                          0x08005eb5   Thumb Code    58  stm32f4xx_hal_spi.o(.text)
    HAL_SPI_IRQHandler                       0x08005eef   Thumb Code   262  stm32f4xx_hal_spi.o(.text)
    HAL_SPI_GetState                         0x08005ff5   Thumb Code     8  stm32f4xx_hal_spi.o(.text)
    HAL_SPI_GetError                         0x08005ffd   Thumb Code     6  stm32f4xx_hal_spi.o(.text)
    TIM_Base_SetConfig                       0x08006011   Thumb Code   184  stm32f4xx_hal_tim.o(.text)
    HAL_TIM_Base_MspInit                     0x080060c9   Thumb Code     2  stm32f4xx_hal_tim.o(.text)
    HAL_TIM_Base_Init                        0x080060cb   Thumb Code    52  stm32f4xx_hal_tim.o(.text)
    HAL_TIM_Base_MspDeInit                   0x080060ff   Thumb Code     2  stm32f4xx_hal_tim.o(.text)
    HAL_TIM_Base_DeInit                      0x08006101   Thumb Code    70  stm32f4xx_hal_tim.o(.text)
    HAL_TIM_Base_Start                       0x08006147   Thumb Code    30  stm32f4xx_hal_tim.o(.text)
    HAL_TIM_Base_Stop                        0x08006165   Thumb Code    56  stm32f4xx_hal_tim.o(.text)
    HAL_TIM_Base_Start_IT                    0x0800619d   Thumb Code    30  stm32f4xx_hal_tim.o(.text)
    HAL_TIM_Base_Stop_IT                     0x080061bb   Thumb Code    56  stm32f4xx_hal_tim.o(.text)
    HAL_TIM_ErrorCallback                    0x080061f3   Thumb Code     2  stm32f4xx_hal_tim.o(.text)
    TIM_DMAError                             0x080061f5   Thumb Code    20  stm32f4xx_hal_tim.o(.text)
    HAL_TIM_PeriodElapsedCallback            0x08006209   Thumb Code     2  stm32f4xx_hal_tim.o(.text)
    HAL_TIM_Base_Start_DMA                   0x0800621f   Thumb Code    98  stm32f4xx_hal_tim.o(.text)
    HAL_TIM_Base_Stop_DMA                    0x08006281   Thumb Code    62  stm32f4xx_hal_tim.o(.text)
    HAL_TIM_OC_MspInit                       0x080062bf   Thumb Code     2  stm32f4xx_hal_tim.o(.text)
    HAL_TIM_OC_Init                          0x080062c1   Thumb Code    52  stm32f4xx_hal_tim.o(.text)
    HAL_TIM_OC_MspDeInit                     0x080062f5   Thumb Code     2  stm32f4xx_hal_tim.o(.text)
    HAL_TIM_OC_DeInit                        0x080062f7   Thumb Code    70  stm32f4xx_hal_tim.o(.text)
    TIM_CCxChannelCmd                        0x0800633d   Thumb Code    28  stm32f4xx_hal_tim.o(.text)
    HAL_TIM_OC_Start                         0x08006359   Thumb Code    68  stm32f4xx_hal_tim.o(.text)
    HAL_TIM_OC_Stop                          0x0800639d   Thumb Code   170  stm32f4xx_hal_tim.o(.text)
    HAL_TIM_OC_Start_IT                      0x08006447   Thumb Code   144  stm32f4xx_hal_tim.o(.text)
    HAL_TIM_OC_Stop_IT                       0x080064d7   Thumb Code   196  stm32f4xx_hal_tim.o(.text)
    HAL_TIM_PWM_PulseFinishedCallback        0x0800659b   Thumb Code     2  stm32f4xx_hal_tim.o(.text)
    TIM_DMADelayPulseCplt                    0x0800659d   Thumb Code    70  stm32f4xx_hal_tim.o(.text)
    HAL_TIM_OC_Start_DMA                     0x080065e3   Thumb Code   312  stm32f4xx_hal_tim.o(.text)
    HAL_TIM_OC_Stop_DMA                      0x0800671b   Thumb Code   202  stm32f4xx_hal_tim.o(.text)
    HAL_TIM_PWM_MspInit                      0x080067e5   Thumb Code     2  stm32f4xx_hal_tim.o(.text)
    HAL_TIM_PWM_Init                         0x080067e7   Thumb Code    52  stm32f4xx_hal_tim.o(.text)
    HAL_TIM_PWM_MspDeInit                    0x0800681b   Thumb Code     2  stm32f4xx_hal_tim.o(.text)
    HAL_TIM_PWM_DeInit                       0x0800681d   Thumb Code    70  stm32f4xx_hal_tim.o(.text)
    HAL_TIM_PWM_Start                        0x08006863   Thumb Code    78  stm32f4xx_hal_tim.o(.text)
    HAL_TIM_PWM_Stop                         0x080068b1   Thumb Code   126  stm32f4xx_hal_tim.o(.text)
    HAL_TIM_PWM_Start_IT                     0x0800692f   Thumb Code   144  stm32f4xx_hal_tim.o(.text)
    HAL_TIM_PWM_Stop_IT                      0x080069bf   Thumb Code   196  stm32f4xx_hal_tim.o(.text)
    HAL_TIM_PWM_Start_DMA                    0x08006a83   Thumb Code   312  stm32f4xx_hal_tim.o(.text)
    HAL_TIM_PWM_Stop_DMA                     0x08006bbb   Thumb Code   202  stm32f4xx_hal_tim.o(.text)
    HAL_TIM_IC_MspInit                       0x08006c85   Thumb Code     2  stm32f4xx_hal_tim.o(.text)
    HAL_TIM_IC_Init                          0x08006c87   Thumb Code    62  stm32f4xx_hal_tim.o(.text)
    HAL_TIM_IC_MspDeInit                     0x08006cc5   Thumb Code     2  stm32f4xx_hal_tim.o(.text)
    HAL_TIM_IC_DeInit                        0x08006cc7   Thumb Code    70  stm32f4xx_hal_tim.o(.text)
    HAL_TIM_IC_Start                         0x08006d0d   Thumb Code    32  stm32f4xx_hal_tim.o(.text)
    HAL_TIM_IC_Stop                          0x08006d2d   Thumb Code    58  stm32f4xx_hal_tim.o(.text)
    HAL_TIM_IC_Start_IT                      0x08006d67   Thumb Code   108  stm32f4xx_hal_tim.o(.text)
    HAL_TIM_IC_Stop_IT                       0x08006dd3   Thumb Code   134  stm32f4xx_hal_tim.o(.text)
    HAL_TIM_IC_CaptureCallback               0x08006e59   Thumb Code     2  stm32f4xx_hal_tim.o(.text)
    TIM_DMACaptureCplt                       0x08006e5b   Thumb Code    70  stm32f4xx_hal_tim.o(.text)
    HAL_TIM_IC_Start_DMA                     0x08006ea1   Thumb Code   276  stm32f4xx_hal_tim.o(.text)
    HAL_TIM_IC_Stop_DMA                      0x08006fb5   Thumb Code   140  stm32f4xx_hal_tim.o(.text)
    HAL_TIM_OnePulse_MspInit                 0x08007041   Thumb Code     2  stm32f4xx_hal_tim.o(.text)
    HAL_TIM_OnePulse_Init                    0x08007043   Thumb Code    76  stm32f4xx_hal_tim.o(.text)
    HAL_TIM_OnePulse_MspDeInit               0x0800708f   Thumb Code     2  stm32f4xx_hal_tim.o(.text)
    HAL_TIM_OnePulse_DeInit                  0x08007091   Thumb Code    70  stm32f4xx_hal_tim.o(.text)
    HAL_TIM_OnePulse_Start                   0x080070d7   Thumb Code    66  stm32f4xx_hal_tim.o(.text)
    HAL_TIM_OnePulse_Stop                    0x08007119   Thumb Code   130  stm32f4xx_hal_tim.o(.text)
    HAL_TIM_OnePulse_Start_IT                0x0800719b   Thumb Code    90  stm32f4xx_hal_tim.o(.text)
    HAL_TIM_OnePulse_Stop_IT                 0x080071f5   Thumb Code   154  stm32f4xx_hal_tim.o(.text)
    HAL_TIM_Encoder_MspInit                  0x0800728f   Thumb Code     2  stm32f4xx_hal_tim.o(.text)
    HAL_TIM_Encoder_Init                     0x08007291   Thumb Code   180  stm32f4xx_hal_tim.o(.text)
    HAL_TIM_Encoder_MspDeInit                0x08007345   Thumb Code     2  stm32f4xx_hal_tim.o(.text)
    HAL_TIM_Encoder_DeInit                   0x08007347   Thumb Code    70  stm32f4xx_hal_tim.o(.text)
    HAL_TIM_Encoder_Start                    0x0800738d   Thumb Code    78  stm32f4xx_hal_tim.o(.text)
    HAL_TIM_Encoder_Stop                     0x080073db   Thumb Code   104  stm32f4xx_hal_tim.o(.text)
    HAL_TIM_Encoder_Start_IT                 0x08007443   Thumb Code   126  stm32f4xx_hal_tim.o(.text)
    HAL_TIM_Encoder_Stop_IT                  0x080074c1   Thumb Code   160  stm32f4xx_hal_tim.o(.text)
    HAL_TIM_Encoder_Start_DMA                0x08007561   Thumb Code   328  stm32f4xx_hal_tim.o(.text)
    HAL_TIM_Encoder_Stop_DMA                 0x080076a9   Thumb Code   152  stm32f4xx_hal_tim.o(.text)
    HAL_TIM_TriggerCallback                  0x08007741   Thumb Code     2  stm32f4xx_hal_tim.o(.text)
    HAL_TIM_OC_DelayElapsedCallback          0x08007743   Thumb Code     2  stm32f4xx_hal_tim.o(.text)
    HAL_TIM_IRQHandler                       0x08007745   Thumb Code   406  stm32f4xx_hal_tim.o(.text)
    TIM_OC2_SetConfig                        0x080079ad   Thumb Code   112  stm32f4xx_hal_tim.o(.text)
    HAL_TIM_OC_ConfigChannel                 0x08007a83   Thumb Code   116  stm32f4xx_hal_tim.o(.text)
    TIM_TI1_SetConfig                        0x08007bb1   Thumb Code   122  stm32f4xx_hal_tim.o(.text)
    HAL_TIM_IC_ConfigChannel                 0x08007c2b   Thumb Code   224  stm32f4xx_hal_tim.o(.text)
    HAL_TIM_PWM_ConfigChannel                0x08007d0b   Thumb Code   294  stm32f4xx_hal_tim.o(.text)
    HAL_TIM_OnePulse_ConfigChannel           0x08007e31   Thumb Code   286  stm32f4xx_hal_tim.o(.text)
    HAL_TIM_DMABurst_WriteStart              0x08007f63   Thumb Code   366  stm32f4xx_hal_tim.o(.text)
    HAL_TIM_DMABurst_WriteStop               0x080080d1   Thumb Code   128  stm32f4xx_hal_tim.o(.text)
    HAL_TIM_DMABurst_ReadStart               0x08008151   Thumb Code   366  stm32f4xx_hal_tim.o(.text)
    HAL_TIM_DMABurst_ReadStop                0x080082bf   Thumb Code   128  stm32f4xx_hal_tim.o(.text)
    HAL_TIM_GenerateEvent                    0x0800833f   Thumb Code    54  stm32f4xx_hal_tim.o(.text)
    HAL_TIM_ConfigOCrefClear                 0x0800838d   Thumb Code   252  stm32f4xx_hal_tim.o(.text)
    HAL_TIM_ConfigClockSource                0x080084f3   Thumb Code   306  stm32f4xx_hal_tim.o(.text)
    HAL_TIM_ConfigTI1Input                   0x08008625   Thumb Code    24  stm32f4xx_hal_tim.o(.text)
    HAL_TIM_SlaveConfigSynchronization       0x080086e1   Thumb Code    86  stm32f4xx_hal_tim.o(.text)
    HAL_TIM_SlaveConfigSynchronization_IT    0x08008737   Thumb Code    86  stm32f4xx_hal_tim.o(.text)
    HAL_TIM_ReadCapturedValue                0x0800878d   Thumb Code    84  stm32f4xx_hal_tim.o(.text)
    HAL_TIM_Base_GetState                    0x080087e1   Thumb Code     8  stm32f4xx_hal_tim.o(.text)
    HAL_TIM_OC_GetState                      0x080087e9   Thumb Code     8  stm32f4xx_hal_tim.o(.text)
    HAL_TIM_PWM_GetState                     0x080087f1   Thumb Code     8  stm32f4xx_hal_tim.o(.text)
    HAL_TIM_IC_GetState                      0x080087f9   Thumb Code     8  stm32f4xx_hal_tim.o(.text)
    HAL_TIM_OnePulse_GetState                0x08008801   Thumb Code     8  stm32f4xx_hal_tim.o(.text)
    HAL_TIM_Encoder_GetState                 0x08008809   Thumb Code     8  stm32f4xx_hal_tim.o(.text)
    HAL_TIMEx_HallSensor_MspInit             0x08008811   Thumb Code     2  stm32f4xx_hal_tim_ex.o(.text)
    HAL_TIMEx_HallSensor_Init                0x08008813   Thumb Code   196  stm32f4xx_hal_tim_ex.o(.text)
    HAL_TIMEx_HallSensor_MspDeInit           0x080088d7   Thumb Code     2  stm32f4xx_hal_tim_ex.o(.text)
    HAL_TIMEx_HallSensor_DeInit              0x080088d9   Thumb Code    70  stm32f4xx_hal_tim_ex.o(.text)
    HAL_TIMEx_HallSensor_Start               0x0800891f   Thumb Code    30  stm32f4xx_hal_tim_ex.o(.text)
    HAL_TIMEx_HallSensor_Stop                0x0800893d   Thumb Code    56  stm32f4xx_hal_tim_ex.o(.text)
    HAL_TIMEx_HallSensor_Start_IT            0x08008975   Thumb Code    42  stm32f4xx_hal_tim_ex.o(.text)
    HAL_TIMEx_HallSensor_Stop_IT             0x0800899f   Thumb Code    68  stm32f4xx_hal_tim_ex.o(.text)
    HAL_TIMEx_HallSensor_Start_DMA           0x080089e3   Thumb Code   106  stm32f4xx_hal_tim_ex.o(.text)
    HAL_TIMEx_HallSensor_Stop_DMA            0x08008a4d   Thumb Code    68  stm32f4xx_hal_tim_ex.o(.text)
    HAL_TIMEx_OCN_Start                      0x08008aad   Thumb Code    44  stm32f4xx_hal_tim_ex.o(.text)
    HAL_TIMEx_OCN_Stop                       0x08008ad9   Thumb Code    96  stm32f4xx_hal_tim_ex.o(.text)
    HAL_TIMEx_OCN_Start_IT                   0x08008b39   Thumb Code   132  stm32f4xx_hal_tim_ex.o(.text)
    HAL_TIMEx_OCN_Stop_IT                    0x08008bbd   Thumb Code   196  stm32f4xx_hal_tim_ex.o(.text)
    HAL_TIMEx_OCN_Start_DMA                  0x08008c81   Thumb Code   272  stm32f4xx_hal_tim_ex.o(.text)
    HAL_TIMEx_OCN_Stop_DMA                   0x08008d91   Thumb Code   192  stm32f4xx_hal_tim_ex.o(.text)
    HAL_TIMEx_PWMN_Start                     0x08008e51   Thumb Code    44  stm32f4xx_hal_tim_ex.o(.text)
    HAL_TIMEx_PWMN_Stop                      0x08008e7d   Thumb Code    96  stm32f4xx_hal_tim_ex.o(.text)
    HAL_TIMEx_PWMN_Start_IT                  0x08008edd   Thumb Code   132  stm32f4xx_hal_tim_ex.o(.text)
    HAL_TIMEx_PWMN_Stop_IT                   0x08008f61   Thumb Code   196  stm32f4xx_hal_tim_ex.o(.text)
    HAL_TIMEx_PWMN_Start_DMA                 0x08009025   Thumb Code   272  stm32f4xx_hal_tim_ex.o(.text)
    HAL_TIMEx_PWMN_Stop_DMA                  0x08009135   Thumb Code   178  stm32f4xx_hal_tim_ex.o(.text)
    HAL_TIMEx_OnePulseN_Start                0x080091e7   Thumb Code    32  stm32f4xx_hal_tim_ex.o(.text)
    HAL_TIMEx_OnePulseN_Stop                 0x08009207   Thumb Code    96  stm32f4xx_hal_tim_ex.o(.text)
    HAL_TIMEx_OnePulseN_Start_IT             0x08009267   Thumb Code    56  stm32f4xx_hal_tim_ex.o(.text)
    HAL_TIMEx_OnePulseN_Stop_IT              0x0800929f   Thumb Code   120  stm32f4xx_hal_tim_ex.o(.text)
    HAL_TIMEx_ConfigCommutationEvent         0x08009317   Thumb Code   110  stm32f4xx_hal_tim_ex.o(.text)
    HAL_TIMEx_ConfigCommutationEvent_IT      0x08009385   Thumb Code   122  stm32f4xx_hal_tim_ex.o(.text)
    HAL_TIMEx_CommutationCallback            0x080093ff   Thumb Code     2  stm32f4xx_hal_tim_ex.o(.text)
    TIMEx_DMACommutationCplt                 0x08009401   Thumb Code    20  stm32f4xx_hal_tim_ex.o(.text)
    HAL_TIMEx_ConfigCommutationEvent_DMA     0x08009415   Thumb Code   146  stm32f4xx_hal_tim_ex.o(.text)
    HAL_TIMEx_MasterConfigSynchronization    0x080094a7   Thumb Code    98  stm32f4xx_hal_tim_ex.o(.text)
    HAL_TIMEx_ConfigBreakDeadTime            0x08009509   Thumb Code    80  stm32f4xx_hal_tim_ex.o(.text)
    HAL_TIMEx_RemapConfig                    0x08009559   Thumb Code    48  stm32f4xx_hal_tim_ex.o(.text)
    HAL_TIMEx_BreakCallback                  0x08009589   Thumb Code     2  stm32f4xx_hal_tim_ex.o(.text)
    HAL_TIMEx_HallSensor_GetState            0x0800958b   Thumb Code     8  stm32f4xx_hal_tim_ex.o(.text)
    Reset_Handler                            0x08009599   Thumb Code     8  startup_stm32f407xx.o(.text)
    NMI_Handler                              0x080095a1   Thumb Code     2  startup_stm32f407xx.o(.text)
    HardFault_Handler                        0x080095a3   Thumb Code     2  startup_stm32f407xx.o(.text)
    MemManage_Handler                        0x080095a5   Thumb Code     2  startup_stm32f407xx.o(.text)
    BusFault_Handler                         0x080095a7   Thumb Code     2  startup_stm32f407xx.o(.text)
    UsageFault_Handler                       0x080095a9   Thumb Code     2  startup_stm32f407xx.o(.text)
    DebugMon_Handler                         0x080095ad   Thumb Code     2  startup_stm32f407xx.o(.text)
    CAN1_RX0_IRQHandler                      0x080095b3   Thumb Code     0  startup_stm32f407xx.o(.text)
    CAN1_RX1_IRQHandler                      0x080095b3   Thumb Code     0  startup_stm32f407xx.o(.text)
    CAN1_SCE_IRQHandler                      0x080095b3   Thumb Code     0  startup_stm32f407xx.o(.text)
    CAN1_TX_IRQHandler                       0x080095b3   Thumb Code     0  startup_stm32f407xx.o(.text)
    CAN2_RX0_IRQHandler                      0x080095b3   Thumb Code     0  startup_stm32f407xx.o(.text)
    CAN2_RX1_IRQHandler                      0x080095b3   Thumb Code     0  startup_stm32f407xx.o(.text)
    CAN2_SCE_IRQHandler                      0x080095b3   Thumb Code     0  startup_stm32f407xx.o(.text)
    CAN2_TX_IRQHandler                       0x080095b3   Thumb Code     0  startup_stm32f407xx.o(.text)
    DCMI_IRQHandler                          0x080095b3   Thumb Code     0  startup_stm32f407xx.o(.text)
    DMA1_Stream0_IRQHandler                  0x080095b3   Thumb Code     0  startup_stm32f407xx.o(.text)
    DMA1_Stream1_IRQHandler                  0x080095b3   Thumb Code     0  startup_stm32f407xx.o(.text)
    DMA1_Stream2_IRQHandler                  0x080095b3   Thumb Code     0  startup_stm32f407xx.o(.text)
    DMA1_Stream3_IRQHandler                  0x080095b3   Thumb Code     0  startup_stm32f407xx.o(.text)
    DMA1_Stream4_IRQHandler                  0x080095b3   Thumb Code     0  startup_stm32f407xx.o(.text)
    DMA1_Stream5_IRQHandler                  0x080095b3   Thumb Code     0  startup_stm32f407xx.o(.text)
    DMA1_Stream6_IRQHandler                  0x080095b3   Thumb Code     0  startup_stm32f407xx.o(.text)
    DMA1_Stream7_IRQHandler                  0x080095b3   Thumb Code     0  startup_stm32f407xx.o(.text)
    DMA2_Stream0_IRQHandler                  0x080095b3   Thumb Code     0  startup_stm32f407xx.o(.text)
    DMA2_Stream1_IRQHandler                  0x080095b3   Thumb Code     0  startup_stm32f407xx.o(.text)
    DMA2_Stream2_IRQHandler                  0x080095b3   Thumb Code     0  startup_stm32f407xx.o(.text)
    DMA2_Stream3_IRQHandler                  0x080095b3   Thumb Code     0  startup_stm32f407xx.o(.text)
    DMA2_Stream5_IRQHandler                  0x080095b3   Thumb Code     0  startup_stm32f407xx.o(.text)
    DMA2_Stream6_IRQHandler                  0x080095b3   Thumb Code     0  startup_stm32f407xx.o(.text)
    DMA2_Stream7_IRQHandler                  0x080095b3   Thumb Code     0  startup_stm32f407xx.o(.text)
    ETH_IRQHandler                           0x080095b3   Thumb Code     0  startup_stm32f407xx.o(.text)
    ETH_WKUP_IRQHandler                      0x080095b3   Thumb Code     0  startup_stm32f407xx.o(.text)
    EXTI15_10_IRQHandler                     0x080095b3   Thumb Code     0  startup_stm32f407xx.o(.text)
    EXTI1_IRQHandler                         0x080095b3   Thumb Code     0  startup_stm32f407xx.o(.text)
    EXTI2_IRQHandler                         0x080095b3   Thumb Code     0  startup_stm32f407xx.o(.text)
    EXTI3_IRQHandler                         0x080095b3   Thumb Code     0  startup_stm32f407xx.o(.text)
    EXTI4_IRQHandler                         0x080095b3   Thumb Code     0  startup_stm32f407xx.o(.text)
    EXTI9_5_IRQHandler                       0x080095b3   Thumb Code     0  startup_stm32f407xx.o(.text)
    FLASH_IRQHandler                         0x080095b3   Thumb Code     0  startup_stm32f407xx.o(.text)
    FMC_IRQHandler                           0x080095b3   Thumb Code     0  startup_stm32f407xx.o(.text)
    FPU_IRQHandler                           0x080095b3   Thumb Code     0  startup_stm32f407xx.o(.text)
    HASH_RNG_IRQHandler                      0x080095b3   Thumb Code     0  startup_stm32f407xx.o(.text)
    I2C1_ER_IRQHandler                       0x080095b3   Thumb Code     0  startup_stm32f407xx.o(.text)
    I2C1_EV_IRQHandler                       0x080095b3   Thumb Code     0  startup_stm32f407xx.o(.text)
    I2C2_ER_IRQHandler                       0x080095b3   Thumb Code     0  startup_stm32f407xx.o(.text)
    I2C2_EV_IRQHandler                       0x080095b3   Thumb Code     0  startup_stm32f407xx.o(.text)
    I2C3_ER_IRQHandler                       0x080095b3   Thumb Code     0  startup_stm32f407xx.o(.text)
    I2C3_EV_IRQHandler                       0x080095b3   Thumb Code     0  startup_stm32f407xx.o(.text)
    OTG_FS_IRQHandler                        0x080095b3   Thumb Code     0  startup_stm32f407xx.o(.text)
    OTG_FS_WKUP_IRQHandler                   0x080095b3   Thumb Code     0  startup_stm32f407xx.o(.text)
    OTG_HS_EP1_IN_IRQHandler                 0x080095b3   Thumb Code     0  startup_stm32f407xx.o(.text)
    OTG_HS_EP1_OUT_IRQHandler                0x080095b3   Thumb Code     0  startup_stm32f407xx.o(.text)
    OTG_HS_IRQHandler                        0x080095b3   Thumb Code     0  startup_stm32f407xx.o(.text)
    OTG_HS_WKUP_IRQHandler                   0x080095b3   Thumb Code     0  startup_stm32f407xx.o(.text)
    PVD_IRQHandler                           0x080095b3   Thumb Code     0  startup_stm32f407xx.o(.text)
    RCC_IRQHandler                           0x080095b3   Thumb Code     0  startup_stm32f407xx.o(.text)
    RTC_Alarm_IRQHandler                     0x080095b3   Thumb Code     0  startup_stm32f407xx.o(.text)
    RTC_WKUP_IRQHandler                      0x080095b3   Thumb Code     0  startup_stm32f407xx.o(.text)
    SDIO_IRQHandler                          0x080095b3   Thumb Code     0  startup_stm32f407xx.o(.text)
    SPI1_IRQHandler                          0x080095b3   Thumb Code     0  startup_stm32f407xx.o(.text)
    SPI2_IRQHandler                          0x080095b3   Thumb Code     0  startup_stm32f407xx.o(.text)
    SPI3_IRQHandler                          0x080095b3   Thumb Code     0  startup_stm32f407xx.o(.text)
    TAMP_STAMP_IRQHandler                    0x080095b3   Thumb Code     0  startup_stm32f407xx.o(.text)
    TIM1_BRK_TIM9_IRQHandler                 0x080095b3   Thumb Code     0  startup_stm32f407xx.o(.text)
    TIM1_CC_IRQHandler                       0x080095b3   Thumb Code     0  startup_stm32f407xx.o(.text)
    TIM1_TRG_COM_TIM11_IRQHandler            0x080095b3   Thumb Code     0  startup_stm32f407xx.o(.text)
    TIM1_UP_TIM10_IRQHandler                 0x080095b3   Thumb Code     0  startup_stm32f407xx.o(.text)
    TIM2_IRQHandler                          0x080095b3   Thumb Code     0  startup_stm32f407xx.o(.text)
    TIM3_IRQHandler                          0x080095b3   Thumb Code     0  startup_stm32f407xx.o(.text)
    TIM4_IRQHandler                          0x080095b3   Thumb Code     0  startup_stm32f407xx.o(.text)
    TIM5_IRQHandler                          0x080095b3   Thumb Code     0  startup_stm32f407xx.o(.text)
    TIM6_DAC_IRQHandler                      0x080095b3   Thumb Code     0  startup_stm32f407xx.o(.text)
    TIM7_IRQHandler                          0x080095b3   Thumb Code     0  startup_stm32f407xx.o(.text)
    TIM8_BRK_TIM12_IRQHandler                0x080095b3   Thumb Code     0  startup_stm32f407xx.o(.text)
    TIM8_CC_IRQHandler                       0x080095b3   Thumb Code     0  startup_stm32f407xx.o(.text)
    TIM8_TRG_COM_TIM14_IRQHandler            0x080095b3   Thumb Code     0  startup_stm32f407xx.o(.text)
    TIM8_UP_TIM13_IRQHandler                 0x080095b3   Thumb Code     0  startup_stm32f407xx.o(.text)
    UART4_IRQHandler                         0x080095b3   Thumb Code     0  startup_stm32f407xx.o(.text)
    UART5_IRQHandler                         0x080095b3   Thumb Code     0  startup_stm32f407xx.o(.text)
    USART1_IRQHandler                        0x080095b3   Thumb Code     0  startup_stm32f407xx.o(.text)
    USART2_IRQHandler                        0x080095b3   Thumb Code     0  startup_stm32f407xx.o(.text)
    USART3_IRQHandler                        0x080095b3   Thumb Code     0  startup_stm32f407xx.o(.text)
    USART6_IRQHandler                        0x080095b3   Thumb Code     0  startup_stm32f407xx.o(.text)
    WWDG_IRQHandler                          0x080095b3   Thumb Code     0  startup_stm32f407xx.o(.text)
    SystemInit                               0x080095bd   Thumb Code    82  system_stm32f4xx.o(.text)
    SystemCoreClockUpdate                    0x0800960f   Thumb Code   174  system_stm32f4xx.o(.text)
    __aeabi_memset                           0x080096dd   Thumb Code    14  memseta.o(.text)
    __aeabi_memset4                          0x080096dd   Thumb Code     0  memseta.o(.text)
    __aeabi_memset8                          0x080096dd   Thumb Code     0  memseta.o(.text)
    __aeabi_memclr                           0x080096eb   Thumb Code     4  memseta.o(.text)
    __aeabi_memclr4                          0x080096eb   Thumb Code     0  memseta.o(.text)
    __aeabi_memclr8                          0x080096eb   Thumb Code     0  memseta.o(.text)
    _memset$wrapper                          0x080096ef   Thumb Code    18  memseta.o(.text)
    __aeabi_dadd                             0x08009701   Thumb Code   322  dadd.o(.text)
    __aeabi_dsub                             0x08009843   Thumb Code     6  dadd.o(.text)
    __aeabi_drsub                            0x08009849   Thumb Code     6  dadd.o(.text)
    __aeabi_dmul                             0x0800984f   Thumb Code   228  dmul.o(.text)
    __aeabi_ddiv                             0x08009933   Thumb Code   222  ddiv.o(.text)
    __aeabi_i2d                              0x08009a11   Thumb Code    34  dflti.o(.text)
    __aeabi_d2iz                             0x08009a33   Thumb Code    62  dfixi.o(.text)
    __aeabi_f2d                              0x08009a71   Thumb Code    38  f2d.o(.text)
    __aeabi_d2f                              0x08009a97   Thumb Code    56  d2f.o(.text)
    __aeabi_llsl                             0x08009acf   Thumb Code    30  llshl.o(.text)
    _ll_shift_l                              0x08009acf   Thumb Code     0  llshl.o(.text)
    __aeabi_llsr                             0x08009aed   Thumb Code    32  llushr.o(.text)
    _ll_ushift_r                             0x08009aed   Thumb Code     0  llushr.o(.text)
    __aeabi_lasr                             0x08009b0d   Thumb Code    36  llsshr.o(.text)
    _ll_sshift_r                             0x08009b0d   Thumb Code     0  llsshr.o(.text)
    __I$use$fp                               0x08009b31   Thumb Code     0  iusefp.o(.text)
    _float_round                             0x08009b31   Thumb Code    18  fepilogue.o(.text)
    _float_epilogue                          0x08009b43   Thumb Code    92  fepilogue.o(.text)
    _double_round                            0x08009b9f   Thumb Code    30  depilogue.o(.text)
    _double_epilogue                         0x08009bbd   Thumb Code   156  depilogue.o(.text)
    __ARM_scalbn                             0x08009c59   Thumb Code    46  dscalb.o(.text)
    scalbn                                   0x08009c59   Thumb Code     0  dscalb.o(.text)
    _dsqrt                                   0x08009c87   Thumb Code   162  dsqrt.o(.text)
    __aeabi_cdrcmple                         0x08009d29   Thumb Code    48  cdrcmple.o(.text)
    __scatterload                            0x08009d59   Thumb Code    28  init.o(.text)
    __scatterload_rt2                        0x08009d59   Thumb Code     0  init.o(.text)
    SVC_Count                                0x08009d7c   Data           4  svc_table.o(SVC_TABLE)
    __I$use$semihosting$fputc                0x08009d7d   Thumb Code     0  iusesemip.o(.text)
    __semihosting_library_function           0x08009d7d   Thumb Code     0  semi.o(.text)
    SVC_Table                                0x08009d80   Data           0  svc_table.o(SVC_TABLE)
    __0printf$bare                           0x08009d81   Thumb Code     8  printfb.o(i.__0printf$bare)
    __1printf$bare                           0x08009d81   Thumb Code     0  printfb.o(i.__0printf$bare)
    __2printf                                0x08009d81   Thumb Code     0  printfb.o(i.__0printf$bare)
    __ARM_fpclassify                         0x08009d91   Thumb Code    48  fpclassify.o(i.__ARM_fpclassify)
    __hardfp_atan                            0x08009dc1   Thumb Code   622  atan.o(i.__hardfp_atan)
    __hardfp_fabs                            0x0800a099   Thumb Code    20  fabs.o(i.__hardfp_fabs)
    __hardfp_pow                             0x0800a0b1   Thumb Code  3072  pow.o(i.__hardfp_pow)
    __hardfp_sqrt                            0x0800ad01   Thumb Code   122  sqrt.o(i.__hardfp_sqrt)
    __kernel_poly                            0x0800ad7b   Thumb Code   248  poly.o(i.__kernel_poly)
    __mathlib_dbl_divzero                    0x0800ae79   Thumb Code    28  dunder.o(i.__mathlib_dbl_divzero)
    __mathlib_dbl_infnan                     0x0800aea9   Thumb Code    20  dunder.o(i.__mathlib_dbl_infnan)
    __mathlib_dbl_infnan2                    0x0800aebd   Thumb Code    20  dunder.o(i.__mathlib_dbl_infnan2)
    __mathlib_dbl_invalid                    0x0800aed1   Thumb Code    24  dunder.o(i.__mathlib_dbl_invalid)
    __mathlib_dbl_overflow                   0x0800aef1   Thumb Code    24  dunder.o(i.__mathlib_dbl_overflow)
    __mathlib_dbl_underflow                  0x0800af11   Thumb Code    24  dunder.o(i.__mathlib_dbl_underflow)
    __scatterload_copy                       0x0800af31   Thumb Code    14  handlers.o(i.__scatterload_copy)
    __scatterload_null                       0x0800af3f   Thumb Code     2  handlers.o(i.__scatterload_null)
    __scatterload_zeroinit                   0x0800af41   Thumb Code    14  handlers.o(i.__scatterload_zeroinit)
    __set_errno                              0x0800af51   Thumb Code     6  errno.o(i.__set_errno)
    _init_box                                0x0800af5d   Thumb Code    70  rt_membox.o(i._init_box)
    dbg_init                                 0x0800afc5   Thumb Code    34  hal_cm.o(i.dbg_init)
    dbg_task_notify                          0x0800aff5   Thumb Code    32  hal_cm.o(i.dbg_task_notify)
    dbg_task_switch                          0x0800b015   Thumb Code    16  hal_cm.o(i.dbg_task_switch)
    fabs                                     0x0800b025   Thumb Code    24  fabs.o(i.fabs)
    fputc                                    0x0800b03d   Thumb Code    18  fputc.o(i.fputc)
    isrMessageGet                            0x0800b04f   Thumb Code    42  rt_cmsis.o(i.isrMessageGet)
    isrMessagePut                            0x0800b079   Thumb Code    44  rt_cmsis.o(i.isrMessagePut)
    isr_mbx_receive                          0x0800b0a5   Thumb Code    86  rt_mailbox.o(i.isr_mbx_receive)
    isr_mbx_send                             0x0800b0fb   Thumb Code    14  rt_mailbox.o(i.isr_mbx_send)
    osDelay                                  0x0800b109   Thumb Code    18  rt_cmsis.o(i.osDelay)
    osKernelInitialize                       0x0800b121   Thumb Code    30  rt_cmsis.o(i.osKernelInitialize)
    osKernelStart                            0x0800b145   Thumb Code    98  rt_cmsis.o(i.osKernelStart)
    osMessageGet                             0x0800b1b1   Thumb Code    18  rt_cmsis.o(i.osMessageGet)
    osThreadCreate                           0x0800b1c9   Thumb Code    36  rt_cmsis.o(i.osThreadCreate)
    osThreadExit                             0x0800b1f5   Thumb Code    14  rt_cmsis.o(i.osThreadExit)
    osTimerCall                              0x0800b20d   Thumb Code     8  rt_cmsis.o(i.osTimerCall)
    osTimerThread                            0x0800b219   Thumb Code    38  rt_cmsis.o(i.osTimerThread)
    os_tick_init                             0x0800b245   Thumb Code    32  rt_system.o(i.os_tick_init)
    os_tick_irqack                           0x0800b26d   Thumb Code     2  rt_system.o(i.os_tick_irqack)
    rt_alloc_box                             0x0800b26f   Thumb Code    26  rt_membox.o(i.rt_alloc_box)
    rt_alloc_mem                             0x0800b289   Thumb Code    62  rt_memory.o(i.rt_alloc_mem)
    rt_block                                 0x0800b2c9   Thumb Code    48  rt_task.o(i.rt_block)
    rt_chk_robin                             0x0800b301   Thumb Code    60  rt_robin.o(i.rt_chk_robin)
    rt_dec_dly                               0x0800b349   Thumb Code   102  rt_list.o(i.rt_dec_dly)
    rt_dispatch                              0x0800b3b9   Thumb Code    60  rt_task.o(i.rt_dispatch)
    rt_dly_wait                              0x0800b3fd   Thumb Code     6  rt_time.o(i.rt_dly_wait)
    rt_evt_psh                               0x0800b405   Thumb Code    76  rt_event.o(i.rt_evt_psh)
    rt_free_box                              0x0800b455   Thumb Code    44  rt_membox.o(i.rt_free_box)
    rt_free_mem                              0x0800b481   Thumb Code    40  rt_memory.o(i.rt_free_mem)
    rt_get_first                             0x0800b4a9   Thumb Code    40  rt_list.o(i.rt_get_first)
    rt_init_mem                              0x0800b521   Thumb Code    26  rt_memory.o(i.rt_init_mem)
    rt_init_robin                            0x0800b53d   Thumb Code    14  rt_robin.o(i.rt_init_robin)
    rt_init_stack                            0x0800b555   Thumb Code   118  hal_cm.o(i.rt_init_stack)
    rt_mbx_check                             0x0800b5d5   Thumb Code     8  rt_mailbox.o(i.rt_mbx_check)
    rt_mbx_init                              0x0800b5dd   Thumb Code    26  rt_mailbox.o(i.rt_mbx_init)
    rt_mbx_psh                               0x0800b5f9   Thumb Code   236  rt_mailbox.o(i.rt_mbx_psh)
    rt_mbx_wait                              0x0800b6e9   Thumb Code   174  rt_mailbox.o(i.rt_mbx_wait)
    rt_pop_req                               0x0800b7e1   Thumb Code   112  rt_system.o(i.rt_pop_req)
    rt_psh_req                               0x0800b85d   Thumb Code    22  rt_system.o(i.rt_psh_req)
    rt_psq_enq                               0x0800b87d   Thumb Code    88  rt_list.o(i.rt_psq_enq)
    rt_put_dly                               0x0800b8d9   Thumb Code    68  rt_list.o(i.rt_put_dly)
    rt_put_prio                              0x0800b921   Thumb Code    54  rt_list.o(i.rt_put_prio)
    rt_put_rdy_first                         0x0800b959   Thumb Code    14  rt_list.o(i.rt_put_rdy_first)
    rt_resort_prio                           0x0800b96d   Thumb Code    46  rt_list.o(i.rt_resort_prio)
    rt_ret_val                               0x0800b9b1   Thumb Code    12  hal_cm.o(i.rt_ret_val)
    rt_ret_val2                              0x0800b9bd   Thumb Code    16  hal_cm.o(i.rt_ret_val2)
    rt_rmv_dly                               0x0800b9cd   Thumb Code    40  rt_list.o(i.rt_rmv_dly)
    rt_rmv_list                              0x0800b9f5   Thumb Code    44  rt_list.o(i.rt_rmv_list)
    rt_sem_psh                               0x0800ba25   Thumb Code    48  rt_semaphore.o(i.rt_sem_psh)
    rt_stk_check                             0x0800ba59   Thumb Code    28  rt_system.o(i.rt_stk_check)
    rt_switch_req                            0x0800ba7d   Thumb Code    30  rt_task.o(i.rt_switch_req)
    rt_sys_init                              0x0800baa5   Thumb Code   138  rt_task.o(i.rt_sys_init)
    rt_sys_start                             0x0800bb71   Thumb Code   110  rt_task.o(i.rt_sys_start)
    rt_systick                               0x0800bbe9   Thumb Code    50  rt_system.o(i.rt_systick)
    rt_tsk_create                            0x0800bc71   Thumb Code   118  rt_task.o(i.rt_tsk_create)
    rt_tsk_delete                            0x0800bcf9   Thumb Code   352  rt_task.o(i.rt_tsk_delete)
    rt_tsk_prio                              0x0800be75   Thumb Code   108  rt_task.o(i.rt_tsk_prio)
    rt_tsk_self                              0x0800bef1   Thumb Code    12  rt_task.o(i.rt_tsk_self)
    sqrt                                     0x0800bf01   Thumb Code   110  sqrt.o(i.sqrt)
    svcDelay                                 0x0800bf6f   Thumb Code    18  rt_cmsis.o(i.svcDelay)
    svcKernelInitialize                      0x0800bf81   Thumb Code    80  rt_cmsis.o(i.svcKernelInitialize)
    svcKernelStart                           0x0800bff1   Thumb Code    62  rt_cmsis.o(i.svcKernelStart)
    svcMessageCreate                         0x0800c039   Thumb Code    36  rt_cmsis.o(i.svcMessageCreate)
    svcMessageGet                            0x0800c05d   Thumb Code    58  rt_cmsis.o(i.svcMessageGet)
    svcThreadCreate                          0x0800c099   Thumb Code    96  rt_cmsis.o(i.svcThreadCreate)
    svcThreadGetId                           0x0800c105   Thumb Code    22  rt_cmsis.o(i.svcThreadGetId)
    svcThreadTerminate                       0x0800c121   Thumb Code    50  rt_cmsis.o(i.svcThreadTerminate)
    svcTimerCall                             0x0800c159   Thumb Code    24  rt_cmsis.o(i.svcTimerCall)
    sysTimerTick                             0x0800c171   Thumb Code    84  rt_cmsis.o(i.sysTimerTick)
    os_thread_def_keypadThread               0x0800c3e8   Data          16  threads.o(.constdata)
    os_thread_def_displayThread              0x0800c3f8   Data          16  threads.o(.constdata)
    os_thread_def_tempThread                 0x0800c408   Data          16  threads.o(.constdata)
    os_thread_def_accelThread                0x0800c418   Data          16  threads.o(.constdata)
    os_thread_def_Thread_LED                 0x0800c428   Data          16  threads.o(.constdata)
    os_maxtaskrun                            0x0800c578   Data           2  rtx_conf_cm.o(.constdata)
    os_stackinfo                             0x0800c57c   Data           4  rtx_conf_cm.o(.constdata)
    os_rrobin                                0x0800c580   Data           4  rtx_conf_cm.o(.constdata)
    os_tickfreq                              0x0800c584   Data           4  rtx_conf_cm.o(.constdata)
    os_tickus_i                              0x0800c588   Data           2  rtx_conf_cm.o(.constdata)
    os_tickus_f                              0x0800c58a   Data           2  rtx_conf_cm.o(.constdata)
    os_trv                                   0x0800c58c   Data           4  rtx_conf_cm.o(.constdata)
    os_flags                                 0x0800c590   Data           1  rtx_conf_cm.o(.constdata)
    CMSIS_RTOS_API_Version                   0x0800c594   Data           4  rtx_conf_cm.o(.constdata)
    CMSIS_RTOS_RTX_Version                   0x0800c598   Data           4  rtx_conf_cm.o(.constdata)
    os_clockrate                             0x0800c59c   Data           4  rtx_conf_cm.o(.constdata)
    os_timernum                              0x0800c5a0   Data           4  rtx_conf_cm.o(.constdata)
    mp_tcb_size                              0x0800c5a4   Data           2  rtx_conf_cm.o(.constdata)
    mp_stk_size                              0x0800c5a8   Data           4  rtx_conf_cm.o(.constdata)
    os_stack_sz                              0x0800c5ac   Data           4  rtx_conf_cm.o(.constdata)
    os_fifo_size                             0x0800c5b0   Data           1  rtx_conf_cm.o(.constdata)
    os_thread_def_osTimerThread              0x0800c5b4   Data          16  rtx_conf_cm.o(.constdata)
    os_messageQ_def_osTimerMessageQ          0x0800c5c4   Data           8  rtx_conf_cm.o(.constdata)
    mp_tmr_size                              0x0800c5cc   Data           2  rtx_conf_cm.o(.constdata)
    os_thread_def_main                       0x0800c5d0   Data          16  rtx_conf_cm.o(.constdata)
    APBAHBPrescTable                         0x0800c5e8   Data          16  stm32f4xx_hal_rcc.o(.constdata)
    AHBPrescTable                            0x0800c5f8   Data          16  system_stm32f4xx.o(.constdata)
    __mathlib_zero                           0x0800c728   Data           8  qnan.o(.constdata)
    Region$$Table$$Base                      0x0800c730   Number         0  anon$$obj.o(Region$$Table)
    Region$$Table$$Limit                     0x0800c750   Number         0  anon$$obj.o(Region$$Table)
    readingADC                               0x20000000   Data           4  main.o(.data)
    rollGoal                                 0x20000004   Data           4  main.o(.data)
    pitchGoal                                0x20000008   Data           4  main.o(.data)
    mode                                     0x2000000c   Data           4  main.o(.data)
    isDisplayingTargetAngle                  0x20000010   Data           4  main.o(.data)
    tempTargetRollAngle                      0x20000014   Data           4  main.o(.data)
    tempTargetPitchAngle                     0x20000018   Data           4  main.o(.data)
    currentTargetRollAngle                   0x2000001c   Data           4  main.o(.data)
    currentTargetPitchAngle                  0x20000020   Data           4  main.o(.data)
    currentDigit                             0x20000024   Data           4  gpio.o(.data)
    currentDisplayTemp                       0x20000028   Data           4  gpio.o(.data)
    currentTemp                              0x2000002c   Data           4  gpio.o(.data)
    rawTemp                                  0x20000030   Data           4  gpio.o(.data)
    pastTemperaturesIndex                    0x20000034   Data           4  gpio.o(.data)
    tid_Thread_LED                           0x20000038   Data           4  threads.o(.data)
    pastRollIndex                            0x2000003c   Data           4  accelerometer.o(.data)
    pastPitchIndex                           0x20000040   Data           4  accelerometer.o(.data)
    LIS3DSHTimeout                           0x20000044   Data           4  lis3dsh.o(.data)
    osThreadId_osTimerThread                 0x20000048   Data           4  rtx_conf_cm.o(.data)
    osMessageQId_osTimerMessageQ             0x2000004c   Data           4  rtx_conf_cm.o(.data)
    os_tmr                                   0x20000050   Data           4  rtx_conf_cm.o(.data)
    m_tmr                                    0x20000054   Data           4  rtx_conf_cm.o(.data)
    SystemCoreClock                          0x2000005c   Data           4  system_stm32f4xx.o(.data)
    os_initialized                           0x20000060   Data           1  rt_cmsis.o(.data)
    os_running                               0x20000061   Data           1  rt_cmsis.o(.data)
    os_timer_head                            0x20000064   Data           4  rt_cmsis.o(.data)
    os_time                                  0x20000068   Data           4  rt_time.o(.data)
    os_tsk                                   0x2000006c   Data           8  rt_task.o(.data)
    os_tick_irqn                             0x20000078   Data           4  rt_system.o(.data)
    dbg_msg                                  0x2000007c   Data           1  hal_cm.o(.data)
    os_robin                                 0x20000080   Data           8  rt_robin.o(.data)
    __stdout                                 0x20000088   Data           4  stdout.o(.data)
    keypadGPIO                               0x20000090   Data          20  main.o(.bss)
    displayGPIO                              0x200000a4   Data          20  main.o(.bss)
    handleADC                                0x200000b8   Data          68  main.o(.bss)
    channelADC                               0x200000fc   Data          16  main.o(.bss)
    handleDMA                                0x2000010c   Data          88  main.o(.bss)
    handleSPI                                0x20000164   Data          88  main.o(.bss)
    handleTIM                                0x200001bc   Data          60  main.o(.bss)
    initTIM                                  0x200001f8   Data          28  main.o(.bss)
    handleLED                                0x20000214   Data          20  main.o(.bss)
    pastTemperatures                         0x20000228   Data         200  gpio.o(.bss)
    LED_configuration                        0x200002f0   Data          20  threads.o(.bss)
    pastRoll                                 0x20000304   Data         100  accelerometer.o(.bss)
    pastPitch                                0x20000368   Data         100  accelerometer.o(.bss)
    SpiHandle                                0x200003cc   Data          88  lis3dsh.o(.bss)
    mp_tcb                                   0x20000428   Data         376  rtx_conf_cm.o(.bss)
    mp_stk                                   0x200005a0   Data        4816  rtx_conf_cm.o(.bss)
    os_stack_mem                             0x20001870   Data        1256  rtx_conf_cm.o(.bss)
    os_fifo                                  0x20001d58   Data         132  rtx_conf_cm.o(.bss)
    os_active_TCB                            0x20001ddc   Data          28  rtx_conf_cm.o(.bss)
    os_messageQ_q_osTimerMessageQ            0x20001df8   Data          32  rtx_conf_cm.o(.bss)
    os_idle_TCB                              0x20001e18   Data          52  rt_task.o(.bss)
    os_rdy                                   0x20001e4c   Data          24  rt_list.o(.bss)
    os_dly                                   0x20001e64   Data          24  rt_list.o(.bss)
    __initial_sp                             0x20002280   Data           0  startup_stm32f407xx.o(STACK)



==============================================================================

Memory Map of the image

  Image Entry point : 0x08000189

  Load Region LR_IROM1 (Base: 0x08000000, Size: 0x0000c7e0, Max: 0x00100000, ABSOLUTE)

    Execution Region ER_IROM1 (Base: 0x08000000, Size: 0x0000c750, Max: 0x00100000, ABSOLUTE)

    Base Addr    Size         Type   Attr      Idx    E Section Name        Object

    0x08000000   0x00000188   Data   RO          779    RESET               startup_stm32f407xx.o
    0x08000188   0x00000000   Code   RO         2074  * .ARM.Collect$$$$00000000  mc_w.l(entry.o)
    0x08000188   0x00000004   Code   RO         2374    .ARM.Collect$$$$00000001  mc_w.l(entry2.o)
    0x0800018c   0x00000004   Code   RO         2377    .ARM.Collect$$$$00000004  mc_w.l(entry5.o)
    0x08000190   0x00000000   Code   RO         2379    .ARM.Collect$$$$00000008  mc_w.l(entry7b.o)
    0x08000190   0x00000000   Code   RO         2381    .ARM.Collect$$$$0000000A  mc_w.l(entry8b.o)
    0x08000190   0x00000000   Code   RO         2382    .ARM.Collect$$$$0000000D  mc_w.l(entry10a.o)
    0x08000190   0x00000000   Code   RO         2384    .ARM.Collect$$$$0000000F  mc_w.l(entry11a.o)
    0x08000190   0x00000018   Code   RO          354    .ARM.Collect$$$$000000FF  rtx_conf_cm.o
    0x080001a8   0x00000004   Code   RO         2375    .ARM.Collect$$$$00002712  mc_w.l(entry2.o)
    0x080001ac   0x00000198   Code   RO         2015    .emb_text           RTX_CM4.lib(hal_cm4.o)
    0x08000344   0x000001e8   Code   RO            4    .text               main.o
    0x0800052c   0x0000014c   Code   RO          164    .text               adc.o
    0x08000678   0x000006d0   Code   RO          188    .text               gpio.o
    0x08000d48   0x0000038c   Code   RO          224    .text               threads.o
    0x080010d4   0x00000128   Code   RO          266    .text               interrupts.o
    0x080011fc   0x000008a4   Code   RO          294    .text               accelerometer.o
    0x08001aa0   0x000005c0   Code   RO          326    .text               lis3dsh.o
    0x08002060   0x00000026   Code   RO          355    .text               rtx_conf_cm.o
    0x08002086   0x00000002   PAD
    0x08002088   0x000001b0   Code   RO          386    .text               stm32f4xx_hal.o
    0x08002238   0x0000099c   Code   RO          412    .text               stm32f4xx_hal_adc.o
    0x08002bd4   0x00000720   Code   RO          436    .text               stm32f4xx_hal_adc_ex.o
    0x080032f4   0x00000354   Code   RO          460    .text               stm32f4xx_hal_cortex.o
    0x08003648   0x00000618   Code   RO          488    .text               stm32f4xx_hal_dma.o
    0x08003c60   0x000003cc   Code   RO          537    .text               stm32f4xx_hal_gpio.o
    0x0800402c   0x00000a4c   Code   RO          609    .text               stm32f4xx_hal_rcc.o
    0x08004a78   0x00001598   Code   RO          660    .text               stm32f4xx_hal_spi.o
    0x08006010   0x00002800   Code   RO          684    .text               stm32f4xx_hal_tim.o
    0x08008810   0x00000d88   Code   RO          708    .text               stm32f4xx_hal_tim_ex.o
    0x08009598   0x00000024   Code   RO          780    .text               startup_stm32f407xx.o
    0x080095bc   0x00000120   Code   RO          787    .text               system_stm32f4xx.o
    0x080096dc   0x00000024   Code   RO         2079    .text               mc_w.l(memseta.o)
    0x08009700   0x0000014e   Code   RO         2341    .text               mf_w.l(dadd.o)
    0x0800984e   0x000000e4   Code   RO         2343    .text               mf_w.l(dmul.o)
    0x08009932   0x000000de   Code   RO         2345    .text               mf_w.l(ddiv.o)
    0x08009a10   0x00000022   Code   RO         2347    .text               mf_w.l(dflti.o)
    0x08009a32   0x0000003e   Code   RO         2349    .text               mf_w.l(dfixi.o)
    0x08009a70   0x00000026   Code   RO         2351    .text               mf_w.l(f2d.o)
    0x08009a96   0x00000038   Code   RO         2353    .text               mf_w.l(d2f.o)
    0x08009ace   0x0000001e   Code   RO         2391    .text               mc_w.l(llshl.o)
    0x08009aec   0x00000020   Code   RO         2393    .text               mc_w.l(llushr.o)
    0x08009b0c   0x00000024   Code   RO         2395    .text               mc_w.l(llsshr.o)
    0x08009b30   0x00000000   Code   RO         2404    .text               mc_w.l(iusefp.o)
    0x08009b30   0x0000006e   Code   RO         2405    .text               mf_w.l(fepilogue.o)
    0x08009b9e   0x000000ba   Code   RO         2407    .text               mf_w.l(depilogue.o)
    0x08009c58   0x0000002e   Code   RO         2411    .text               mf_w.l(dscalb.o)
    0x08009c86   0x000000a2   Code   RO         2413    .text               mf_w.l(dsqrt.o)
    0x08009d28   0x00000030   Code   RO         2419    .text               mf_w.l(cdrcmple.o)
    0x08009d58   0x00000024   Code   RO         2421    .text               mc_w.l(init.o)
    0x08009d7c   0x00000000   Code   RO         2423    .text               mc_w.l(semi.o)
    0x08009d7c   0x00000000   Code   RO         2424    .text               mc_w.l(iusesemip.o)
    0x08009d7c   0x00000004   Code   RO         2025    SVC_TABLE           RTX_CM4.lib(svc_table.o)
    0x08009d80   0x00000010   Code   RO         2082    i.__0printf$bare    mc_w.l(printfb.o)
    0x08009d90   0x00000030   Code   RO         2369    i.__ARM_fpclassify  m_wm.l(fpclassify.o)
    0x08009dc0   0x000002d8   Code   RO         2028    i.__hardfp_atan     m_wm.l(atan.o)
    0x0800a098   0x00000014   Code   RO         2042    i.__hardfp_fabs     m_wm.l(fabs.o)
    0x0800a0ac   0x00000004   PAD
    0x0800a0b0   0x00000c50   Code   RO         2048    i.__hardfp_pow      m_wm.l(pow.o)
    0x0800ad00   0x0000007a   Code   RO         2062    i.__hardfp_sqrt     m_wm.l(sqrt.o)
    0x0800ad7a   0x000000f8   Code   RO         2371    i.__kernel_poly     m_wm.l(poly.o)
    0x0800ae72   0x00000006   PAD
    0x0800ae78   0x00000030   Code   RO         2355    i.__mathlib_dbl_divzero  m_wm.l(dunder.o)
    0x0800aea8   0x00000014   Code   RO         2356    i.__mathlib_dbl_infnan  m_wm.l(dunder.o)
    0x0800aebc   0x00000014   Code   RO         2357    i.__mathlib_dbl_infnan2  m_wm.l(dunder.o)
    0x0800aed0   0x00000020   Code   RO         2358    i.__mathlib_dbl_invalid  m_wm.l(dunder.o)
    0x0800aef0   0x00000020   Code   RO         2359    i.__mathlib_dbl_overflow  m_wm.l(dunder.o)
    0x0800af10   0x00000020   Code   RO         2361    i.__mathlib_dbl_underflow  m_wm.l(dunder.o)
    0x0800af30   0x0000000e   Code   RO         2427    i.__scatterload_copy  mc_w.l(handlers.o)
    0x0800af3e   0x00000002   Code   RO         2428    i.__scatterload_null  mc_w.l(handlers.o)
    0x0800af40   0x0000000e   Code   RO         2429    i.__scatterload_zeroinit  mc_w.l(handlers.o)
    0x0800af4e   0x00000002   PAD
    0x0800af50   0x0000000c   Code   RO         2399    i.__set_errno       mc_w.l(errno.o)
    0x0800af5c   0x00000046   Code   RO         1888    i._init_box         RTX_CM4.lib(rt_membox.o)
    0x0800afa2   0x00000022   Code   RO         2089    i._printf_core      mc_w.l(printfb.o)
    0x0800afc4   0x00000030   Code   RO         1941    i.dbg_init          RTX_CM4.lib(hal_cm.o)
    0x0800aff4   0x00000020   Code   RO         1942    i.dbg_task_notify   RTX_CM4.lib(hal_cm.o)
    0x0800b014   0x00000010   Code   RO         1943    i.dbg_task_switch   RTX_CM4.lib(hal_cm.o)
    0x0800b024   0x00000018   Code   RO         2044    i.fabs              m_wm.l(fabs.o)
    0x0800b03c   0x00000012   Code   RO         2386    i.fputc             mc_w.l(fputc.o)
    0x0800b04e   0x0000002a   Code   RO          818    i.isrMessageGet     RTX_CM4.lib(rt_cmsis.o)
    0x0800b078   0x0000002c   Code   RO          819    i.isrMessagePut     RTX_CM4.lib(rt_cmsis.o)
    0x0800b0a4   0x00000056   Code   RO         1767    i.isr_mbx_receive   RTX_CM4.lib(rt_mailbox.o)
    0x0800b0fa   0x0000000e   Code   RO         1768    i.isr_mbx_send      RTX_CM4.lib(rt_mailbox.o)
    0x0800b108   0x00000018   Code   RO          822    i.osDelay           RTX_CM4.lib(rt_cmsis.o)
    0x0800b120   0x00000024   Code   RO          823    i.osKernelInitialize  RTX_CM4.lib(rt_cmsis.o)
    0x0800b144   0x0000006c   Code   RO          825    i.osKernelStart     RTX_CM4.lib(rt_cmsis.o)
    0x0800b1b0   0x00000018   Code   RO          834    i.osMessageGet      RTX_CM4.lib(rt_cmsis.o)
    0x0800b1c8   0x0000002c   Code   RO          851    i.osThreadCreate    RTX_CM4.lib(rt_cmsis.o)
    0x0800b1f4   0x00000018   Code   RO          852    i.osThreadExit      RTX_CM4.lib(rt_cmsis.o)
    0x0800b20c   0x0000000c   Code   RO          858    i.osTimerCall       RTX_CM4.lib(rt_cmsis.o)
    0x0800b218   0x0000002c   Code   RO          863    i.osTimerThread     RTX_CM4.lib(rt_cmsis.o)
    0x0800b244   0x00000028   Code   RO         1555    i.os_tick_init      RTX_CM4.lib(rt_system.o)
    0x0800b26c   0x00000002   Code   RO         1556    i.os_tick_irqack    RTX_CM4.lib(rt_system.o)
    0x0800b26e   0x0000001a   Code   RO         1889    i.rt_alloc_box      RTX_CM4.lib(rt_membox.o)
    0x0800b288   0x0000003e   Code   RO         1917    i.rt_alloc_mem      RTX_CM4.lib(rt_memory.o)
    0x0800b2c6   0x00000002   PAD
    0x0800b2c8   0x00000038   Code   RO         1470    i.rt_block          RTX_CM4.lib(rt_task.o)
    0x0800b300   0x00000048   Code   RO         1994    i.rt_chk_robin      RTX_CM4.lib(rt_robin.o)
    0x0800b348   0x00000070   Code   RO         1691    i.rt_dec_dly        RTX_CM4.lib(rt_list.o)
    0x0800b3b8   0x00000044   Code   RO         1471    i.rt_dispatch       RTX_CM4.lib(rt_task.o)
    0x0800b3fc   0x00000006   Code   RO         1437    i.rt_dly_wait       RTX_CM4.lib(rt_time.o)
    0x0800b402   0x00000002   PAD
    0x0800b404   0x00000050   Code   RO         1648    i.rt_evt_psh        RTX_CM4.lib(rt_event.o)
    0x0800b454   0x0000002c   Code   RO         1890    i.rt_free_box       RTX_CM4.lib(rt_membox.o)
    0x0800b480   0x00000028   Code   RO         1918    i.rt_free_mem       RTX_CM4.lib(rt_memory.o)
    0x0800b4a8   0x00000028   Code   RO         1692    i.rt_get_first      RTX_CM4.lib(rt_list.o)
    0x0800b4d0   0x00000008   Code   RO          868    i.rt_id2obj         RTX_CM4.lib(rt_cmsis.o)
    0x0800b4d8   0x00000048   Code   RO         1472    i.rt_init_context   RTX_CM4.lib(rt_task.o)
    0x0800b520   0x0000001a   Code   RO         1919    i.rt_init_mem       RTX_CM4.lib(rt_memory.o)
    0x0800b53a   0x00000002   PAD
    0x0800b53c   0x00000018   Code   RO         1995    i.rt_init_robin     RTX_CM4.lib(rt_robin.o)
    0x0800b554   0x00000080   Code   RO         1944    i.rt_init_stack     RTX_CM4.lib(hal_cm.o)
    0x0800b5d4   0x00000008   Code   RO         1769    i.rt_mbx_check      RTX_CM4.lib(rt_mailbox.o)
    0x0800b5dc   0x0000001a   Code   RO         1770    i.rt_mbx_init       RTX_CM4.lib(rt_mailbox.o)
    0x0800b5f6   0x00000002   PAD
    0x0800b5f8   0x000000f0   Code   RO         1771    i.rt_mbx_psh        RTX_CM4.lib(rt_mailbox.o)
    0x0800b6e8   0x000000b4   Code   RO         1773    i.rt_mbx_wait       RTX_CM4.lib(rt_mailbox.o)
    0x0800b79c   0x00000044   Code   RO          869    i.rt_ms2tick        RTX_CM4.lib(rt_cmsis.o)
    0x0800b7e0   0x0000007c   Code   RO         1559    i.rt_pop_req        RTX_CM4.lib(rt_system.o)
    0x0800b85c   0x00000020   Code   RO         1560    i.rt_psh_req        RTX_CM4.lib(rt_system.o)
    0x0800b87c   0x0000005c   Code   RO         1694    i.rt_psq_enq        RTX_CM4.lib(rt_list.o)
    0x0800b8d8   0x00000048   Code   RO         1695    i.rt_put_dly        RTX_CM4.lib(rt_list.o)
    0x0800b920   0x00000036   Code   RO         1696    i.rt_put_prio       RTX_CM4.lib(rt_list.o)
    0x0800b956   0x00000002   PAD
    0x0800b958   0x00000014   Code   RO         1697    i.rt_put_rdy_first  RTX_CM4.lib(rt_list.o)
    0x0800b96c   0x00000034   Code   RO         1698    i.rt_resort_prio    RTX_CM4.lib(rt_list.o)
    0x0800b9a0   0x00000010   Code   RO         1945    i.rt_ret_regs       RTX_CM4.lib(hal_cm.o)
    0x0800b9b0   0x0000000c   Code   RO         1946    i.rt_ret_val        RTX_CM4.lib(hal_cm.o)
    0x0800b9bc   0x00000010   Code   RO         1947    i.rt_ret_val2       RTX_CM4.lib(hal_cm.o)
    0x0800b9cc   0x00000028   Code   RO         1699    i.rt_rmv_dly        RTX_CM4.lib(rt_list.o)
    0x0800b9f4   0x00000030   Code   RO         1700    i.rt_rmv_list       RTX_CM4.lib(rt_list.o)
    0x0800ba24   0x00000034   Code   RO         1818    i.rt_sem_psh        RTX_CM4.lib(rt_semaphore.o)
    0x0800ba58   0x00000024   Code   RO         1562    i.rt_stk_check      RTX_CM4.lib(rt_system.o)
    0x0800ba7c   0x00000028   Code   RO         1473    i.rt_switch_req     RTX_CM4.lib(rt_task.o)
    0x0800baa4   0x000000cc   Code   RO         1474    i.rt_sys_init       RTX_CM4.lib(rt_task.o)
    0x0800bb70   0x00000078   Code   RO         1475    i.rt_sys_start      RTX_CM4.lib(rt_task.o)
    0x0800bbe8   0x00000040   Code   RO         1564    i.rt_systick        RTX_CM4.lib(rt_system.o)
    0x0800bc28   0x00000012   Code   RO          870    i.rt_tid2ptcb       RTX_CM4.lib(rt_cmsis.o)
    0x0800bc3a   0x00000002   PAD
    0x0800bc3c   0x00000034   Code   RO          871    i.rt_timer_insert   RTX_CM4.lib(rt_cmsis.o)
    0x0800bc70   0x00000088   Code   RO         1476    i.rt_tsk_create     RTX_CM4.lib(rt_task.o)
    0x0800bcf8   0x0000017c   Code   RO         1477    i.rt_tsk_delete     RTX_CM4.lib(rt_task.o)
    0x0800be74   0x0000007c   Code   RO         1479    i.rt_tsk_prio       RTX_CM4.lib(rt_task.o)
    0x0800bef0   0x00000010   Code   RO         1480    i.rt_tsk_self       RTX_CM4.lib(rt_task.o)
    0x0800bf00   0x0000006e   Code   RO         2064    i.sqrt              m_wm.l(sqrt.o)
    0x0800bf6e   0x00000012   Code   RO          873    i.svcDelay          RTX_CM4.lib(rt_cmsis.o)
    0x0800bf80   0x00000070   Code   RO          874    i.svcKernelInitialize  RTX_CM4.lib(rt_cmsis.o)
    0x0800bff0   0x00000048   Code   RO          876    i.svcKernelStart    RTX_CM4.lib(rt_cmsis.o)
    0x0800c038   0x00000024   Code   RO          879    i.svcMessageCreate  RTX_CM4.lib(rt_cmsis.o)
    0x0800c05c   0x0000003a   Code   RO          880    i.svcMessageGet     RTX_CM4.lib(rt_cmsis.o)
    0x0800c096   0x00000002   PAD
    0x0800c098   0x0000006c   Code   RO          894    i.svcThreadCreate   RTX_CM4.lib(rt_cmsis.o)
    0x0800c104   0x0000001c   Code   RO          895    i.svcThreadGetId    RTX_CM4.lib(rt_cmsis.o)
    0x0800c120   0x00000038   Code   RO          898    i.svcThreadTerminate  RTX_CM4.lib(rt_cmsis.o)
    0x0800c158   0x00000018   Code   RO          900    i.svcTimerCall      RTX_CM4.lib(rt_cmsis.o)
    0x0800c170   0x0000005c   Code   RO          909    i.sysTimerTick      RTX_CM4.lib(rt_cmsis.o)
    0x0800c1cc   0x000000dc   Data   RO          190    .constdata          gpio.o
    0x0800c2a8   0x00000190   Data   RO          226    .constdata          threads.o
    0x0800c438   0x00000140   Data   RO          296    .constdata          accelerometer.o
    0x0800c578   0x00000068   Data   RO          357    .constdata          rtx_conf_cm.o
    0x0800c5e0   0x00000008   Data   RO          489    .constdata          stm32f4xx_hal_dma.o
    0x0800c5e8   0x00000010   Data   RO          610    .constdata          stm32f4xx_hal_rcc.o
    0x0800c5f8   0x00000010   Data   RO          788    .constdata          system_stm32f4xx.o
    0x0800c608   0x00000098   Data   RO         2031    .constdata          m_wm.l(atan.o)
    0x0800c6a0   0x00000088   Data   RO         2051    .constdata          m_wm.l(pow.o)
    0x0800c728   0x00000008   Data   RO         2373    .constdata          m_wm.l(qnan.o)
    0x0800c730   0x00000020   Data   RO         2425    Region$$Table       anon$$obj.o


    Execution Region RW_IRAM1 (Base: 0x20000000, Size: 0x00002280, Max: 0x00020000, ABSOLUTE)

    Base Addr    Size         Type   Attr      Idx    E Section Name        Object

    0x20000000   0x00000024   Data   RW            7    .data               main.o
    0x20000024   0x00000014   Data   RW          191    .data               gpio.o
    0x20000038   0x00000004   Data   RW          227    .data               threads.o
    0x2000003c   0x00000008   Data   RW          297    .data               accelerometer.o
    0x20000044   0x00000004   Data   RW          328    .data               lis3dsh.o
    0x20000048   0x00000010   Data   RW          358    .data               rtx_conf_cm.o
    0x20000058   0x00000004   Data   RW          387    .data               stm32f4xx_hal.o
    0x2000005c   0x00000004   Data   RW          789    .data               system_stm32f4xx.o
    0x20000060   0x00000008   Data   RW          912    .data               RTX_CM4.lib(rt_cmsis.o)
    0x20000068   0x00000004   Data   RW         1441    .data               RTX_CM4.lib(rt_time.o)
    0x2000006c   0x00000008   Data   RW         1482    .data               RTX_CM4.lib(rt_task.o)
    0x20000074   0x00000008   Data   RW         1567    .data               RTX_CM4.lib(rt_system.o)
    0x2000007c   0x00000001   Data   RW         1948    .data               RTX_CM4.lib(hal_cm.o)
    0x2000007d   0x00000003   PAD
    0x20000080   0x00000008   Data   RW         1996    .data               RTX_CM4.lib(rt_robin.o)
    0x20000088   0x00000004   Data   RW         2388    .data               mc_w.l(stdout.o)
    0x2000008c   0x00000004   Data   RW         2400    .data               mc_w.l(errno.o)
    0x20000090   0x00000198   Zero   RW            5    .bss                main.o
    0x20000228   0x000000c8   Zero   RW          189    .bss                gpio.o
    0x200002f0   0x00000014   Zero   RW          225    .bss                threads.o
    0x20000304   0x000000c8   Zero   RW          295    .bss                accelerometer.o
    0x200003cc   0x00000058   Zero   RW          327    .bss                lis3dsh.o
    0x20000424   0x00000004   PAD
    0x20000428   0x000019f0   Zero   RW          356    .bss                rtx_conf_cm.o
    0x20001e18   0x00000034   Zero   RW         1481    .bss                RTX_CM4.lib(rt_task.o)
    0x20001e4c   0x00000030   Zero   RW         1701    .bss                RTX_CM4.lib(rt_list.o)
    0x20001e7c   0x00000004   PAD
    0x20001e80   0x00000400   Zero   RW          777    STACK               startup_stm32f407xx.o

