<html>
<body>
<pre>
<h1>µVision Build Log</h1>
<h2>Tool Versions:</h2>
IDE-Version: µVision V5.22.0.0
Copyright (C) 2016 ARM Ltd and ARM Germany GmbH. All rights reserved.
License Information: Ian Boyd, McGill, LIC=----
 
Tool Versions:
Toolchain:       MDK-Lite  Version: 5.22
Toolchain Path:  C:\Keil_v5\ARM\ARMCC\Bin
C Compiler:      Armcc.exe V5.06 update 4 (build 422)
Assembler:       Armasm.exe V5.06 update 4 (build 422)
Linker/Locator:  ArmLink.exe V5.06 update 4 (build 422)
Library Manager: ArmAr.exe V5.06 update 4 (build 422)
Hex Converter:   FromElf.exe V5.06 update 4 (build 422)
CPU DLL:         SARMCM3.DLL V5.22
Dialog DLL:      DCM.DLL V1.13.9.0
Target DLL:      STLink\ST-LINKIII-KEIL_SWO.dll V2.0.18.0
Dialog DLL:      TCM.DLL V1.21.0.0
 
<h2>Project:</h2>
\\vmware-host\Shared Folders\Desktop\Lab1_STM32F4Cube_Base_project\Lab1_STM32F4Cube_Base_project\Base_Project.uvprojx
Project File Date:  01/31/2017

<h2>Output:</h2>
*** Using Compiler 'V5.06 update 4 (build 422)', folder: 'C:\Keil_v5\ARM\ARMCC\Bin'
Rebuild target 'Lab 1'
compiling main.c...
Sources\main.c(33): warning:  #550-D: variable "coeffs"  was set but never used
        FIR_coeff coeffs;
Sources\main.c: 1 warning, 0 errors
assembling Assembly.s...
Sources\Assembly.s(76): warning: A1313W: Missing END directive at end of file
compiling fput_debug.c...
C:\Keil_v5\ARM\PACK\Keil\STM32F4xx_DFP\2.11.0\Drivers\CMSIS\Device\ST\STM32F4xx\Include\stm32f407xx.h(70): warning:  #47-D: incompatible redefinition of macro "__FPU_PRESENT" 
  #define __FPU_PRESENT             1U       /*!< FPU present                                   */
Sources\fput_debug.c: 1 warning, 0 errors
assembling FIR_asm.s...
FIR_asm.s(8): warning: A1313W: Missing END directive at end of file
assembling Assembly-2.s...
Sources\Assembly-2.s(47): warning: A1313W: Missing END directive at end of file
assembling fpflr.s...
fpflr.s(94): warning: A1313W: Missing END directive at end of file
assembling Assembly-3.s...
Sources\Assembly-3.s(50): warning: A1313W: Missing END directive at end of file
assembling startup_stm32f407xx.s...
compiling system_stm32f4xx.c...
C:\Keil_v5\ARM\PACK\Keil\STM32F4xx_DFP\2.11.0\Drivers\CMSIS\Device\ST\STM32F4xx\Include\stm32f407xx.h(70): warning:  #47-D: incompatible redefinition of macro "__FPU_PRESENT" 
  #define __FPU_PRESENT             1U       /*!< FPU present                                   */
RTE\Device\STM32F407VGTx\system_stm32f4xx.c: 1 warning, 0 errors
linking...
Program Size: Code=10272 RO-data=660 RW-data=12 ZI-data=1884  
".\Objects\Base_Project.axf" - 0 Error(s), 8 Warning(s).

<h2>Software Packages used:</h2>

Package Vendor: ARM
                http://www.keil.com/pack/ARM.CMSIS.5.0.0.pack
                ARM::CMSIS:DSP:1.4.6
                CMSIS (Cortex Microcontroller Software Interface Standard)
   * Component: DSP Version: 1.4.6
   * Component: CORE Version: 5.0.0

Package Vendor: Keil
                http://www.keil.com/pack/Keil.STM32F4xx_DFP.2.11.0.pack
                Keil::Device:Startup:2.6.0
                STMicroelectronics STM32F4 Series Device Support, Drivers and Examples
   * Component: Startup Version: 2.6.0

<h2>Collection of Component include folders:</h2>
  \\vmware-host\Shared Folders\Desktop\Lab1_STM32F4Cube_Base_project\Lab1_STM32F4Cube_Base_project\RTE\_Lab_1
  C:\Keil_v5\ARM\PACK\ARM\CMSIS\5.0.0\CMSIS\Include
  C:\Keil_v5\ARM\PACK\Keil\STM32F4xx_DFP\2.11.0\Drivers\CMSIS\Device\ST\STM32F4xx\Include

<h2>Collection of Component Files used:</h2>

   * Component: ARM::CMSIS:DSP:1.4.6
      Library file:  CMSIS\Lib\ARM\arm_cortexM4lf_math.lib
      Include file:  CMSIS\Include\arm_math.h

   * Component: ARM::CMSIS:CORE:5.0.0

   * Component: Keil::Device:Startup:2.6.0
      Source file:   MDK\Device\Source\ARM\STM32F40xxx_41xxx_OPT.s
      Source file:   Drivers\CMSIS\Device\ST\STM32F4xx\Source\Templates\arm\startup_stm32f407xx.s
      Source file:   MDK\Device\Source\ARM\STM32F4xx_OTP.s
      Include file:  Drivers\CMSIS\Device\ST\STM32F4xx\Include\stm32f4xx.h
      Source file:   Drivers\CMSIS\Device\ST\STM32F4xx\Source\Templates\system_stm32f4xx.c
Build Time Elapsed:  00:00:04
</pre>
</body>
</html>
